******************************************************************************
                  TI ARM Linker Unix v18.1.3                   
******************************************************************************
>> Linked Fri Sep 14 10:23:20 2018

OUTPUT FILE NAME:   <ADC_DMA_Project.out>
ENTRY POINT SYMBOL: "_c_int00"  address: 00004311


MEMORY CONFIGURATION

         name            origin    length      used     unused   attr    fill
----------------------  --------  ---------  --------  --------  ----  --------
  FLASH                 00000000   00040000  00008058  00037fa8  R  X
  SRAM                  20000000   00008000  00005cca  00002336  RW X


SEGMENT ALLOCATION MAP

run origin  load origin   length   init length attrs members
----------  ----------- ---------- ----------- ----- -------
00000000    00000000    00008060   00008060    r-x
  00000000    00000000    0000003c   0000003c    r-- .resetVecs
  00000040    00000040    00005db2   00005db2    r-x .text
  00005df4    00005df4    0000202a   0000202a    r-- .const
  00007e20    00007e20    00000240   00000240    r-- .cinit
20000000    20000000    00000360   00000000    rw-
  20000000    20000000    00000360   00000000    rw- .vecs
20000400    20000400    00005970   00000000    rw-
  20000400    20000400    0000519c   00000000    rw- .bss
  2000559c    2000559c    000004ce   00000000    rw- .data
  20005a70    20005a70    00000300   00000000    rw- .stack


SECTION ALLOCATION MAP

 output                                  attributes/
section   page    origin      length       input sections
--------  ----  ----------  ----------   ----------------
.text      0    00000040    00005db2     
                  00000040    00000430     sysbios.aem4f : BIOS.obj (.text:ti_sysbios_family_arm_m3_Hwi_excDumpRegs__I)
                  00000470    0000034c     ti.targets.arm.rtsarm.aem4f : System.oem4f (.text:xdc_runtime_System_doPrint__I)
                  000007bc    00000004     driverlib.lib : adc.obj (.text:ADCIntClearEx)
                  000007c0    000002fc     sysbios.aem4f : BIOS.obj (.text:ti_sysbios_knl_Semaphore_pend__E)
                  00000abc    00000004     driverlib.lib : timer.obj (.text:TimerADCEventSet)
                  00000ac0    0000026c     sysbios.aem4f : BIOS.obj (.text:ti_sysbios_heaps_HeapMem_free__E)
                  00000d2c    00000004     rtsv7M4_T_le_v4SPD16_eabi.lib : exit.c.obj (.text:abort:abort)
                  00000d30    00000250     sysbios.aem4f : BIOS.obj (.text:ti_sysbios_heaps_HeapMem_alloc__E)
                  00000f80    000001fc                   : BIOS.obj (.text:ti_sysbios_family_arm_m3_Hwi_excHandlerMax__I)
                  0000117c    00000004     rtos_config_pem4f.oem4f (.text:ti_sysbios_BIOS_RtsGateProxy_enter__E)
                  00001180    000001f0     sysbios.aem4f : BIOS.obj (.text:ti_sysbios_knl_Task_sleep__E)
                  00001370    00000184     adc_dma_samples.obj (.text:adcSeq0_Hwi)
                  000014f4    00000004     rtos_config_pem4f.oem4f (.text:ti_sysbios_BIOS_RtsGateProxy_leave__E)
                  000014f8    00000174     sysbios.aem4f : BIOS.obj (.text:ti_sysbios_family_arm_m3_Hwi_excBusFault__I)
                  0000166c    00000004                   : BIOS.obj (.text:ti_sysbios_family_arm_lm4_Timer_masterEnable__I)
                  00001670    00000164                   : BIOS.obj (.text:ti_sysbios_family_arm_m3_Hwi_excUsageFault__I)
                  000017d4    00000150     drivers_tivaware.aem4f : GPIOTiva.oem4f (.text:GPIO_setConfig)
                  00001924    00000004     rtos_config_pem4f.oem4f (.text:ti_sysbios_family_arm_m3_TaskSupport_Module__startupDone__S)
                  00001928    00000148     sysbios.aem4f : BIOS.obj (.text:ti_sysbios_family_arm_m3_Hwi_excMemFault__I)
                  00001a70    0000013c                   : BIOS.obj (.text:ti_sysbios_heaps_HeapMem_Instance_init__E)
                  00001bac    00000138     adc_dma_samples.obj (.text:adc0Pong_Swi)
                  00001ce4    00000130     driverlib.lib : gpio.obj (.text:GPIOPadConfigSet)
                  00001e14    00000004     rtos_config_pem4f.oem4f (.text:ti_sysbios_heaps_HeapMem_Module_GateProxy_enter__E)
                  00001e18    00000120     sysbios.aem4f : BIOS.obj (.text:ti_sysbios_family_arm_lm4_Timer_start__E)
                  00001f38    00000118     ti.targets.arm.rtsarm.aem4f : Error.oem4f (.text:xdc_runtime_Error_policyDefault__E)
                  00002050    00000114     adc_dma_samples.obj (.text:adc0Ping_Swi)
                  00002164    0000010c     driverlib.lib : sysctl.obj (.text:SysCtlClockGet)
                  00002270    00000104     sysbios.aem4f : BIOS.obj (.text:ti_sysbios_knl_Event_post__E)
                  00002374    00000100     Boot.aem4f : Boot_sysctl.oem4f (.text:ti_catalog_arm_cortexm4_tiva_ce_Boot_sysCtlClockSetI__I)
                  00002474    00000100     ti.targets.arm.rtsarm.aem4f : Core-mem.oem4f (.text:xdc_runtime_Core_createObject__I)
                  00002574    00000004     rtos_config_pem4f.oem4f (.text:ti_sysbios_heaps_HeapMem_Module_GateProxy_leave__E)
                  00002578    000000fc     sysbios.aem4f : BIOS.obj (.text:ti_sysbios_knl_Semaphore_post__E)
                  00002674    000000f8     ti.targets.arm.rtsarm.aem4f : Startup.oem4f (.text:xdc_runtime_Startup_startMods__I)
                  0000276c    000000f8     rtos_config_pem4f.oem4f (.text:xdc_runtime_System_printfExtend__I)
                  00002864    000000f4     sysbios.aem4f : m3_Hwi_asm.obj (.text:ti_sysbios_family_arm_m3_Hwi_dispatch__I)
                  00002958    000000f0     driverlib.lib : sysctl.obj (.text:SysCtlClockSet)
                  00002a48    000000d4     adc_dma_samples.obj (.text:adcInit)
                  00002b1c    000000cc     ti.targets.arm.rtsarm.aem4f : Core-smem.oem4f (.text:xdc_runtime_Core_constructObject__I)
                  00002be8    000000bc     sysbios.aem4f : BIOS.obj (.text:ti_sysbios_family_arm_m3_Hwi_excDebugMon__I)
                  00002ca4    00000004     rtos_config_pem4f.oem4f (.text:ti_sysbios_knl_Clock_TimerProxy_getMaxTicks__E)
                  00002ca8    000000bc     sysbios.aem4f : BIOS.obj (.text:ti_sysbios_family_arm_m3_Hwi_excHardFault__I)
                  00002d64    00000004     rtos_config_pem4f.oem4f (.text:ti_sysbios_knl_Queue_destruct)
                  00002d68    000000b4     sysbios.aem4f : BIOS.obj (.text:ti_sysbios_gates_GateMutex_enter__E)
                  00002e1c    00000004     rtos_config_pem4f.oem4f (.text:ti_sysbios_knl_Semaphore_destruct)
                  00002e20    000000b4     sysbios.aem4f : BIOS.obj (.text:ti_sysbios_knl_Task_checkStacks__E)
                  00002ed4    00000004     ti.targets.arm.rtsarm.aem4f : Error.oem4f (.text:xdc_runtime_Error_getSite__E)
                  00002ed8    000000ac     sysbios.aem4f : BIOS.obj (.text:ti_sysbios_family_arm_lm4_Timer_enableTiva__I)
                  00002f84    00000004     rtos_config_pem4f.oem4f (.text:xdc_runtime_System_Module_GateProxy_enter__E)
                  00002f88    000000a8     sysbios.aem4f : BIOS.obj (.text:ti_sysbios_family_arm_lm4_Timer_enableTimers__I)
                  00003030    000000a0     auto_init.aem4f : auto_init.oem4f (.text)
                  000030d0    000000a0     ti.targets.arm.rtsarm.aem4f : Text.oem4f (.text:xdc_runtime_Text_putMod__E)
                  00003170    0000009c     rtsv7M4_T_le_v4SPD16_eabi.lib : memcpy_t2.asm.obj (.text)
                  0000320c    0000009a     ti.targets.arm.rtsarm.aem4f : Text.oem4f (.text:xdc_runtime_Text_putSite__E)
                  000032a6    00000002     rtsv7M4_T_le_v4SPD16_eabi.lib : _lock.c.obj (.text:_nop)
                  000032a8    00000098     Boot.aem4f : Boot.oem4f (.text:ti_catalog_arm_cortexm4_tiva_ce_Boot_sysCtlClockSet__E)
                  00003340    00000094     sysbios.aem4f : BIOS.obj (.text:ti_sysbios_family_arm_m3_Hwi_Instance_init__E)
                  000033d4    00000004     rtos_config_pem4f.oem4f (.text:xdc_runtime_System_Module_GateProxy_leave__E)
                  000033d8    00000094     sysbios.aem4f : BIOS.obj (.text:ti_sysbios_family_arm_m3_Hwi_initNVIC__E)
                  0000346c    00000004     ti.targets.arm.rtsarm.aem4f : System.oem4f (.text:xdc_runtime_System_aprintf_va__F)
                  00003470    00000094     sysbios.aem4f : BIOS.obj (.text:ti_sysbios_knl_Task_postInit__I)
                  00003504    00000090     adc_dma_samples.obj (.text:adcPinConfig)
                  00003594    0000008c     drivers_tivaware.aem4f : GPIOTiva.oem4f (.text:GPIO_init)
                  00003620    0000008c     sysbios.aem4f : m3_TaskSupport_asm.obj (.text:ti_sysbios_family_arm_m3_TaskSupport_buildTaskStack)
                  000036ac    00000004     ti.targets.arm.rtsarm.aem4f : System.oem4f (.text:xdc_runtime_System_printf_va__F)
                  000036b0    00000084     sysbios.aem4f : BIOS.obj (.text:ti_sysbios_family_arm_m3_Hwi_postInit__I)
                  00003734    00000084     driverlib.lib : udma.obj (.text:uDMAChannelTransferSet)
                  000037b8    00000080     adc_dma_samples.obj (.text:dmaInit)
                  00003838    0000007a     driverlib.lib : adc.obj (.text:ADCSequenceStepConfigure)
                  000038b2    0000007a     rtsv7M4_T_le_v4SPD16_eabi.lib : memset_t2.asm.obj (.text)
                  0000392c    00000002                                   : div0.asm.obj (.text)
                  0000392e    00000002     rtos_config_pem4f.oem4f (.text:ti_sysbios_BIOS_nullFunc__I)
                  00003930    00000070     sysbios.aem4f : BIOS.obj (.text:ti_sysbios_knl_Clock_workFunc__E)
                  000039a0    00000070                   : BIOS.obj (.text:ti_sysbios_knl_Semaphore_Instance_init__E)
                  00003a10    00000070                   : BIOS.obj (.text:ti_sysbios_knl_Task_exit__E)
                  00003a80    0000006d     ti.targets.arm.rtsarm.aem4f : System.oem4f (.text:xdc_runtime_System_formatNum__I)
                  00003aed    00000001     --HOLE-- [fill = 0]
                  00003aee    00000002     rtos_config_pem4f.oem4f (.text:xdc_runtime_Startup_reset__I)
                  00003af0    0000006c     sysbios.aem4f : BIOS.obj (.text:ti_sysbios_knl_Swi_restoreHwi__E)
                  00003b5c    0000006c     ti.targets.arm.rtsarm.aem4f : Error.oem4f (.text:xdc_runtime_Error_print__E)
                  00003bc8    0000006c                                 : Memory.oem4f (.text:xdc_runtime_Memory_alloc__E)
                  00003c34    00000068     driverlib.lib : interrupt.obj (.text:IntEnable)
                  00003c9c    00000068     rtsv7M4_T_le_v4SPD16_eabi.lib : copy_decompress_lzss.c.obj (.text:decompress:lzss:__TI_decompress_lzss)
                  00003d04    00000068     adc_dma_samples.obj (.text:timerAdcInit)
                  00003d6c    00000066     ti.targets.arm.rtsarm.aem4f : Core-mem.oem4f (.text:xdc_runtime_Core_deleteObject__I)
                  00003dd2    00000002     --HOLE-- [fill = 0]
                  00003dd4    00000064     drivers_tivaware.aem4f : GPIOTiva.oem4f (.text:GPIO_hwiIntFxn)
                  00003e38    00000064     sysbios.aem4f : BIOS.obj (.text:ti_sysbios_family_arm_lm4_Timer_Module_startup__E)
                  00003e9c    00000064     rtos_config_pem4f.oem4f (.text:ti_sysbios_family_arm_m3_Hwi_create)
                  00003f00    00000064     sysbios.aem4f : BIOS.obj (.text:ti_sysbios_family_arm_m3_Hwi_dispatchC__I)
                  00003f64    00000060     driverlib.lib : timer.obj (.text:TimerConfigure)
                  00003fc4    00000060     main_adc_dma.obj (.text:main)
                  00004024    00000004     --HOLE-- [fill = 0]
                  00004028    00000060     sysbios.aem4f : BIOS.obj (.text:ti_sysbios_knl_Task_schedule__I)
                  00004088    0000005c                   : BIOS.obj (.text:ti_sysbios_knl_Swi_run__I)
                  000040e4    00000004     --HOLE-- [fill = 0]
                  000040e8    0000005c                   : BIOS.obj (.text:ti_sysbios_knl_Swi_schedule__I)
                  00004144    00000004     --HOLE-- [fill = 0]
                  00004148    0000005c                   : BIOS.obj (.text:ti_sysbios_knl_Task_Module_startup__E)
                  000041a4    00000004     --HOLE-- [fill = 0]
                  000041a8    0000005c                   : BIOS.obj (.text:ti_sysbios_knl_Task_startCore__E)
                  00004204    0000005b     ti.targets.arm.rtsarm.aem4f : Text.oem4f (.text:xdc_runtime_Text_putLab__E)
                  0000425f    00000001     --HOLE-- [fill = 0]
                  00004260    00000058     rtsv7M4_T_le_v4SPD16_eabi.lib : hostwrite.c.obj (.text:HOSTwrite)
                  000042b8    00000058     driverlib.lib : timer.obj (.text:TimerControlTrigger)
                  00004310    00000058     boot.aem4f : boot.oem4f (.text)
                  00004368    00000058     sysbios.aem4f : m3_Hwi_asm_switch.obj (.text:ti_sysbios_family_arm_m3_Hwi_initStacks__E)
                  000043c0    00000056     driverlib.lib : gpio.obj (.text:GPIOIntTypeSet)
                  00004416    00000002     --HOLE-- [fill = 0]
                  00004418    00000054     ti.targets.arm.rtsarm.aem4f : Assert.oem4f (.text:xdc_runtime_Assert_raise__I)
                  0000446c    00000050     drivers_tivaware.aem4f : GPIOTiva.oem4f (.text:GPIO_setCallback)
                  000044bc    00000050                            : GPIOTiva.oem4f (.text:GPIO_toggle)
                  0000450c    00000050                            : GPIOTiva.oem4f (.text:GPIO_write)
                  0000455c    00000050     driverlib.lib : sysctl.obj (.text:SysCtlPeripheralReset)
                  000045ac    00000004     --HOLE-- [fill = 0]
                  000045b0    00000050     sysbios.aem4f : BIOS.obj (.text:ti_sysbios_family_arm_m3_Hwi_Module_startup__E)
                  00004600    00000050     ti.targets.arm.rtsarm.aem4f : Startup.oem4f (.text:xdc_runtime_Startup_exec__E)
                  00004650    00000050                                 : Text.oem4f (.text:xdc_runtime_Text_visitRope2__I)
                  000046a0    0000004c     rtsv7M4_T_le_v4SPD16_eabi.lib : cpy_tbl.c.obj (.text:copy_in)
                  000046ec    00000004     --HOLE-- [fill = 0]
                  000046f0    0000004c     sysbios.aem4f : BIOS.obj (.text:ti_sysbios_heaps_HeapMem_getStats__E)
                  0000473c    00000004     --HOLE-- [fill = 0]
                  00004740    0000004c                   : BIOS.obj (.text:ti_sysbios_knl_Swi_runLoop__I)
                  0000478c    00000004     --HOLE-- [fill = 0]
                  00004790    0000004c                   : BIOS.obj (.text:ti_sysbios_knl_Task_allBlockedFunction__I)
                  000047dc    00000048     adc_dma_samples.obj (.text:copyAin1)
                  00004824    00000004     --HOLE-- [fill = 0]
                  00004828    00000048     sysbios.aem4f : BIOS.obj (.text:ti_sysbios_family_arm_m3_Hwi_disableInterrupt__E)
                  00004870    00000048                   : BIOS.obj (.text:ti_sysbios_family_arm_m3_Hwi_enableInterrupt__E)
                  000048b8    00000048                   : BIOS.obj (.text:ti_sysbios_family_arm_m3_Hwi_excReserved__I)
                  00004900    00000048     driverlib.lib : udma.obj (.text:uDMAChannelAttributeDisable)
                  00004948    00000048                   : udma.obj (.text:uDMAChannelAttributeEnable)
                  00004990    00000046     ti.targets.arm.rtsarm.aem4f : Core-params.oem4f (.text:xdc_runtime_Core_assignParams__I)
                  000049d6    00000002     --HOLE-- [fill = 0]
                  000049d8    00000044     sysbios.aem4f : BIOS.obj (.text:ti_sysbios_family_arm_lm4_Timer_isrStub__E)
                  00004a1c    00000004     --HOLE-- [fill = 0]
                  00004a20    00000044                   : BIOS.obj (.text:ti_sysbios_family_arm_m3_Hwi_getStackInfo__E)
                  00004a64    00000004     --HOLE-- [fill = 0]
                  00004a68    00000044                   : BIOS.obj (.text:ti_sysbios_knl_Swi_post__E)
                  00004aac    00000044     ti.targets.arm.rtsarm.aem4f : Error.oem4f (.text:xdc_runtime_Error_setX__E)
                  00004af0    00000044                                 : SysMin.oem4f (.text:xdc_runtime_SysMin_flush__E)
                  00004b34    00000044                                 : Text.oem4f (.text:xdc_runtime_Text_xprintf__I)
                  00004b78    00000040     EK_TM4C123GXL.obj (.text:EK_TM4C123GXL_initGeneral)
                  00004bb8    00000040     rtsv7M4_T_le_v4SPD16_eabi.lib : u_divt2.asm.obj (.text)
                  00004bf8    00000040     sysbios.aem4f : BIOS.obj (.text:ti_sysbios_family_arm_lm4_Timer_startup__E)
                  00004c38    0000003e     driverlib.lib : adc.obj (.text:ADCSequenceConfigure)
                  00004c76    00000002     --HOLE-- [fill = 0]
                  00004c78    0000003c     sysbios.aem4f : BIOS.obj (.text:ti_sysbios_family_arm_m3_Hwi_excSvCall__I)
                  00004cb4    00000004     --HOLE-- [fill = 0]
                  00004cb8    0000003c                   : BIOS.obj (.text:ti_sysbios_heaps_HeapMem_init__I)
                  00004cf4    00000004     --HOLE-- [fill = 0]
                  00004cf8    0000003c                   : BIOS.obj (.text:ti_sysbios_knl_Swi_restore__E)
                  00004d34    00000038     driverlib.lib : sysctl.obj (.text:SysCtlPeripheralReady)
                  00004d6c    00000038     rtsv7M4_T_le_v4SPD16_eabi.lib : trgmsg.c.obj (.text:__TI_writemsg)
                  00004da4    00000004     --HOLE-- [fill = 0]
                  00004da8    00000038     sysbios.aem4f : BIOS.obj (.text:ti_sysbios_family_arm_m3_Hwi_excNoIsr__I)
                  00004de0    00000038                   : BIOS.obj (.text:ti_sysbios_knl_Task_processVitalTaskFlag__I)
                  00004e18    00000038     ti.targets.arm.rtsarm.aem4f : SysMin.oem4f (.text:xdc_runtime_SysMin_putch__E)
                  00004e50    00000038                                 : System.oem4f (.text:xdc_runtime_System_atexit__E)
                  00004e88    00000034     driverlib.lib : sysctl.obj (.text:SysCtlPeripheralEnable)
                  00004ebc    00000034     rtsv7M4_T_le_v4SPD16_eabi.lib : trgmsg.c.obj (.text:__TI_readmsg)
                  00004ef0    00000034     sysbios.aem4f : BIOS.obj (.text:ti_sysbios_family_arm_m3_Hwi_Instance_finalize__E)
                  00004f24    00000004     --HOLE-- [fill = 0]
                  00004f28    00000034                   : BIOS.obj (.text:ti_sysbios_family_arm_m3_Hwi_excNmi__I)
                  00004f5c    00000004     --HOLE-- [fill = 0]
                  00004f60    00000034                   : BIOS.obj (.text:ti_sysbios_hal_Hwi_checkStack)
                  00004f94    00000034     ti.targets.arm.rtsarm.aem4f : Core-label.oem4f (.text:xdc_runtime_Core_assignLabel__I)
                  00004fc8    00000033                                 : Text.oem4f (.text:xdc_runtime_Text_printVisFxn__I)
                  00004ffb    00000005     --HOLE-- [fill = 0]
                  00005000    00000032     sysbios.aem4f : BIOS.obj (.text:ti_sysbios_hal_Hwi_initStack)
                  00005032    00000002     --HOLE-- [fill = 0]
                  00005034    00000030     EK_TM4C123GXL.obj (.text:EK_TM4C123GXL_initGPIO)
                  00005064    00000030     rtos_config_pem4f.oem4f (.text:ti_sysbios_BIOS_atExitFunc__I)
                  00005094    00000004     --HOLE-- [fill = 0]
                  00005098    00000030     sysbios.aem4f : BIOS.obj (.text:ti_sysbios_family_arm_lm4_Timer_stop__E)
                  000050c8    00000030                   : BIOS.obj (.text:ti_sysbios_family_arm_m3_TaskSupport_start__E)
                  000050f8    00000030     rtos_config_pem4f.oem4f (.text:ti_sysbios_gates_GateHwi_Object__create__S)
                  00005128    00000030     rtos_config_pem4f.oem4f (.text:ti_sysbios_gates_GateMutex_Object__create__S)
                  00005158    00000030     rtos_config_pem4f.oem4f (.text:ti_sysbios_heaps_HeapMem_Object__create__S)
                  00005188    00000030     rtos_config_pem4f.oem4f (.text:ti_sysbios_knl_Semaphore_construct)
                  000051b8    00000030     sysbios.aem4f : BIOS.obj (.text:ti_sysbios_knl_Semaphore_pendTimeout__I)
                  000051e8    00000030                   : BIOS.obj (.text:ti_sysbios_knl_Task_unblockI__E)
                  00005218    00000030     ti.targets.arm.rtsarm.aem4f : SysMin.oem4f (.text:xdc_runtime_SysMin_abort__E)
                  00005248    00000030                                 : System.oem4f (.text:xdc_runtime_System_processAtExit__E)
                  00005278    0000002c     rtos_config_pem4f.oem4f (.text:ti_sysbios_knl_Clock_doTick__I)
                  000052a4    0000002c     rtos_config_pem4f.oem4f (.text:ti_sysbios_knl_Queue_construct)
                  000052d0    0000002c     sysbios.aem4f : BIOS.obj (.text:ti_sysbios_knl_Task_restore__E)
                  000052fc    0000002c     ti.targets.arm.rtsarm.aem4f : Text.oem4f (.text:xdc_runtime_Text_cordText__E)
                  00005328    0000002a     driverlib.lib : gpio.obj (.text:GPIODirModeSet)
                  00005352    0000002a     ti.targets.arm.rtsarm.aem4f : System.oem4f (.text:xdc_runtime_System_putchar__I)
                  0000537c    00000004     --HOLE-- [fill = 0]
                  00005380    00000028     sysbios.aem4f : BIOS.obj (.text:ti_sysbios_knl_Semaphore_Instance_finalize__E)
                  000053a8    00000028                   : BIOS.obj (.text:ti_sysbios_knl_Swi_Module_startup__E)
                  000053d0    00000028     driverlib.lib : udma.obj (.text:uDMAChannelModeGet)
                  000053f8    00000026     sysbios.aem4f : m3_Hwi_asm.obj (.text:ti_sysbios_family_arm_m3_Hwi_pendSV__I)
                  0000541e    00000026     ti.targets.arm.rtsarm.aem4f : System.oem4f (.text:xdc_runtime_System_avprintf__E)
                  00005444    00000024     rtos_config_pem4f.oem4f (.text:ti_sysbios_BIOS_errorRaiseHook__I)
                  00005468    00000024     rtos_config_pem4f.oem4f (.text:ti_sysbios_BIOS_registerRTSLock__I)
                  0000548c    00000024     rtos_config_pem4f.oem4f (.text:ti_sysbios_BIOS_removeRTSLock__I)
                  000054b0    00000024     rtos_config_pem4f.oem4f (.text:ti_sysbios_BIOS_startFunc__I)
                  000054d4    00000024     rtos_config_pem4f.oem4f (.text:ti_sysbios_gates_GateMutex_Object__delete__S)
                  000054f8    00000024     sysbios.aem4f : BIOS.obj (.text:ti_sysbios_knl_Clock_Module_startup__E)
                  0000551c    00000004     --HOLE-- [fill = 0]
                  00005520    00000024                   : BIOS.obj (.text:ti_sysbios_knl_Task_restoreHwi__E)
                  00005544    00000024     driverlib.lib : udma.obj (.text:uDMAChannelControlSet)
                  00005568    00000024     ti.targets.arm.rtsarm.aem4f : System.oem4f (.text:xdc_runtime_System_vprintf__E)
                  0000558c    00000004     --HOLE-- [fill = 0]
                  00005590    00000022     sysbios.aem4f : BIOS.obj (.text:ti_sysbios_family_arm_lm4_Timer_write__I)
                  000055b2    00000022     rtos_config_pem4f.oem4f (.text:xdc_runtime_SysMin_output__I)
                  000055d4    00000020     rtos_config_pem4f.oem4f (.text:ti_sysbios_BIOS_rtsLock__I)
                  000055f4    00000020     sysbios.aem4f : m3_Hwi_asm.obj (.text:ti_sysbios_family_arm_m3_Hwi_excHandlerAsm__I)
                  00005614    00000004     --HOLE-- [fill = 0]
                  00005618    00000020                   : BIOS.obj (.text:ti_sysbios_family_arm_m3_Hwi_excHandler__I)
                  00005638    00000020     rtos_config_pem4f.oem4f (.text:ti_sysbios_gates_GateHwi_Object__delete__S)
                  00005658    00000020     rtos_config_pem4f.oem4f (.text:ti_sysbios_heaps_HeapMem_Object__delete__S)
                  00005678    00000020     sysbios.aem4f : BIOS.obj (.text:ti_sysbios_knl_Idle_run__E)
                  00005698    00000020     rtos_config_pem4f.oem4f (.text:ti_sysbios_knl_Semaphore_Object__destruct__S)
                  000056b8    00000020     ti.targets.arm.rtsarm.aem4f : Registry.oem4f (.text:xdc_runtime_Registry_findById__E)
                  000056d8    00000020                                 : SysMin.oem4f (.text:xdc_runtime_SysMin_Module_startup__E)
                  000056f8    0000001e     sysbios.aem4f : m3_Hwi_asm_switch.obj (.text:ti_sysbios_family_xxx_Hwi_switchAndRunFunc)
                  00005716    0000001c     drivers_tivaware.aem4f : GPIOTiva.oem4f (.text:getGpioIntIndex)
                  00005732    00000006     driverlib.lib : gpio.obj (.text:GPIOIntClear)
                  00005738    0000001c     sysbios.aem4f : BIOS.obj (.text:ti_sysbios_gates_GateMutex_Instance_init__E)
                  00005754    0000001c     rtos_config_pem4f.oem4f (.text:ti_sysbios_knl_Queue_Object__destruct__S)
                  00005770    0000001c     sysbios.aem4f : BIOS.obj (.text:ti_sysbios_knl_Queue_put__E)
                  0000578c    00000004     --HOLE-- [fill = 0]
                  00005790    0000001c                   : BIOS.obj (.text:ti_sysbios_knl_Task_enter__I)
                  000057ac    0000001c     ti.targets.arm.rtsarm.aem4f : Error.oem4f (.text:xdc_runtime_Error_raiseX__E)
                  000057c8    0000001c                                 : Memory.oem4f (.text:xdc_runtime_Memory_valloc__E)
                  000057e4    0000001c                                 : SysMin.oem4f (.text:xdc_runtime_SysMin_exit__E)
                  00005800    0000001c                                 : System.oem4f (.text:xdc_runtime_System_abort__E)
                  0000581c    0000001a     rtos_config_pem4f.oem4f (.text:ti_sysbios_family_arm_m3_Hwi_Handle__label__S)
                  00005836    0000001a     rtos_config_pem4f.oem4f (.text:ti_sysbios_gates_GateHwi_Handle__label__S)
                  00005850    0000001a     rtos_config_pem4f.oem4f (.text:ti_sysbios_gates_GateMutex_Handle__label__S)
                  0000586a    0000001a     rtos_config_pem4f.oem4f (.text:ti_sysbios_heaps_HeapMem_Handle__label__S)
                  00005884    0000001a     rtos_config_pem4f.oem4f (.text:ti_sysbios_knl_Swi_Handle__label__S)
                  0000589e    0000001a     rtos_config_pem4f.oem4f (.text:ti_sysbios_knl_Task_Handle__label__S)
                  000058b8    0000001a     rtos_config_pem4f.oem4f (.text:xdc_runtime_System_aprintf__E)
                  000058d2    0000001a     rtos_config_pem4f.oem4f (.text:xdc_runtime_System_printf__E)
                  000058ec    00000018     driverlib.lib : adc.obj (.text:ADCClockConfigSet)
                  00005904    00000018     rtsv7M4_T_le_v4SPD16_eabi.lib : args_main.c.obj (.text:_args_main)
                  0000591c    00000018     rtos_config_pem4f.oem4f (.text:ti_sysbios_BIOS_rtsUnlock__I)
                  00005934    00000018     rtos_config_pem4f.oem4f (.text:ti_sysbios_family_arm_lm4_Timer_Module__startupDone__F)
                  0000594c    00000018     rtos_config_pem4f.oem4f (.text:ti_sysbios_family_arm_m3_Hwi_Module__startupDone__F)
                  00005964    00000018     sysbios.aem4f : m3_TaskSupport_asm.obj (.text:ti_sysbios_family_arm_m3_TaskSupport_swap__E)
                  0000597c    00000004     --HOLE-- [fill = 0]
                  00005980    00000018                   : BIOS.obj (.text:ti_sysbios_gates_GateMutex_leave__E)
                  00005998    00000018                   : BIOS.obj (.text:ti_sysbios_knl_Task_sleepTimeout__I)
                  000059b0    00000018     driverlib.lib : udma.obj (.text:uDMAChannelEnable)
                  000059c8    00000018     ti.targets.arm.rtsarm.aem4f : Error.oem4f (.text:xdc_runtime_Error_check__E)
                  000059e0    00000018                                 : System.oem4f (.text:xdc_runtime_System_exit__E)
                  000059f8    00000018                                 : Text.oem4f (.text:xdc_runtime_Text_ropeText__E)
                  00005a10    00000016     main_adc_dma.obj (.text:heartBeat_TASK)
                  00005a26    00000016     rtos_config_pem4f.oem4f (.text:ti_sysbios_BIOS_exitFunc__I)
                  00005a3c    00000014     adc_dma_samples.obj (.text:startSampling)
                  00005a50    00000014     rtsv7M4_T_le_v4SPD16_eabi.lib : strlen.c.obj (.text:strlen)
                  00005a64    00000014     rtos_config_pem4f.oem4f (.text:ti_sysbios_family_arm_m3_Hwi_Object__get__S)
                  00005a78    00000014     sysbios.aem4f : BIOS.obj (.text:ti_sysbios_family_arm_m3_Hwi_switchFromBootStack__E)
                  00005a8c    00000014     rtos_config_pem4f.oem4f (.text:ti_sysbios_heaps_HeapMem_Object__get__S)
                  00005aa0    00000014     rtos_config_pem4f.oem4f (.text:ti_sysbios_knl_Swi_Object__get__S)
                  00005ab4    00000012     driverlib.lib : adc.obj (.text:ADCHardwareOversampleConfigure)
                  00005ac6    00000012                   : gpio.obj (.text:GPIOPinTypeADC)
                  00005ad8    00000012                   : gpio.obj (.text:GPIOPinTypeGPIOInput)
                  00005aea    00000012                   : timer.obj (.text:TimerLoadSet)
                  00005afc    00000004     --HOLE-- [fill = 0]
                  00005b00    00000012     sysbios.aem4f : BIOS.obj (.text:ti_sysbios_hal_Hwi_Module_startup__E)
                  00005b12    00000006     driverlib.lib : gpio.obj (.text:GPIOPinRead)
                  00005b18    00000012     sysbios.aem4f : BIOS.obj (.text:ti_sysbios_knl_Event_sync__E)
                  00005b2a    00000012     rtos_config_pem4f.oem4f (.text:xdc_runtime_Startup_exec__I)
                  00005b3c    00000010     driverlib.lib : adc.obj (.text:ADCSequenceDMAEnable)
                  00005b4c    00000004     --HOLE-- [fill = 0]
                  00005b50    00000010     sysbios.aem4f : BIOS.obj (.text:ti_sysbios_BIOS_setThreadType__E)
                  00005b60    00000010                   : BIOS.obj (.text:ti_sysbios_BIOS_start__E)
                  00005b70    00000010                   : m3_TaskSupport_asm.obj (.text:ti_sysbios_family_arm_m3_TaskSupport_glue)
                  00005b80    00000010                   : BIOS.obj (.text:ti_sysbios_gates_GateMutex_Instance_finalize__E)
                  00005b90    00000010                   : BIOS.obj (.text:ti_sysbios_knl_Swi_disable__E)
                  00005ba0    00000010     rtos_config_pem4f.oem4f (.text:ti_sysbios_knl_Task_Object__get__S)
                  00005bb0    00000010     sysbios.aem4f : BIOS.obj (.text:ti_sysbios_knl_Task_disable__E)
                  00005bc0    00000010     driverlib.lib : udma.obj (.text:uDMAEnable)
                  00005bd0    00000010     ti.targets.arm.rtsarm.aem4f : Gate.oem4f (.text:xdc_runtime_Gate_leaveSystem__E)
                  00005be0    00000010                                 : Memory.oem4f (.text:xdc_runtime_Memory_free__E)
                  00005bf0    00000010                                 : SysMin.oem4f (.text:xdc_runtime_SysMin_ready__E)
                  00005c00    00000010                                 : System.oem4f (.text:xdc_runtime_System_vsnprintf__E)
                  00005c10    00000010     rtos_config_pem4f.oem4f (.text:xdc_runtime_Text_visitRope__I)
                  00005c20    0000000e     driverlib.lib : adc.obj (.text:ADCSequenceDisable)
                  00005c2e    0000000e                   : adc.obj (.text:ADCSequenceEnable)
                  00005c3c    0000000e                   : gpio.obj (.text:GPIOIntStatus)
                  00005c4a    0000000e                   : timer.obj (.text:TimerEnable)
                  00005c58    0000000e     rtsv7M4_T_le_v4SPD16_eabi.lib : copy_decompress_none.c.obj (.text:decompress:none:__TI_decompress_none)
                  00005c66    00000002     --HOLE-- [fill = 0]
                  00005c68    0000000e     sysbios.aem4f : BIOS.obj (.text:ti_sysbios_knl_Idle_loop__E)
                  00005c76    00000002     --HOLE-- [fill = 0]
                  00005c78    0000000e                   : BIOS.obj (.text:ti_sysbios_knl_Queue_empty__E)
                  00005c86    00000002     --HOLE-- [fill = 0]
                  00005c88    0000000c     rtos_config_pem4f.oem4f (.text:.bootCodeSection:ti_catalog_arm_cortexm4_tiva_ce_Boot_init__I)
                  00005c94    0000000c     driverlib.lib : adc.obj (.text:ADCReferenceSet)
                  00005ca0    0000000c     rtsv7M4_T_le_v4SPD16_eabi.lib : _lock.c.obj (.text:_register_lock)
                  00005cac    0000000c                                   : _lock.c.obj (.text:_register_unlock)
                  00005cb8    0000000c                                   : copy_zero_init.c.obj (.text:decompress:ZI:__TI_zero_init)
                  00005cc4    00000004     --HOLE-- [fill = 0]
                  00005cc8    0000000c     sysbios.aem4f : BIOS.obj (.text:ti_sysbios_family_arm_lm4_Timer_getMaxTicks__E)
                  00005cd4    0000000c     rtos_config_pem4f.oem4f (.text:ti_sysbios_family_arm_m3_Hwi_Params__init__S)
                  00005ce0    0000000c     sysbios.aem4f : BIOS.obj (.text:ti_sysbios_family_arm_m3_Hwi_disableFxn__E)
                  00005cec    00000004     --HOLE-- [fill = 0]
                  00005cf0    0000000c                   : BIOS.obj (.text:ti_sysbios_family_arm_m3_TaskSupport_checkStack__E)
                  00005cfc    00000004     --HOLE-- [fill = 0]
                  00005d00    0000000c                   : BIOS.obj (.text:ti_sysbios_gates_GateHwi_enter__E)
                  00005d0c    0000000c     rtos_config_pem4f.oem4f (.text:ti_sysbios_knl_Queue_Object__get__S)
                  00005d18    0000000c     driverlib.lib : udma.obj (.text:uDMAControlBaseSet)
                  00005d24    0000000c     ti.targets.arm.rtsarm.aem4f : Error.oem4f (.text:xdc_runtime_Error_init__E)
                  00005d30    0000000c                                 : Gate.oem4f (.text:xdc_runtime_Gate_enterSystem__E)
                  00005d3c    0000000c                                 : Memory.oem4f (.text:xdc_runtime_Memory_calloc__E)
                  00005d48    0000000c                                 : Memory.oem4f (.text:xdc_runtime_Memory_getMaxDefaultTypeAlign__E)
                  00005d54    0000000a     rtos_config_pem4f.oem4f (.text:xdc_runtime_IHeap_alloc)
                  00005d5e    0000000a     rtos_config_pem4f.oem4f (.text:xdc_runtime_IHeap_free)
                  00005d68    00000008     driverlib.lib : adc.obj (.text:ADCIntEnableEx)
                  00005d70    00000008     sysbios.aem4f : BIOS.obj (.text:ti_sysbios_family_arm_lm4_Timer_masterDisable__I)
                  00005d78    00000008                   : BIOS.obj (.text:ti_sysbios_family_arm_m3_Hwi_doSwiRestore__I)
                  00005d80    00000008                   : BIOS.obj (.text:ti_sysbios_family_arm_m3_Hwi_startup__E)
                  00005d88    00000006     driverlib.lib : gpio.obj (.text:GPIOPinWrite)
                  00005d8e    00000006                   : sysctl.obj (.text:SysCtlDelay)
                  00005d94    00000006     Boot.aem4f : Boot_sysctl.oem4f (.text:ti_catalog_arm_cortexm4_tiva_ce_Boot_sysCtlDelayI__I)
                  00005d9a    00000006     ti.targets.arm.rtsarm.aem4f : System.oem4f (.text:xdc_runtime_System_Module_startup__E)
                  00005da0    00000006     sysbios.aem4f : BIOS.obj (.text:ti_sysbios_family_arm_m3_Hwi_doTaskRestore__I)
                  00005da6    00000002     --HOLE-- [fill = 0]
                  00005da8    00000006                   : BIOS.obj (.text:ti_sysbios_family_arm_m3_Hwi_restoreFxn__E)
                  00005dae    00000002     --HOLE-- [fill = 0]
                  00005db0    00000006                   : BIOS.obj (.text:ti_sysbios_gates_GateHwi_leave__E)
                  00005db6    00000002     --HOLE-- [fill = 0]
                  00005db8    00000006                   : BIOS.obj (.text:ti_sysbios_heaps_HeapMem_isBlocking__E)
                  00005dbe    00000002     --HOLE-- [fill = 0]
                  00005dc0    00000006                   : BIOS.obj (.text:ti_sysbios_knl_Queue_Instance_init__E)
                  00005dc6    00000002     --HOLE-- [fill = 0]
                  00005dc8    00000006                   : BIOS.obj (.text:ti_sysbios_knl_Swi_startup__E)
                  00005dce    00000002     --HOLE-- [fill = 0]
                  00005dd0    00000004                   : BIOS.obj (.text:ti_sysbios_gates_GateHwi_query__E)
                  00005dd4    00000004     --HOLE-- [fill = 0]
                  00005dd8    00000004                   : BIOS.obj (.text:ti_sysbios_gates_GateMutex_query__E)
                  00005ddc    00000004     --HOLE-- [fill = 0]
                  00005de0    00000004                   : BIOS.obj (.text:ti_sysbios_knl_Task_startup__E)
                  00005de4    00000004     --HOLE-- [fill = 0]
                  00005de8    00000002                   : BIOS.obj (.text:ti_sysbios_gates_GateHwi_Instance_init__E)
                  00005dea    00000006     --HOLE-- [fill = 0]
                  00005df0    00000002                   : BIOS.obj (.text:ti_sysbios_knl_Clock_logTick__E)

.const     0    00005df4    0000202a     
                  00005df4    0000194f     rtos_config_pem4f.oem4f (.const:xdc_runtime_Text_charTab__A)
                  00007743    00000001     rtos_config_pem4f.oem4f (.const:xdc_runtime_Error_policy__C)
                  00007744    000000c0     rtos_config_pem4f.oem4f (.const:xdc_runtime_Text_nodeTab__A)
                  00007804    00000070     driverlib.lib : interrupt.obj (.const)
                  00007874    0000006c                   : sysctl.obj (.const:g_pui32Xtals)
                  000078e0    00000054     drivers_tivaware.aem4f : GPIOTiva.oem4f (.const:.string)
                  00007934    00000048     rtos_config_pem4f.oem4f (.const:.string)
                  0000797c    00000048     drivers_tivaware.aem4f : GPIOTiva.oem4f (.const:gpioBaseAddresses)
                  000079c4    00000030     rtos_config_pem4f.oem4f (.const:ti_sysbios_family_arm_m3_Hwi_Object__PARAMS__C)
                  000079f4    00000028     rtos_config_pem4f.oem4f (.const:ti_sysbios_heaps_HeapMem_Module__FXNS__C)
                  00007a1c    00000024     rtos_config_pem4f.oem4f (.const:ti_sysbios_gates_GateHwi_Module__FXNS__C)
                  00007a40    00000024     rtos_config_pem4f.oem4f (.const:ti_sysbios_gates_GateMutex_Module__FXNS__C)
                  00007a64    00000024     rtos_config_pem4f.oem4f (.const:ti_sysbios_heaps_HeapMem_Object__PARAMS__C)
                  00007a88    00000024     rtos_config_pem4f.oem4f (.const:ti_sysbios_knl_Semaphore_Object__PARAMS__C)
                  00007aac    00000020     rtos_config_pem4f.oem4f (.const:ti_sysbios_family_arm_m3_Hwi_Object__DESC__C)
                  00007acc    00000020     rtos_config_pem4f.oem4f (.const:ti_sysbios_gates_GateHwi_Object__DESC__C)
                  00007aec    00000020     rtos_config_pem4f.oem4f (.const:ti_sysbios_gates_GateMutex_Object__DESC__C)
                  00007b0c    00000020     rtos_config_pem4f.oem4f (.const:ti_sysbios_heaps_HeapMem_Object__DESC__C)
                  00007b2c    00000020     rtos_config_pem4f.oem4f (.const:ti_sysbios_knl_Queue_Object__DESC__C)
                  00007b4c    00000020     rtos_config_pem4f.oem4f (.const:ti_sysbios_knl_Semaphore_Object__DESC__C)
                  00007b6c    00000020     rtos_config_pem4f.oem4f (.const:xdc_runtime_Startup_sfxnTab__A)
                  00007b8c    00000018     rtos_config_pem4f.oem4f (.const:ti_sysbios_gates_GateHwi_Object__PARAMS__C)
                  00007ba4    00000018     rtos_config_pem4f.oem4f (.const:ti_sysbios_gates_GateMutex_Object__PARAMS__C)
                  00007bbc    00000018     rtos_config_pem4f.oem4f (.const:ti_sysbios_knl_Queue_Object__PARAMS__C)
                  00007bd4    00000014     EK_TM4C123GXL.obj (.const:GPIOTiva_config)
                  00007be8    00000014     rtos_config_pem4f.oem4f (.const)
                  00007bfc    00000014     rtos_config_pem4f.oem4f (.const:xdc_runtime_Startup_firstFxns__A)
                  00007c10    00000010     rtos_config_pem4f.oem4f (.const:xdc_runtime_Startup_sfxnRts__A)
                  00007c20    00000008     rtos_config_pem4f.oem4f (.const:ti_sysbios_family_arm_m3_Hwi_excHookFuncs__A)
                  00007c28    00000008     rtos_config_pem4f.oem4f (.const:ti_sysbios_knl_Idle_funcList__C)
                  00007c30    00000008     rtos_config_pem4f.oem4f (.const:xdc_runtime_Startup_firstFxns__C)
                  00007c38    00000008     rtos_config_pem4f.oem4f (.const:xdc_runtime_Startup_lastFxns__C)
                  00007c40    00000004     rtos_config_pem4f.oem4f (.const:ti_catalog_arm_cortexm4_tiva_ce_Boot_A_mustUseEnhancedClockMode__C)
                  00007c44    00000004     rtos_config_pem4f.oem4f (.const:ti_catalog_arm_cortexm4_tiva_ce_Boot_Module__diagsEnabled__C)
                  00007c48    00000004     rtos_config_pem4f.oem4f (.const:ti_catalog_arm_cortexm4_tiva_ce_Boot_Module__diagsIncluded__C)
                  00007c4c    00000004     rtos_config_pem4f.oem4f (.const:ti_catalog_arm_cortexm4_tiva_ce_Boot_Module__diagsMask__C)
                  00007c50    00000004     rtos_config_pem4f.oem4f (.const:ti_sysbios_family_arm_lm4_Timer_enableFunc__C)
                  00007c54    00000004     rtos_config_pem4f.oem4f (.const:ti_sysbios_family_arm_lm4_Timer_numTimerDevices__C)
                  00007c58    00000004     rtos_config_pem4f.oem4f (.const:ti_sysbios_family_arm_lm4_Timer_startupNeeded__C)
                  00007c5c    00000004     rtos_config_pem4f.oem4f (.const:ti_sysbios_family_arm_m3_Hwi_E_NMI__C)
                  00007c60    00000004     rtos_config_pem4f.oem4f (.const:ti_sysbios_family_arm_m3_Hwi_E_alreadyDefined__C)
                  00007c64    00000004     rtos_config_pem4f.oem4f (.const:ti_sysbios_family_arm_m3_Hwi_E_busFault__C)
                  00007c68    00000004     rtos_config_pem4f.oem4f (.const:ti_sysbios_family_arm_m3_Hwi_E_debugMon__C)
                  00007c6c    00000004     rtos_config_pem4f.oem4f (.const:ti_sysbios_family_arm_m3_Hwi_E_hardFault__C)
                  00007c70    00000004     rtos_config_pem4f.oem4f (.const:ti_sysbios_family_arm_m3_Hwi_E_memFault__C)
                  00007c74    00000004     rtos_config_pem4f.oem4f (.const:ti_sysbios_family_arm_m3_Hwi_E_noIsr__C)
                  00007c78    00000004     rtos_config_pem4f.oem4f (.const:ti_sysbios_family_arm_m3_Hwi_E_reserved__C)
                  00007c7c    00000004     rtos_config_pem4f.oem4f (.const:ti_sysbios_family_arm_m3_Hwi_E_svCall__C)
                  00007c80    00000004     rtos_config_pem4f.oem4f (.const:ti_sysbios_family_arm_m3_Hwi_E_usageFault__C)
                  00007c84    00000004     rtos_config_pem4f.oem4f (.const:ti_sysbios_family_arm_m3_Hwi_NUM_INTERRUPTS__C)
                  00007c88    00000004     rtos_config_pem4f.oem4f (.const:ti_sysbios_family_arm_m3_Hwi_Object__count__C)
                  00007c8c    00000004     rtos_config_pem4f.oem4f (.const:ti_sysbios_family_arm_m3_Hwi_ccr__C)
                  00007c90    00000004     rtos_config_pem4f.oem4f (.const:ti_sysbios_family_arm_m3_Hwi_excHandlerFunc__C)
                  00007c94    00000004     rtos_config_pem4f.oem4f (.const:ti_sysbios_family_arm_m3_Hwi_excHookFuncs__C)
                  00007c98    00000004     rtos_config_pem4f.oem4f (.const:ti_sysbios_family_arm_m3_Hwi_nullIsrFunc__C)
                  00007c9c    00000004     rtos_config_pem4f.oem4f (.const:ti_sysbios_family_arm_m3_Hwi_priGroup__C)
                  00007ca0    00000004     rtos_config_pem4f.oem4f (.const:ti_sysbios_gates_GateMutex_A_badContext__C)
                  00007ca4    00000004     rtos_config_pem4f.oem4f (.const:ti_sysbios_gates_GateMutex_Instance_State_sem__O)
                  00007ca8    00000004     rtos_config_pem4f.oem4f (.const:ti_sysbios_gates_GateMutex_Module__diagsEnabled__C)
                  00007cac    00000004     rtos_config_pem4f.oem4f (.const:ti_sysbios_gates_GateMutex_Module__diagsIncluded__C)
                  00007cb0    00000004     rtos_config_pem4f.oem4f (.const:ti_sysbios_gates_GateMutex_Module__diagsMask__C)
                  00007cb4    00000004     rtos_config_pem4f.oem4f (.const:ti_sysbios_hal_Hwi_E_stackOverflow__C)
                  00007cb8    00000004     rtos_config_pem4f.oem4f (.const:ti_sysbios_heaps_HeapMem_A_align__C)
                  00007cbc    00000004     rtos_config_pem4f.oem4f (.const:ti_sysbios_heaps_HeapMem_A_heapSize__C)
                  00007cc0    00000004     rtos_config_pem4f.oem4f (.const:ti_sysbios_heaps_HeapMem_A_invalidFree__C)
                  00007cc4    00000004     rtos_config_pem4f.oem4f (.const:ti_sysbios_heaps_HeapMem_A_zeroBlock__C)
                  00007cc8    00000004     rtos_config_pem4f.oem4f (.const:ti_sysbios_heaps_HeapMem_E_memory__C)
                  00007ccc    00000004     rtos_config_pem4f.oem4f (.const:ti_sysbios_heaps_HeapMem_Module__diagsEnabled__C)
                  00007cd0    00000004     rtos_config_pem4f.oem4f (.const:ti_sysbios_heaps_HeapMem_Module__diagsIncluded__C)
                  00007cd4    00000004     rtos_config_pem4f.oem4f (.const:ti_sysbios_heaps_HeapMem_Module__diagsMask__C)
                  00007cd8    00000004     rtos_config_pem4f.oem4f (.const:ti_sysbios_heaps_HeapMem_Module__gateObj__C)
                  00007cdc    00000004     rtos_config_pem4f.oem4f (.const:ti_sysbios_heaps_HeapMem_Object__count__C)
                  00007ce0    00000004     rtos_config_pem4f.oem4f (.const:ti_sysbios_heaps_HeapMem_reqAlign__C)
                  00007ce4    00000004     rtos_config_pem4f.oem4f (.const:ti_sysbios_knl_Clock_Module_State_clockQ__O)
                  00007ce8    00000004     rtos_config_pem4f.oem4f (.const:ti_sysbios_knl_Event_A_nullEventId__C)
                  00007cec    00000004     rtos_config_pem4f.oem4f (.const:ti_sysbios_knl_Event_Instance_State_pendQ__O)
                  00007cf0    00000004     rtos_config_pem4f.oem4f (.const:ti_sysbios_knl_Event_Module__diagsEnabled__C)
                  00007cf4    00000004     rtos_config_pem4f.oem4f (.const:ti_sysbios_knl_Event_Module__diagsIncluded__C)
                  00007cf8    00000004     rtos_config_pem4f.oem4f (.const:ti_sysbios_knl_Event_Module__diagsMask__C)
                  00007cfc    00000004     rtos_config_pem4f.oem4f (.const:ti_sysbios_knl_Idle_funcList__A)
                  00007d00    00000004     rtos_config_pem4f.oem4f (.const:ti_sysbios_knl_Semaphore_A_badContext__C)
                  00007d04    00000004     rtos_config_pem4f.oem4f (.const:ti_sysbios_knl_Semaphore_A_overflow__C)
                  00007d08    00000004     rtos_config_pem4f.oem4f (.const:ti_sysbios_knl_Semaphore_A_pendTaskDisabled__C)
                  00007d0c    00000004     rtos_config_pem4f.oem4f (.const:ti_sysbios_knl_Semaphore_Instance_State_pendQ__O)
                  00007d10    00000004     rtos_config_pem4f.oem4f (.const:ti_sysbios_knl_Semaphore_Module__diagsEnabled__C)
                  00007d14    00000004     rtos_config_pem4f.oem4f (.const:ti_sysbios_knl_Semaphore_Module__diagsIncluded__C)
                  00007d18    00000004     rtos_config_pem4f.oem4f (.const:ti_sysbios_knl_Semaphore_Module__diagsMask__C)
                  00007d1c    00000004     rtos_config_pem4f.oem4f (.const:ti_sysbios_knl_Semaphore_eventPost__C)
                  00007d20    00000004     rtos_config_pem4f.oem4f (.const:ti_sysbios_knl_Semaphore_eventSync__C)
                  00007d24    00000004     rtos_config_pem4f.oem4f (.const:ti_sysbios_knl_Swi_Object__count__C)
                  00007d28    00000004     rtos_config_pem4f.oem4f (.const:ti_sysbios_knl_Task_A_badTimeout__C)
                  00007d2c    00000004     rtos_config_pem4f.oem4f (.const:ti_sysbios_knl_Task_A_sleepTaskDisabled__C)
                  00007d30    00000004     rtos_config_pem4f.oem4f (.const:ti_sysbios_knl_Task_E_spOutOfBounds__C)
                  00007d34    00000004     rtos_config_pem4f.oem4f (.const:ti_sysbios_knl_Task_E_stackOverflow__C)
                  00007d38    00000004     rtos_config_pem4f.oem4f (.const:ti_sysbios_knl_Task_Module_State_inactiveQ__O)
                  00007d3c    00000004     rtos_config_pem4f.oem4f (.const:ti_sysbios_knl_Task_Module__diagsEnabled__C)
                  00007d40    00000004     rtos_config_pem4f.oem4f (.const:ti_sysbios_knl_Task_Module__diagsIncluded__C)
                  00007d44    00000004     rtos_config_pem4f.oem4f (.const:ti_sysbios_knl_Task_Module__diagsMask__C)
                  00007d48    00000004     rtos_config_pem4f.oem4f (.const:ti_sysbios_knl_Task_Object__count__C)
                  00007d4c    00000004     rtos_config_pem4f.oem4f (.const:ti_sysbios_knl_Task_allBlockedFunc__C)
                  00007d50    00000004     rtos_config_pem4f.oem4f (.const:ti_sysbios_knl_Task_numConstructedTasks__C)
                  00007d54    00000004     rtos_config_pem4f.oem4f (.const:xdc_runtime_Assert_E_assertFailed__C)
                  00007d58    00000004     rtos_config_pem4f.oem4f (.const:xdc_runtime_Core_A_initializedParams__C)
                  00007d5c    00000004     rtos_config_pem4f.oem4f (.const:xdc_runtime_Core_Module__diagsEnabled__C)
                  00007d60    00000004     rtos_config_pem4f.oem4f (.const:xdc_runtime_Core_Module__diagsIncluded__C)
                  00007d64    00000004     rtos_config_pem4f.oem4f (.const:xdc_runtime_Core_Module__diagsMask__C)
                  00007d68    00000004     rtos_config_pem4f.oem4f (.const:xdc_runtime_Error_E_memory__C)
                  00007d6c    00000004     rtos_config_pem4f.oem4f (.const:xdc_runtime_Error_Module__diagsEnabled__C)
                  00007d70    00000004     rtos_config_pem4f.oem4f (.const:xdc_runtime_Error_Module__diagsIncluded__C)
                  00007d74    00000004     rtos_config_pem4f.oem4f (.const:xdc_runtime_Error_Module__diagsMask__C)
                  00007d78    00000004     rtos_config_pem4f.oem4f (.const:xdc_runtime_Error_Module__loggerFxn8__C)
                  00007d7c    00000004     rtos_config_pem4f.oem4f (.const:xdc_runtime_Error_Module__loggerObj__C)
                  00007d80    00000004     rtos_config_pem4f.oem4f (.const:xdc_runtime_Error_policyFxn__C)
                  00007d84    00000004     rtos_config_pem4f.oem4f (.const:xdc_runtime_Error_raiseHook__C)
                  00007d88    00000004     rtos_config_pem4f.oem4f (.const:xdc_runtime_IGateProvider_Interface__BASE__C)
                  00007d8c    00000004     rtos_config_pem4f.oem4f (.const:xdc_runtime_IHeap_Interface__BASE__C)
                  00007d90    00000004     rtos_config_pem4f.oem4f (.const:xdc_runtime_IModule_Interface__BASE__C)
                  00007d94    00000004     rtos_config_pem4f.oem4f (.const:xdc_runtime_Log_L_error__C)
                  00007d98    00000004     rtos_config_pem4f.oem4f (.const:xdc_runtime_Log_L_info__C)
                  00007d9c    00000004     rtos_config_pem4f.oem4f (.const:xdc_runtime_Main_Module__diagsEnabled__C)
                  00007da0    00000004     rtos_config_pem4f.oem4f (.const:xdc_runtime_Main_Module__diagsIncluded__C)
                  00007da4    00000004     rtos_config_pem4f.oem4f (.const:xdc_runtime_Main_Module__diagsMask__C)
                  00007da8    00000004     rtos_config_pem4f.oem4f (.const:xdc_runtime_Main_Module__loggerFxn4__C)
                  00007dac    00000004     rtos_config_pem4f.oem4f (.const:xdc_runtime_Main_Module__loggerObj__C)
                  00007db0    00000004     rtos_config_pem4f.oem4f (.const:xdc_runtime_Memory_defaultHeapInstance__C)
                  00007db4    00000004     rtos_config_pem4f.oem4f (.const:xdc_runtime_Startup_execImpl__C)
                  00007db8    00000004     rtos_config_pem4f.oem4f (.const:xdc_runtime_Startup_maxPasses__C)
                  00007dbc    00000004     rtos_config_pem4f.oem4f (.const:xdc_runtime_Startup_sfxnRts__C)
                  00007dc0    00000004     rtos_config_pem4f.oem4f (.const:xdc_runtime_Startup_sfxnTab__C)
                  00007dc4    00000004     rtos_config_pem4f.oem4f (.const:xdc_runtime_SysMin_bufSize__C)
                  00007dc8    00000004     rtos_config_pem4f.oem4f (.const:xdc_runtime_SysMin_outputFunc__C)
                  00007dcc    00000004     rtos_config_pem4f.oem4f (.const:xdc_runtime_System_Module__gateObj__C)
                  00007dd0    00000004     rtos_config_pem4f.oem4f (.const:xdc_runtime_System_abortFxn__C)
                  00007dd4    00000004     rtos_config_pem4f.oem4f (.const:xdc_runtime_System_exitFxn__C)
                  00007dd8    00000004     rtos_config_pem4f.oem4f (.const:xdc_runtime_System_extendFxn__C)
                  00007ddc    00000004     rtos_config_pem4f.oem4f (.const:xdc_runtime_System_maxAtexitHandlers__C)
                  00007de0    00000004     rtos_config_pem4f.oem4f (.const:xdc_runtime_Text_charTab__C)
                  00007de4    00000004     rtos_config_pem4f.oem4f (.const:xdc_runtime_Text_nameEmpty__C)
                  00007de8    00000004     rtos_config_pem4f.oem4f (.const:xdc_runtime_Text_nameStatic__C)
                  00007dec    00000004     rtos_config_pem4f.oem4f (.const:xdc_runtime_Text_nameUnknown__C)
                  00007df0    00000004     rtos_config_pem4f.oem4f (.const:xdc_runtime_Text_nodeTab__C)
                  00007df4    00000004     rtos_config_pem4f.oem4f (.const:xdc_runtime_Text_visitRopeFxn__C)
                  00007df8    00000002     rtos_config_pem4f.oem4f (.const:ti_catalog_arm_cortexm4_tiva_ce_Boot_Module__id__C)
                  00007dfa    00000002     rtos_config_pem4f.oem4f (.const:ti_sysbios_family_arm_m3_Hwi_Module__id__C)
                  00007dfc    00000002     rtos_config_pem4f.oem4f (.const:ti_sysbios_gates_GateMutex_Module__id__C)
                  00007dfe    00000002     rtos_config_pem4f.oem4f (.const:ti_sysbios_hal_Hwi_Module__id__C)
                  00007e00    00000002     rtos_config_pem4f.oem4f (.const:ti_sysbios_heaps_HeapMem_Module__id__C)
                  00007e02    00000002     rtos_config_pem4f.oem4f (.const:ti_sysbios_knl_Event_Module__id__C)
                  00007e04    00000002     rtos_config_pem4f.oem4f (.const:ti_sysbios_knl_Semaphore_Module__id__C)
                  00007e06    00000002     rtos_config_pem4f.oem4f (.const:ti_sysbios_knl_Task_Module__id__C)
                  00007e08    00000002     rtos_config_pem4f.oem4f (.const:xdc_runtime_Core_Module__id__C)
                  00007e0a    00000002     rtos_config_pem4f.oem4f (.const:xdc_runtime_Error_Module__loggerDefined__C)
                  00007e0c    00000002     rtos_config_pem4f.oem4f (.const:xdc_runtime_Error_maxDepth__C)
                  00007e0e    00000002     rtos_config_pem4f.oem4f (.const:xdc_runtime_Main_Module__id__C)
                  00007e10    00000002     rtos_config_pem4f.oem4f (.const:xdc_runtime_Main_Module__loggerDefined__C)
                  00007e12    00000002     rtos_config_pem4f.oem4f (.const:xdc_runtime_Memory_Module__id__C)
                  00007e14    00000002     rtos_config_pem4f.oem4f (.const:xdc_runtime_SysMin_flushAtExit__C)
                  00007e16    00000002     rtos_config_pem4f.oem4f (.const:xdc_runtime_Text_charCnt__C)
                  00007e18    00000002     rtos_config_pem4f.oem4f (.const:xdc_runtime_Text_isLoaded__C)
                  00007e1a    00000002     rtos_config_pem4f.oem4f (.const:xdc_runtime_Text_registryModsLastId__C)
                  00007e1c    00000002     rtos_config_pem4f.oem4f (.const:xdc_runtime_Text_unnamedModsLastId__C)

.cinit     0    00007e20    00000240     
                  00007e20    00000209     (.cinit..data.load) [load image, compression = lzss]
                  00008029    00000003     --HOLE-- [fill = 0]
                  0000802c    0000000c     (__TI_handler_table)
                  00008038    00000008     (.cinit..bss.load) [load image, compression = zero_init]
                  00008040    00000008     (.cinit..vecs.load) [load image, compression = zero_init]
                  00008048    00000018     (__TI_cinit_table)

.init_array 
*          0    00000000    00000000     UNINITIALIZED

.resetVecs 
*          0    00000000    0000003c     
                  00000000    0000003c     rtos_config_pem4f.oem4f (.resetVecs)

.bss       0    20000400    0000519c     UNINITIALIZED
                  20000400    00002000     (.common:ADCchannel)
                  20002400    00001000     adc_dma_samples.obj (.bss:udmaCtrlTable)
                  20003400    00000800     adc_dma_samples.obj (.bss:g_uint16_adc0_ping)
                  20003c00    00000800     adc_dma_samples.obj (.bss:g_uint16_adc0_pong)
                  20004400    00000400     rtos_config_pem4f.oem4f (.bss:taskStackSection)
                  20004800    00000400     (.common:ain1)
                  20004c00    00000400     (.common:ti_sysbios_heaps_HeapMem_Instance_State_0_buf__A)
                  20005000    00000360     (.common:ti_sysbios_family_arm_m3_Hwi_dispatchTable)
                  20005360    00000120     rtsv7M4_T_le_v4SPD16_eabi.lib : trgmsg.c.obj (.bss:_CIOBUF_)
                  20005480    00000090     drivers_tivaware.aem4f : GPIOTiva.oem4f (.bss:gpioCallbackInfo)
                  20005510    00000080     (.common:xdc_runtime_SysMin_Module_State_0_outbuf__A)
                  20005590    00000008     (.common:parmbuf)
                  20005598    00000004     (.common:gpioInterruptVectors)

.data      0    2000559c    000004ce     UNINITIALIZED
                  2000559c    00000098     rtos_config_pem4f.oem4f (.data:ti_sysbios_knl_Task_Object__table__V)
                  20005634    00000090     rtos_config_pem4f.oem4f (.data:ti_sysbios_knl_Swi_Object__table__V)
                  200056c4    00000080     rtos_config_pem4f.oem4f (.data:ti_sysbios_knl_Swi_Module_State_0_readyQ__A)
                  20005744    00000080     rtos_config_pem4f.oem4f (.data:ti_sysbios_knl_Task_Module_State_0_readyQ__A)
                  200057c4    00000044     rtos_config_pem4f.oem4f (.data:ti_sysbios_knl_Task_Module__state__V)
                  20005808    00000040     rtos_config_pem4f.oem4f (.data:ti_sysbios_family_arm_lm4_Timer_Object__table__V)
                  20005848    00000038     rtos_config_pem4f.oem4f (.data:ti_sysbios_gates_GateMutex_Object__table__V)
                  20005880    00000034     rtos_config_pem4f.oem4f (.data:ti_sysbios_family_arm_m3_Hwi_Module__state__V)
                  200058b4    00000030     rtos_config_pem4f.oem4f (.data:ti_sysbios_family_arm_lm4_Timer_Module_State_0_device__A)
                  200058e4    00000030     rtos_config_pem4f.oem4f (.data:ti_sysbios_family_arm_m3_Hwi_Object__table__V)
                  20005914    0000002c     rtos_config_pem4f.oem4f (.data:ti_sysbios_knl_Clock_Module__state__V)
                  20005940    00000024     rtos_config_pem4f.oem4f (.data:ti_sysbios_BIOS_Module__state__V)
                  20005964    0000001c     rtos_config_pem4f.oem4f (.data:ti_sysbios_knl_Swi_Module__state__V)
                  20005980    00000018     rtos_config_pem4f.oem4f (.data:ti_sysbios_family_arm_lm4_Timer_Module_State_0_handles__A)
                  20005998    00000018     rtos_config_pem4f.oem4f (.data:ti_sysbios_heaps_HeapMem_Object__table__V)
                  200059b0    00000014     EK_TM4C123GXL.obj (.data:gpioPinConfigs)
                  200059c4    0000000c     rtos_config_pem4f.oem4f (.data:ti_sysbios_family_arm_lm4_Timer_Module__state__V)
                  200059d0    0000000c     rtos_config_pem4f.oem4f (.data:ti_sysbios_knl_Event_Object__table__V)
                  200059dc    0000000c     rtos_config_pem4f.oem4f (.data:xdc_runtime_SysMin_Module__state__V)
                  200059e8    00000008     rtsv7M4_T_le_v4SPD16_eabi.lib : _lock.c.obj (.data:$O1$$)
                  200059f0    00000008     EK_TM4C123GXL.obj (.data:gpioCallbackFunctions)
                  200059f8    00000008     rtos_config_pem4f.oem4f (.data:ti_sysbios_family_arm_m3_Hwi_Module__root__V)
                  20005a00    00000008     rtos_config_pem4f.oem4f (.data:ti_sysbios_gates_GateHwi_Module__root__V)
                  20005a08    00000008     rtos_config_pem4f.oem4f (.data:ti_sysbios_gates_GateMutex_Module__root__V)
                  20005a10    00000008     rtos_config_pem4f.oem4f (.data:ti_sysbios_heaps_HeapMem_Module__root__V)
                  20005a18    00000008     rtos_config_pem4f.oem4f (.data:ti_sysbios_knl_Queue_Module__root__V)
                  20005a20    00000008     rtos_config_pem4f.oem4f (.data:ti_sysbios_knl_Semaphore_Module__root__V)
                  20005a28    00000008     rtos_config_pem4f.oem4f (.data:xdc_runtime_Registry_Module__state__V)
                  20005a30    00000008     rtos_config_pem4f.oem4f (.data:xdc_runtime_Startup_Module__state__V)
                  20005a38    00000008     rtos_config_pem4f.oem4f (.data:xdc_runtime_System_Module_State_0_atexitHandlers__A)
                  20005a40    00000008     rtos_config_pem4f.oem4f (.data:xdc_runtime_System_Module__state__V)
                  20005a48    00000005     drivers_tivaware.aem4f : GPIOTiva.oem4f (.data)
                  20005a4d    00000001     adc_dma_samples.obj (.data)
                  20005a4e    00000002     rtos_config_pem4f.oem4f (.data:ti_sysbios_family_arm_m3_Hwi_Module_State_0_excActive__A)
                  20005a50    00000004     rtsv7M4_T_le_v4SPD16_eabi.lib : stkdepth_vars.c.obj (.data)
                  20005a54    00000004     rtos_config_pem4f.oem4f (.data:ti_sysbios_family_arm_m3_Hwi_Module_State_0_excContext__A)
                  20005a58    00000004     rtos_config_pem4f.oem4f (.data:ti_sysbios_family_arm_m3_Hwi_Module_State_0_excStack__A)
                  20005a5c    00000004     rtos_config_pem4f.oem4f (.data:ti_sysbios_gates_GateHwi_Object__table__V)
                  20005a60    00000004     rtos_config_pem4f.oem4f (.data:ti_sysbios_knl_Task_Module_State_0_idleTask__A)
                  20005a64    00000004     rtos_config_pem4f.oem4f (.data:xdc_runtime_Memory_Module__state__V)
                  20005a68    00000002     rtos_config_pem4f.oem4f (.data:xdc_runtime_Error_Module__state__V)

.stack     0    20005a70    00000300     UNINITIALIZED
                  20005a70    00000300     --HOLE--

.bootVecs 
*          0    00000000    00000008     DSECT
                  00000000    00000008     boot.aem4f : boot.oem4f (.bootVecs)

.vecs      0    20000000    00000360     UNINITIALIZED
                  20000000    00000360     rtos_config_pem4f.oem4f (.vecs)

xdc.meta   0    00000000    000000e2     COPY SECTION
                  00000000    000000e2     rtos_config_pem4f.oem4f (xdc.meta)

MODULE SUMMARY

       Module                       code    ro data   rw data
       ------                       ----    -------   -------
    ./
       main_adc_dma.obj             118     0         0      
    +--+----------------------------+-------+---------+---------+
       Total:                       118     0         0      
                                                             
    ./project_includes/
       adc_dma_samples.obj          1656    0         17409  
       EK_TM4C123GXL.obj            112     20        28     
    +--+----------------------------+-------+---------+---------+
       Total:                       1768    20        17437  
                                                             
    /Users/Julio/ECP108/ADC_DMA_Project/Debug/configPkg/package/cfg/
       rtos_config_pem4f.oem4f      1558    7898      5088   
    +--+----------------------------+-------+---------+---------+
       Total:                       1558    7898      5088   
                                                             
    /Applications/ti/ccsv8/tools/compiler/ti-cgt-arm_18.1.3.LTS/lib/rtsv7M4_T_le_v4SPD16_eabi.lib
       trgmsg.c.obj                 108     0         288    
       memcpy_t2.asm.obj            156     0         0      
       memset_t2.asm.obj            122     0         0      
       copy_decompress_lzss.c.obj   104     0         0      
       hostwrite.c.obj              88      0         0      
       cpy_tbl.c.obj                76      0         0      
       u_divt2.asm.obj              64      0         0      
       _lock.c.obj                  26      0         8      
       args_main.c.obj              24      0         0      
       strlen.c.obj                 20      0         0      
       copy_decompress_none.c.obj   14      0         0      
       copy_zero_init.c.obj         12      0         0      
       hostopen.c.obj               0       0         8      
       exit.c.obj                   4       0         0      
       stkdepth_vars.c.obj          0       0         4      
       div0.asm.obj                 2       0         0      
    +--+----------------------------+-------+---------+---------+
       Total:                       820     0         308    
                                                             
    /Users/Julio/ECP108/ADC_DMA_Project/src/sysbios/sysbios.aem4f
       BIOS.obj                     11184   0         0      
       m3_Hwi_asm.obj               314     0         0      
       m3_TaskSupport_asm.obj       180     0         0      
       m3_Hwi_asm_switch.obj        118     0         0      
    +--+----------------------------+-------+---------+---------+
       Total:                       11796   0         0      
                                                             
    /Users/Julio/ti/tirtos_tivac_2_16_00_08/products/TivaWare_C_Series-2.1.1.71b/driverlib/ccs/Debug/driverlib.lib
       sysctl.obj                   702     108       0      
       gpio.obj                     500     0         0      
       udma.obj                     404     0         0      
       adc.obj                      294     0         0      
       timer.obj                    220     0         0      
       interrupt.obj                104     112       0      
    +--+----------------------------+-------+---------+---------+
       Total:                       2224    220       0      
                                                             
    /Users/Julio/ti/tirtos_tivac_2_16_00_08/products/bios_6_45_01_29/packages/ti/catalog/arm/cortexm4/tiva/ce/lib/Boot.aem4f
       Boot_sysctl.oem4f            262     0         0      
       Boot.oem4f                   152     0         0      
    +--+----------------------------+-------+---------+---------+
       Total:                       414     0         0      
                                                             
    /Users/Julio/ti/tirtos_tivac_2_16_00_08/products/bios_6_45_01_29/packages/ti/targets/arm/rtsarm/lib/auto_init.aem4f
       auto_init.oem4f              160     0         0      
    +--+----------------------------+-------+---------+---------+
       Total:                       160     0         0      
                                                             
    /Users/Julio/ti/tirtos_tivac_2_16_00_08/products/bios_6_45_01_29/packages/ti/targets/arm/rtsarm/lib/boot.aem4f
       boot.oem4f                   88      0         0      
    +--+----------------------------+-------+---------+---------+
       Total:                       88      0         0      
                                                             
    /Users/Julio/ti/tirtos_tivac_2_16_00_08/products/bios_6_45_01_29/packages/ti/targets/arm/rtsarm/lib/ti.targets.arm.rtsarm.aem4f
       System.oem4f                 1255    0         0      
       Text.oem4f                   672     0         0      
       Error.oem4f                  524     0         0      
       Core-mem.oem4f               358     0         0      
       Startup.oem4f                328     0         0      
       SysMin.oem4f                 248     0         0      
       Core-smem.oem4f              204     0         0      
       Memory.oem4f                 176     0         0      
       Assert.oem4f                 84      0         0      
       Core-params.oem4f            70      0         0      
       Core-label.oem4f             52      0         0      
       Registry.oem4f               32      0         0      
       Gate.oem4f                   28      0         0      
    +--+----------------------------+-------+---------+---------+
       Total:                       4031    0         0      
                                                             
    /Users/Julio/ti/tirtos_tivac_2_16_00_08/products/tidrivers_tivac_2_16_00_08/packages/ti/drivers/lib/drivers_tivaware.aem4f
       GPIOTiva.oem4f               844     156       153    
    +--+----------------------------+-------+---------+---------+
       Total:                       844     156       153    
                                                             
       Stack:                       0       0         768    
       Linker Generated:            0       573       0      
    +--+----------------------------+-------+---------+---------+
       Grand Total:                 23821   8867      23754  


LINKER GENERATED COPY TABLES

__TI_cinit_table @ 00008048 records: 3, size/record: 8, table size: 24
	.data: load addr=00007e20, load size=00000209 bytes, run addr=2000559c, run size=000004ce bytes, compression=lzss
	.bss: load addr=00008038, load size=00000008 bytes, run addr=20000400, run size=0000519c bytes, compression=zero_init
	.vecs: load addr=00008040, load size=00000008 bytes, run addr=20000000, run size=00000360 bytes, compression=zero_init


LINKER GENERATED HANDLER TABLE

__TI_handler_table @ 0000802c records: 3, size/record: 4, table size: 12
	index: 0, handler: __TI_decompress_lzss
	index: 1, handler: __TI_decompress_none
	index: 2, handler: __TI_zero_init


GLOBAL SYMBOLS: SORTED ALPHABETICALLY BY Name 

address   name                                                              
-------   ----                                                              
000058ed  ADCClockConfigSet                                                 
00005ab5  ADCHardwareOversampleConfigure                                    
000007bd  ADCIntClearEx                                                     
00005d69  ADCIntEnableEx                                                    
00005c95  ADCReferenceSet                                                   
00004c39  ADCSequenceConfigure                                              
00005b3d  ADCSequenceDMAEnable                                              
00005c21  ADCSequenceDisable                                                
00005c2f  ADCSequenceEnable                                                 
00003839  ADCSequenceStepConfigure                                          
20000400  ADCchannel                                                        
00000d2d  C$$EXIT                                                           
00004d9b  C$$IO$$                                                           
00005035  EK_TM4C123GXL_initGPIO                                            
00004b79  EK_TM4C123GXL_initGeneral                                         
00005329  GPIODirModeSet                                                    
00005733  GPIOIntClear                                                      
00005c3d  GPIOIntStatus                                                     
000043c1  GPIOIntTypeSet                                                    
00001ce5  GPIOPadConfigSet                                                  
00005b13  GPIOPinRead                                                       
00005ac7  GPIOPinTypeADC                                                    
00005ad9  GPIOPinTypeGPIOInput                                              
00005d89  GPIOPinWrite                                                      
00007bd4  GPIOTiva_config                                                   
00003dd5  GPIO_hwiIntFxn                                                    
00003595  GPIO_init                                                         
0000446d  GPIO_setCallback                                                  
000017d5  GPIO_setConfig                                                    
000044bd  GPIO_toggle                                                       
0000450d  GPIO_write                                                        
00004261  HOSTwrite                                                         
00003c35  IntEnable                                                         
UNDEFED   SHT$$INIT_ARRAY$$Base                                             
UNDEFED   SHT$$INIT_ARRAY$$Limit                                            
00002165  SysCtlClockGet                                                    
00002959  SysCtlClockSet                                                    
00005d8f  SysCtlDelay                                                       
00004e89  SysCtlPeripheralEnable                                            
00004d35  SysCtlPeripheralReady                                             
0000455d  SysCtlPeripheralReset                                             
00000abd  TimerADCEventSet                                                  
00003f65  TimerConfigure                                                    
000042b9  TimerControlTrigger                                               
00005c4b  TimerEnable                                                       
00005aeb  TimerLoadSet                                                      
00000000  __ASM__                                                           
20005360  __CIOBUF_                                                         
00000060  __ISA__                                                           
00000073  __PLAT__                                                          
20005d70  __STACK_END                                                       
00000300  __STACK_SIZE                                                      
00000094  __TARG__                                                          
00008048  __TI_CINIT_Base                                                   
00008060  __TI_CINIT_Limit                                                  
0000802c  __TI_Handler_Table_Base                                           
00008038  __TI_Handler_Table_Limit                                          
00003031  __TI_auto_init                                                    
00003c9d  __TI_decompress_lzss                                              
00005c59  __TI_decompress_none                                              
ffffffff  __TI_pprof_out_hndl                                               
ffffffff  __TI_prof_data_size                                               
ffffffff  __TI_prof_data_start                                              
00004ebd  __TI_readmsg                                                      
00007e20  __TI_static_base__                                                
00004d6d  __TI_writemsg                                                     
00005cb9  __TI_zero_init                                                    
000000ba  __TRDR__                                                          
0000392d  __aeabi_idiv0                                                     
0000392d  __aeabi_ldiv0                                                     
000038b3  __aeabi_memclr                                                    
000038b3  __aeabi_memclr4                                                   
000038b3  __aeabi_memclr8                                                   
00003171  __aeabi_memcpy                                                    
00003171  __aeabi_memcpy4                                                   
00003171  __aeabi_memcpy8                                                   
000038b5  __aeabi_memset                                                    
000038b5  __aeabi_memset4                                                   
000038b5  __aeabi_memset8                                                   
00004bb9  __aeabi_uidiv                                                     
00004bb9  __aeabi_uidivmod                                                  
ffffffff  __binit__                                                         
ffffffff  __c_args__                                                        
20005a70  __stack                                                           
00005905  _args_main                                                        
00004311  _c_int00                                                          
200059e8  _lock                                                             
000032a7  _nop                                                              
00005ca1  _register_lock                                                    
00005cad  _register_unlock                                                  
200059ec  _unlock                                                           
00000d2d  abort                                                             
00002051  adc0Ping_Swi                                                      
00007bf4  adc0Ping_Swi_Handle                                               
00001bad  adc0Pong_Swi                                                      
00007bf8  adc0Pong_Swi_Handle                                               
00001371  adcSeq0_Hwi                                                       
00007bec  adcSeq0_Hwi_Handle                                                
20004800  ain1                                                              
ffffffff  binit                                                             
000047dd  copyAin1                                                          
000046a1  copy_in                                                           
00007bf0  e_adcData_Ready                                                   
200059f0  gpioCallbackFunctions                                             
200059b0  gpioPinConfigs                                                    
00005a11  heartBeat_TASK                                                    
00007be8  heartBeat_TASK_Handle                                             
00003fc5  main                                                              
20005a50  main_func_sp                                                      
00003171  memcpy                                                            
000038bb  memset                                                            
00005bb1  osi_TaskDisable                                                   
00005b61  osi_start                                                         
20005590  parmbuf                                                           
00005a3d  startSampling                                                     
00005a51  strlen                                                            
00007c40  ti_catalog_arm_cortexm4_tiva_ce_Boot_A_mustUseEnhancedClockMode__C
00007c44  ti_catalog_arm_cortexm4_tiva_ce_Boot_Module__diagsEnabled__C      
00007c48  ti_catalog_arm_cortexm4_tiva_ce_Boot_Module__diagsIncluded__C     
00007c4c  ti_catalog_arm_cortexm4_tiva_ce_Boot_Module__diagsMask__C         
00007df8  ti_catalog_arm_cortexm4_tiva_ce_Boot_Module__id__C                
[...]
00005d19  uDMAControlBaseSet                                                
00005d25  xdc_runtime_Error_init__E                                         
00005d31  xdc_runtime_Gate_enterSystem__E                                   
00005d3d  xdc_runtime_Memory_calloc__E                                      
00005d49  xdc_runtime_Memory_getMaxDefaultTypeAlign__E                      
00005d55  xdc_runtime_Memory_HeapProxy_alloc__E                             
00005d5f  xdc_runtime_Memory_HeapProxy_free__E                              
00005d69  ADCIntEnableEx                                                    
00005d71  ti_sysbios_family_arm_lm4_Timer_masterDisable__I                  
00005d79  ti_sysbios_family_arm_m3_Hwi_doSwiRestore__I                      
00005d81  ti_sysbios_family_arm_m3_Hwi_startup__E                           
00005d81  ti_sysbios_hal_Hwi_HwiProxy_startup__E                            
00005d81  ti_sysbios_hal_Hwi_startup__E                                     
00005d89  GPIOPinWrite                                                      
00005d8f  SysCtlDelay                                                       
00005d95  ti_catalog_arm_cortexm4_tiva_ce_Boot_sysCtlDelayI__I              
00005d9b  xdc_runtime_System_Module_startup__E                              
00005da1  ti_sysbios_family_arm_m3_Hwi_doTaskRestore__I                     
00005da9  ti_sysbios_family_arm_m3_Hwi_restoreFxn__E                        
00005da9  ti_sysbios_hal_Hwi_HwiProxy_restore__E                            
00005db1  ti_sysbios_gates_GateHwi_leave__E                                 
00005db9  ti_sysbios_heaps_HeapMem_isBlocking__E                            
00005dc1  ti_sysbios_knl_Queue_Instance_init__E                             
00005dc9  ti_sysbios_knl_Swi_startup__E                                     
00005dd1  ti_sysbios_gates_GateHwi_query__E                                 
00005dd1  xdc_runtime_Main_Module_GateProxy_query__E                        
00005dd1  xdc_runtime_System_Module_GateProxy_query__E                      
00005dd9  ti_sysbios_BIOS_RtsGateProxy_query__E                             
00005dd9  ti_sysbios_gates_GateMutex_query__E                               
00005dd9  ti_sysbios_heaps_HeapMem_Module_GateProxy_query__E                
00005de1  ti_sysbios_knl_Task_startup__E                                    
00005de9  ti_sysbios_gates_GateHwi_Instance_init__E                         
00005df1  ti_sysbios_knl_Clock_logTick__E                                   
00005df4  xdc_runtime_Text_charTab__A                                       
00007743  xdc_runtime_Error_policy__C                                       
00007744  xdc_runtime_Text_nodeTab__A                                       
000079c4  ti_sysbios_family_arm_m3_Hwi_Object__PARAMS__C                    
000079f4  ti_sysbios_heaps_HeapMem_Module__FXNS__C                          
00007a1c  ti_sysbios_gates_GateHwi_Module__FXNS__C                          
00007a40  ti_sysbios_gates_GateMutex_Module__FXNS__C                        
00007a64  ti_sysbios_heaps_HeapMem_Object__PARAMS__C                        
00007a88  ti_sysbios_knl_Semaphore_Object__PARAMS__C                        
00007aac  ti_sysbios_family_arm_m3_Hwi_Object__DESC__C                      
00007acc  ti_sysbios_gates_GateHwi_Object__DESC__C                          
00007aec  ti_sysbios_gates_GateMutex_Object__DESC__C                        
00007b0c  ti_sysbios_heaps_HeapMem_Object__DESC__C                          
00007b2c  ti_sysbios_knl_Queue_Object__DESC__C                              
00007b4c  ti_sysbios_knl_Semaphore_Object__DESC__C                          
00007b6c  xdc_runtime_Startup_sfxnTab__A                                    
00007b8c  ti_sysbios_gates_GateHwi_Object__PARAMS__C                        
00007ba4  ti_sysbios_gates_GateMutex_Object__PARAMS__C                      
00007bbc  ti_sysbios_knl_Queue_Object__PARAMS__C                            
00007bd4  GPIOTiva_config                                                   
00007be8  heartBeat_TASK_Handle                                             
00007bec  adcSeq0_Hwi_Handle                                                
00007bf0  e_adcData_Ready                                                   
00007bf4  adc0Ping_Swi_Handle                                               
00007bf8  adc0Pong_Swi_Handle                                               
00007bfc  xdc_runtime_Startup_firstFxns__A                                  
00007c10  xdc_runtime_Startup_sfxnRts__A                                    
00007c20  ti_sysbios_family_arm_m3_Hwi_excHookFuncs__A                      
00007c28  ti_sysbios_knl_Idle_funcList__C                                   
00007c30  xdc_runtime_Startup_firstFxns__C                                  
00007c38  xdc_runtime_Startup_lastFxns__C                                   
00007c40  ti_catalog_arm_cortexm4_tiva_ce_Boot_A_mustUseEnhancedClockMode__C
00007c44  ti_catalog_arm_cortexm4_tiva_ce_Boot_Module__diagsEnabled__C      
00007c48  ti_catalog_arm_cortexm4_tiva_ce_Boot_Module__diagsIncluded__C     
00007c4c  ti_catalog_arm_cortexm4_tiva_ce_Boot_Module__diagsMask__C         
00007c50  ti_sysbios_family_arm_lm4_Timer_enableFunc__C                     
00007c54  ti_sysbios_family_arm_lm4_Timer_numTimerDevices__C                
00007c58  ti_sysbios_family_arm_lm4_Timer_startupNeeded__C                  
00007c5c  ti_sysbios_family_arm_m3_Hwi_E_NMI__C                             
00007c60  ti_sysbios_family_arm_m3_Hwi_E_alreadyDefined__C                  
00007c64  ti_sysbios_family_arm_m3_Hwi_E_busFault__C                        
00007c68  ti_sysbios_family_arm_m3_Hwi_E_debugMon__C                        
00007c6c  ti_sysbios_family_arm_m3_Hwi_E_hardFault__C                       
00007c70  ti_sysbios_family_arm_m3_Hwi_E_memFault__C                        
00007c74  ti_sysbios_family_arm_m3_Hwi_E_noIsr__C                           
00007c78  ti_sysbios_family_arm_m3_Hwi_E_reserved__C                        
00007c7c  ti_sysbios_family_arm_m3_Hwi_E_svCall__C                          
00007c80  ti_sysbios_family_arm_m3_Hwi_E_usageFault__C                      
00007c84  ti_sysbios_family_arm_m3_Hwi_NUM_INTERRUPTS__C                    
00007c88  ti_sysbios_family_arm_m3_Hwi_Object__count__C                     
00007c8c  ti_sysbios_family_arm_m3_Hwi_ccr__C                               
00007c90  ti_sysbios_family_arm_m3_Hwi_excHandlerFunc__C                    
00007c94  ti_sysbios_family_arm_m3_Hwi_excHookFuncs__C                      
00007c98  ti_sysbios_family_arm_m3_Hwi_nullIsrFunc__C                       
00007c9c  ti_sysbios_family_arm_m3_Hwi_priGroup__C                          
00007ca0  ti_sysbios_gates_GateMutex_A_badContext__C                        
00007ca4  ti_sysbios_gates_GateMutex_Instance_State_sem__O                  
00007ca8  ti_sysbios_gates_GateMutex_Module__diagsEnabled__C                
00007cac  ti_sysbios_gates_GateMutex_Module__diagsIncluded__C               
00007cb0  ti_sysbios_gates_GateMutex_Module__diagsMask__C                   
00007cb4  ti_sysbios_hal_Hwi_E_stackOverflow__C                             
00007cb8  ti_sysbios_heaps_HeapMem_A_align__C                               
00007cbc  ti_sysbios_heaps_HeapMem_A_heapSize__C                            
00007cc0  ti_sysbios_heaps_HeapMem_A_invalidFree__C                         
00007cc4  ti_sysbios_heaps_HeapMem_A_zeroBlock__C                           
00007cc8  ti_sysbios_heaps_HeapMem_E_memory__C                              
00007ccc  ti_sysbios_heaps_HeapMem_Module__diagsEnabled__C                  
00007cd0  ti_sysbios_heaps_HeapMem_Module__diagsIncluded__C                 
00007cd4  ti_sysbios_heaps_HeapMem_Module__diagsMask__C                     
00007cd8  ti_sysbios_heaps_HeapMem_Module__gateObj__C                       
00007cdc  ti_sysbios_heaps_HeapMem_Object__count__C                         
00007ce0  ti_sysbios_heaps_HeapMem_reqAlign__C                              
00007ce4  ti_sysbios_knl_Clock_Module_State_clockQ__O                       
00007ce8  ti_sysbios_knl_Event_A_nullEventId__C                             
00007cec  ti_sysbios_knl_Event_Instance_State_pendQ__O                      
00007cf0  ti_sysbios_knl_Event_Module__diagsEnabled__C                      
00007cf4  ti_sysbios_knl_Event_Module__diagsIncluded__C                     
00007cf8  ti_sysbios_knl_Event_Module__diagsMask__C                         
00007cfc  ti_sysbios_knl_Idle_funcList__A                                   
00007d00  ti_sysbios_knl_Semaphore_A_badContext__C                          
00007d04  ti_sysbios_knl_Semaphore_A_overflow__C                            
00007d08  ti_sysbios_knl_Semaphore_A_pendTaskDisabled__C                    
00007d0c  ti_sysbios_knl_Semaphore_Instance_State_pendQ__O                  
00007d10  ti_sysbios_knl_Semaphore_Module__diagsEnabled__C                  
00007d14  ti_sysbios_knl_Semaphore_Module__diagsIncluded__C                 
00007d18  ti_sysbios_knl_Semaphore_Module__diagsMask__C                     
00007d1c  ti_sysbios_knl_Semaphore_eventPost__C                             
00007d20  ti_sysbios_knl_Semaphore_eventSync__C                             
00007d24  ti_sysbios_knl_Swi_Object__count__C                               
00007d28  ti_sysbios_knl_Task_A_badTimeout__C                               
00007d2c  ti_sysbios_knl_Task_A_sleepTaskDisabled__C                        
00007d30  ti_sysbios_knl_Task_E_spOutOfBounds__C                            
00007d34  ti_sysbios_knl_Task_E_stackOverflow__C                            
00007d38  ti_sysbios_knl_Task_Module_State_inactiveQ__O                     
00007d3c  ti_sysbios_knl_Task_Module__diagsEnabled__C                       
00007d40  ti_sysbios_knl_Task_Module__diagsIncluded__C                      
00007d44  ti_sysbios_knl_Task_Module__diagsMask__C                          
00007d48  ti_sysbios_knl_Task_Object__count__C                              
00007d4c  ti_sysbios_knl_Task_allBlockedFunc__C                             
00007d50  ti_sysbios_knl_Task_numConstructedTasks__C                        
00007d54  xdc_runtime_Assert_E_assertFailed__C                              
00007d58  xdc_runtime_Core_A_initializedParams__C                           
00007d5c  xdc_runtime_Core_Module__diagsEnabled__C                          
00007d60  xdc_runtime_Core_Module__diagsIncluded__C                         
00007d64  xdc_runtime_Core_Module__diagsMask__C                             
00007d68  xdc_runtime_Error_E_memory__C                                     
00007d6c  xdc_runtime_Error_Module__diagsEnabled__C                         
00007d70  xdc_runtime_Error_Module__diagsIncluded__C                        
00007d74  xdc_runtime_Error_Module__diagsMask__C                            
00007d78  xdc_runtime_Error_Module__loggerFxn8__C                           
00007d7c  xdc_runtime_Error_Module__loggerObj__C                            
00007d80  xdc_runtime_Error_policyFxn__C                                    
00007d84  xdc_runtime_Error_raiseHook__C                                    
00007d88  xdc_runtime_IGateProvider_Interface__BASE__C                      
00007d8c  xdc_runtime_IHeap_Interface__BASE__C                              
00007d90  xdc_runtime_IModule_Interface__BASE__C                            
00007d94  xdc_runtime_Log_L_error__C                                        
00007d98  xdc_runtime_Log_L_info__C                                         
00007d9c  xdc_runtime_Main_Module__diagsEnabled__C                          
00007da0  xdc_runtime_Main_Module__diagsIncluded__C                         
00007da4  xdc_runtime_Main_Module__diagsMask__C                             
00007da8  xdc_runtime_Main_Module__loggerFxn4__C                            
00007dac  xdc_runtime_Main_Module__loggerObj__C                             
00007db0  xdc_runtime_Memory_defaultHeapInstance__C                         
00007db4  xdc_runtime_Startup_execImpl__C                                   
00007db8  xdc_runtime_Startup_maxPasses__C                                  
00007dbc  xdc_runtime_Startup_sfxnRts__C                                    
00007dc0  xdc_runtime_Startup_sfxnTab__C                                    
00007dc4  xdc_runtime_SysMin_bufSize__C                                     
00007dc8  xdc_runtime_SysMin_outputFunc__C                                  
00007dcc  xdc_runtime_System_Module__gateObj__C                             
00007dd0  xdc_runtime_System_abortFxn__C                                    
00007dd4  xdc_runtime_System_exitFxn__C                                     
00007dd8  xdc_runtime_System_extendFxn__C                                   
00007ddc  xdc_runtime_System_maxAtexitHandlers__C                           
00007de0  xdc_runtime_Text_charTab__C                                       
00007de4  xdc_runtime_Text_nameEmpty__C                                     
00007de8  xdc_runtime_Text_nameStatic__C                                    
00007dec  xdc_runtime_Text_nameUnknown__C                                   
00007df0  xdc_runtime_Text_nodeTab__C                                       
00007df4  xdc_runtime_Text_visitRopeFxn__C                                  
00007df8  ti_catalog_arm_cortexm4_tiva_ce_Boot_Module__id__C                
00007dfa  ti_sysbios_family_arm_m3_Hwi_Module__id__C                        
00007dfc  ti_sysbios_gates_GateMutex_Module__id__C                          
00007dfe  ti_sysbios_hal_Hwi_Module__id__C                                  
00007e00  ti_sysbios_heaps_HeapMem_Module__id__C                            
00007e02  ti_sysbios_knl_Event_Module__id__C                                
00007e04  ti_sysbios_knl_Semaphore_Module__id__C                            
00007e06  ti_sysbios_knl_Task_Module__id__C                                 
00007e08  xdc_runtime_Core_Module__id__C                                    
00007e0a  xdc_runtime_Error_Module__loggerDefined__C                        
00007e0c  xdc_runtime_Error_maxDepth__C                                     
00007e0e  xdc_runtime_Main_Module__id__C                                    
00007e10  xdc_runtime_Main_Module__loggerDefined__C                         
00007e12  xdc_runtime_Memory_Module__id__C                                  
00007e14  xdc_runtime_SysMin_flushAtExit__C                                 
00007e16  xdc_runtime_Text_charCnt__C                                       
00007e18  xdc_runtime_Text_isLoaded__C                                      
00007e1a  xdc_runtime_Text_registryModsLastId__C                            
00007e1c  xdc_runtime_Text_unnamedModsLastId__C                             
00007e20  __TI_static_base__                                                
0000802c  __TI_Handler_Table_Base                                           
00008038  __TI_Handler_Table_Limit                                          
00008048  __TI_CINIT_Base                                                   
00008060  __TI_CINIT_Limit                                                  
20000000  ti_sysbios_family_arm_m3_Hwi_ramVectors                           
20000400  ADCchannel                                                        
20004400  ti_sysbios_knl_Task_Instance_State_0_stack__A                     
20004600  ti_sysbios_knl_Task_Instance_State_1_stack__A                     
20004800  ain1                                                              
20004c00  ti_sysbios_heaps_HeapMem_Instance_State_0_buf__A                  
20005000  ti_sysbios_family_arm_m3_Hwi_dispatchTable                        
20005360  __CIOBUF_                                                         
20005510  xdc_runtime_SysMin_Module_State_0_outbuf__A                       
20005590  parmbuf                                                           
2000559c  ti_sysbios_knl_Task_Object__table__V                              
20005634  ti_sysbios_knl_Swi_Object__table__V                               
200056c4  ti_sysbios_knl_Swi_Module_State_0_readyQ__A                       
20005744  ti_sysbios_knl_Task_Module_State_0_readyQ__A                      
200057c4  ti_sysbios_knl_Task_Module__state__V                              
20005808  ti_sysbios_family_arm_lm4_Timer_Object__table__V                  
20005848  ti_sysbios_gates_GateMutex_Object__table__V                       
20005880  ti_sysbios_family_arm_m3_Hwi_Module__state__V                     
200058b4  ti_sysbios_family_arm_lm4_Timer_Module_State_0_device__A          
200058e4  ti_sysbios_family_arm_m3_Hwi_Object__table__V                     
20005914  ti_sysbios_knl_Clock_Module__state__V                             
20005940  ti_sysbios_BIOS_Module__state__V                                  
20005964  ti_sysbios_knl_Swi_Module__state__V                               
20005980  ti_sysbios_family_arm_lm4_Timer_Module_State_0_handles__A         
20005998  ti_sysbios_heaps_HeapMem_Object__table__V                         
200059b0  gpioPinConfigs                                                    
200059c4  ti_sysbios_family_arm_lm4_Timer_Module__state__V                  
200059d0  ti_sysbios_knl_Event_Object__table__V                             
200059dc  xdc_runtime_SysMin_Module__state__V                               
200059e8  _lock                                                             
200059ec  _unlock                                                           
200059f0  gpioCallbackFunctions                                             
200059f8  ti_sysbios_family_arm_m3_Hwi_Module__root__V                      
20005a00  ti_sysbios_gates_GateHwi_Module__root__V                          
20005a08  ti_sysbios_gates_GateMutex_Module__root__V                        
20005a10  ti_sysbios_heaps_HeapMem_Module__root__V                          
20005a18  ti_sysbios_knl_Queue_Module__root__V                              
20005a20  ti_sysbios_knl_Semaphore_Module__root__V                          
20005a28  xdc_runtime_Registry_Module__state__V                             
20005a30  xdc_runtime_Startup_Module__state__V                              
20005a38  xdc_runtime_System_Module_State_0_atexitHandlers__A               
20005a40  xdc_runtime_System_Module__state__V                               
20005a4e  ti_sysbios_family_arm_m3_Hwi_Module_State_0_excActive__A          
20005a50  main_func_sp                                                      
20005a54  ti_sysbios_family_arm_m3_Hwi_Module_State_0_excContext__A         
20005a58  ti_sysbios_family_arm_m3_Hwi_Module_State_0_excStack__A           
20005a5c  ti_sysbios_gates_GateHwi_Object__table__V                         
20005a60  ti_sysbios_knl_Task_Module_State_0_idleTask__A                    
20005a64  xdc_runtime_Memory_Module__state__V                               
20005a68  xdc_runtime_Error_Module__state__V                                
20005a70  __stack                                                           
20005d70  __STACK_END                                                       
e000e000  ti_sysbios_family_arm_m3_Hwi_nvic                                 
ffffffff  __TI_pprof_out_hndl                                               
ffffffff  __TI_prof_data_size                                               
ffffffff  __TI_prof_data_start                                              
ffffffff  __binit__                                                         
ffffffff  __c_args__                                                        
ffffffff  binit                                                             
UNDEFED   SHT$$INIT_ARRAY$$Base                                             
UNDEFED   SHT$$INIT_ARRAY$$Limit                                            

[586 symbols]
