******************************************************************************
                  TI ARM Linker Unix v18.1.3                   
******************************************************************************
>> Linked Thu Sep 20 19:35:32 2018

OUTPUT FILE NAME:   <EX1_ADC_DMA_2_Channels.out>
ENTRY POINT SYMBOL: "_c_int00"  address: 000042f9


MEMORY CONFIGURATION

         name            origin    length      used     unused   attr    fill
----------------------  --------  ---------  --------  --------  ----  --------
  FLASH                 00000000   00040000  0000805f  00037fa1  R  X
  SRAM                  20000000   00008000  000068d4  0000172c  RW X


SEGMENT ALLOCATION MAP

run origin  load origin   length   init length attrs members
----------  ----------- ---------- ----------- ----- -------
00000000    00000000    00008068   00008068    r-x
  00000000    00000000    0000003c   0000003c    r-- .resetVecs
  00000040    00000040    00005d72   00005d72    r-x .text
  00005db4    00005db4    00002069   00002069    r-- .const
  00007e20    00007e20    00000248   00000248    r-- .cinit
20000000    20000000    00000360   00000000    rw-
  20000000    20000000    00000360   00000000    rw- .vecs
20000400    20000400    00006578   00000000    rw-
  20000400    20000400    00005d9c   00000000    rw- .bss
  2000619c    2000619c    000004d8   00000000    rw- .data
  20006678    20006678    00000300   00000000    rw- .stack


SECTION ALLOCATION MAP

 output                                  attributes/
section   page    origin      length       input sections
--------  ----  ----------  ----------   ----------------
.text      0    00000040    00005d72     
                  00000040    00000430     sysbios.aem4f : BIOS.obj (.text:ti_sysbios_family_arm_m3_Hwi_excDumpRegs__I)
                  00000470    0000034c     ti.targets.arm.rtsarm.aem4f : System.oem4f (.text:xdc_runtime_System_doPrint__I)
                  000007bc    00000004     driverlib.lib : adc.obj (.text:ADCIntClearEx)
                  000007c0    000002fc     sysbios.aem4f : BIOS.obj (.text:ti_sysbios_knl_Semaphore_pend__E)
                  00000abc    00000004     driverlib.lib : timer.obj (.text:TimerADCEventSet)
                  00000ac0    0000026c     sysbios.aem4f : BIOS.obj (.text:ti_sysbios_heaps_HeapMem_free__E)
                  00000d2c    00000004     rtsv7M4_T_le_v4SPD16_eabi.lib : exit.c.obj (.text:abort:abort)
                  00000d30    00000250     sysbios.aem4f : BIOS.obj (.text:ti_sysbios_heaps_HeapMem_alloc__E)
                  00000f80    000001fc                   : BIOS.obj (.text:ti_sysbios_family_arm_m3_Hwi_excHandlerMax__I)
                  0000117c    00000004     rtos_config_pem4f.oem4f (.text:ti_sysbios_BIOS_RtsGateProxy_enter__E)
                  00001180    000001f0     sysbios.aem4f : BIOS.obj (.text:ti_sysbios_knl_Task_sleep__E)
                  00001370    000001a0     adc_dma_samples.obj (.text:adcSeq0_Hwi)
                  00001510    0000019c     adc_dma_samples.obj (.text:adcSeq1_Hwi)
                  000016ac    00000004     rtos_config_pem4f.oem4f (.text:ti_sysbios_BIOS_RtsGateProxy_leave__E)
                  000016b0    00000174     sysbios.aem4f : BIOS.obj (.text:ti_sysbios_family_arm_m3_Hwi_excBusFault__I)
                  00001824    00000004                   : BIOS.obj (.text:ti_sysbios_family_arm_lm4_Timer_masterEnable__I)
                  00001828    00000164                   : BIOS.obj (.text:ti_sysbios_family_arm_m3_Hwi_excUsageFault__I)
                  0000198c    00000150     drivers_tivaware.aem4f : GPIOTiva.oem4f (.text:GPIO_setConfig)
                  00001adc    00000004     rtos_config_pem4f.oem4f (.text:ti_sysbios_family_arm_m3_TaskSupport_Module__startupDone__S)
                  00001ae0    00000148     sysbios.aem4f : BIOS.obj (.text:ti_sysbios_family_arm_m3_Hwi_excMemFault__I)
                  00001c28    0000013c                   : BIOS.obj (.text:ti_sysbios_heaps_HeapMem_Instance_init__E)
                  00001d64    00000130     driverlib.lib : gpio.obj (.text:GPIOPadConfigSet)
                  00001e94    00000004     rtos_config_pem4f.oem4f (.text:ti_sysbios_heaps_HeapMem_Module_GateProxy_enter__E)
                  00001e98    00000120     sysbios.aem4f : BIOS.obj (.text:ti_sysbios_family_arm_lm4_Timer_start__E)
                  00001fb8    00000118     ti.targets.arm.rtsarm.aem4f : Error.oem4f (.text:xdc_runtime_Error_policyDefault__E)
                  000020d0    0000010c     driverlib.lib : sysctl.obj (.text:SysCtlClockGet)
                  000021dc    00000004     rtos_config_pem4f.oem4f (.text:ti_sysbios_heaps_HeapMem_Module_GateProxy_leave__E)
                  000021e0    00000104     sysbios.aem4f : BIOS.obj (.text:ti_sysbios_knl_Event_post__E)
                  000022e4    00000100     Boot.aem4f : Boot_sysctl.oem4f (.text:ti_catalog_arm_cortexm4_tiva_ce_Boot_sysCtlClockSetI__I)
                  000023e4    00000100     ti.targets.arm.rtsarm.aem4f : Core-mem.oem4f (.text:xdc_runtime_Core_createObject__I)
                  000024e4    00000004     rtos_config_pem4f.oem4f (.text:ti_sysbios_knl_Clock_TimerProxy_getMaxTicks__E)
                  000024e8    000000fc     sysbios.aem4f : BIOS.obj (.text:ti_sysbios_knl_Semaphore_post__E)
                  000025e4    000000f8     adc_dma_samples.obj (.text:adcInit)
                  000026dc    000000f8     ti.targets.arm.rtsarm.aem4f : Startup.oem4f (.text:xdc_runtime_Startup_startMods__I)
                  000027d4    000000f8     rtos_config_pem4f.oem4f (.text:xdc_runtime_System_printfExtend__I)
                  000028cc    000000f4     sysbios.aem4f : m3_Hwi_asm.obj (.text:ti_sysbios_family_arm_m3_Hwi_dispatch__I)
                  000029c0    000000f0     driverlib.lib : sysctl.obj (.text:SysCtlClockSet)
                  00002ab0    000000e8     adc_dma_samples.obj (.text:dmaInit)
                  00002b98    000000cc     ti.targets.arm.rtsarm.aem4f : Core-smem.oem4f (.text:xdc_runtime_Core_constructObject__I)
                  00002c64    00000004     rtos_config_pem4f.oem4f (.text:ti_sysbios_knl_Queue_destruct)
                  00002c68    000000bc     sysbios.aem4f : BIOS.obj (.text:ti_sysbios_family_arm_m3_Hwi_excDebugMon__I)
                  00002d24    00000004     rtos_config_pem4f.oem4f (.text:ti_sysbios_knl_Semaphore_destruct)
                  00002d28    000000bc     sysbios.aem4f : BIOS.obj (.text:ti_sysbios_family_arm_m3_Hwi_excHardFault__I)
                  00002de4    00000004     ti.targets.arm.rtsarm.aem4f : Error.oem4f (.text:xdc_runtime_Error_getSite__E)
                  00002de8    000000b4     sysbios.aem4f : BIOS.obj (.text:ti_sysbios_gates_GateMutex_enter__E)
                  00002e9c    00000004     rtos_config_pem4f.oem4f (.text:xdc_runtime_System_Module_GateProxy_enter__E)
                  00002ea0    000000b4     sysbios.aem4f : BIOS.obj (.text:ti_sysbios_knl_Task_checkStacks__E)
                  00002f54    00000004     rtos_config_pem4f.oem4f (.text:xdc_runtime_System_Module_GateProxy_leave__E)
                  00002f58    000000ac     sysbios.aem4f : BIOS.obj (.text:ti_sysbios_family_arm_lm4_Timer_enableTiva__I)
                  00003004    00000004     ti.targets.arm.rtsarm.aem4f : System.oem4f (.text:xdc_runtime_System_aprintf_va__F)
                  00003008    000000a8     sysbios.aem4f : BIOS.obj (.text:ti_sysbios_family_arm_lm4_Timer_enableTimers__I)
                  000030b0    000000a0     auto_init.aem4f : auto_init.oem4f (.text)
                  00003150    000000a0     ti.targets.arm.rtsarm.aem4f : Text.oem4f (.text:xdc_runtime_Text_putMod__E)
                  000031f0    0000009c     rtsv7M4_T_le_v4SPD16_eabi.lib : memcpy_t2.asm.obj (.text)
                  0000328c    0000009a     ti.targets.arm.rtsarm.aem4f : Text.oem4f (.text:xdc_runtime_Text_putSite__E)
                  00003326    00000002     rtsv7M4_T_le_v4SPD16_eabi.lib : _lock.c.obj (.text:_nop)
                  00003328    00000098     Boot.aem4f : Boot.oem4f (.text:ti_catalog_arm_cortexm4_tiva_ce_Boot_sysCtlClockSet__E)
                  000033c0    00000094     sysbios.aem4f : BIOS.obj (.text:ti_sysbios_family_arm_m3_Hwi_Instance_init__E)
                  00003454    00000004     ti.targets.arm.rtsarm.aem4f : System.oem4f (.text:xdc_runtime_System_printf_va__F)
                  00003458    00000094     sysbios.aem4f : BIOS.obj (.text:ti_sysbios_family_arm_m3_Hwi_initNVIC__E)
                  000034ec    00000002     rtsv7M4_T_le_v4SPD16_eabi.lib : div0.asm.obj (.text)
                  000034ee    00000002     rtos_config_pem4f.oem4f (.text:ti_sysbios_BIOS_nullFunc__I)
                  000034f0    00000094     sysbios.aem4f : BIOS.obj (.text:ti_sysbios_knl_Task_postInit__I)
                  00003584    0000008c     drivers_tivaware.aem4f : GPIOTiva.oem4f (.text:GPIO_init)
                  00003610    0000008c     sysbios.aem4f : m3_TaskSupport_asm.obj (.text:ti_sysbios_family_arm_m3_TaskSupport_buildTaskStack)
                  0000369c    00000002     rtos_config_pem4f.oem4f (.text:xdc_runtime_Startup_reset__I)
                  0000369e    00000002     --HOLE-- [fill = 0]
                  000036a0    00000084     sysbios.aem4f : BIOS.obj (.text:ti_sysbios_family_arm_m3_Hwi_postInit__I)
                  00003724    00000084     driverlib.lib : udma.obj (.text:uDMAChannelTransferSet)
                  000037a8    0000007a                   : adc.obj (.text:ADCSequenceStepConfigure)
                  00003822    0000007a     rtsv7M4_T_le_v4SPD16_eabi.lib : memset_t2.asm.obj (.text)
                  0000389c    00000078     adc_dma_samples.obj (.text:adcPinConfig)
                  00003914    00000004     --HOLE-- [fill = 0]
                  00003918    00000070     sysbios.aem4f : BIOS.obj (.text:ti_sysbios_knl_Clock_workFunc__E)
                  00003988    00000070                   : BIOS.obj (.text:ti_sysbios_knl_Semaphore_Instance_init__E)
                  000039f8    00000070                   : BIOS.obj (.text:ti_sysbios_knl_Task_exit__E)
                  00003a68    0000006d     ti.targets.arm.rtsarm.aem4f : System.oem4f (.text:xdc_runtime_System_formatNum__I)
                  00003ad5    00000003     --HOLE-- [fill = 0]
                  00003ad8    0000006c     sysbios.aem4f : BIOS.obj (.text:ti_sysbios_knl_Swi_restoreHwi__E)
                  00003b44    0000006c     ti.targets.arm.rtsarm.aem4f : Error.oem4f (.text:xdc_runtime_Error_print__E)
                  00003bb0    0000006c                                 : Memory.oem4f (.text:xdc_runtime_Memory_alloc__E)
                  00003c1c    00000068     driverlib.lib : interrupt.obj (.text:IntEnable)
                  00003c84    00000068     rtsv7M4_T_le_v4SPD16_eabi.lib : copy_decompress_lzss.c.obj (.text:decompress:lzss:__TI_decompress_lzss)
                  00003cec    00000068     adc_dma_samples.obj (.text:timerAdcInit)
                  00003d54    00000066     ti.targets.arm.rtsarm.aem4f : Core-mem.oem4f (.text:xdc_runtime_Core_deleteObject__I)
                  00003dba    00000002     --HOLE-- [fill = 0]
                  00003dbc    00000064     drivers_tivaware.aem4f : GPIOTiva.oem4f (.text:GPIO_hwiIntFxn)
                  00003e20    00000064     sysbios.aem4f : BIOS.obj (.text:ti_sysbios_family_arm_lm4_Timer_Module_startup__E)
                  00003e84    00000064     rtos_config_pem4f.oem4f (.text:ti_sysbios_family_arm_m3_Hwi_create)
                  00003ee8    00000064     sysbios.aem4f : BIOS.obj (.text:ti_sysbios_family_arm_m3_Hwi_dispatchC__I)
                  00003f4c    00000060     driverlib.lib : timer.obj (.text:TimerConfigure)
                  00003fac    00000060     main_adc_dma_2ch.obj (.text:main)
                  0000400c    00000004     --HOLE-- [fill = 0]
                  00004010    00000060     sysbios.aem4f : BIOS.obj (.text:ti_sysbios_knl_Task_schedule__I)
                  00004070    0000005c                   : BIOS.obj (.text:ti_sysbios_knl_Swi_run__I)
                  000040cc    00000004     --HOLE-- [fill = 0]
                  000040d0    0000005c                   : BIOS.obj (.text:ti_sysbios_knl_Swi_schedule__I)
                  0000412c    00000004     --HOLE-- [fill = 0]
                  00004130    0000005c                   : BIOS.obj (.text:ti_sysbios_knl_Task_Module_startup__E)
                  0000418c    00000004     --HOLE-- [fill = 0]
                  00004190    0000005c                   : BIOS.obj (.text:ti_sysbios_knl_Task_startCore__E)
                  000041ec    0000005b     ti.targets.arm.rtsarm.aem4f : Text.oem4f (.text:xdc_runtime_Text_putLab__E)
                  00004247    00000001     --HOLE-- [fill = 0]
                  00004248    00000058     rtsv7M4_T_le_v4SPD16_eabi.lib : hostwrite.c.obj (.text:HOSTwrite)
                  000042a0    00000058     driverlib.lib : timer.obj (.text:TimerControlTrigger)
                  000042f8    00000058     boot.aem4f : boot.oem4f (.text)
                  00004350    00000058     sysbios.aem4f : m3_Hwi_asm_switch.obj (.text:ti_sysbios_family_arm_m3_Hwi_initStacks__E)
                  000043a8    00000056     driverlib.lib : gpio.obj (.text:GPIOIntTypeSet)
                  000043fe    00000002     --HOLE-- [fill = 0]
                  00004400    00000054     ti.targets.arm.rtsarm.aem4f : Assert.oem4f (.text:xdc_runtime_Assert_raise__I)
                  00004454    00000050     drivers_tivaware.aem4f : GPIOTiva.oem4f (.text:GPIO_setCallback)
                  000044a4    00000050                            : GPIOTiva.oem4f (.text:GPIO_write)
                  000044f4    00000050     driverlib.lib : sysctl.obj (.text:SysCtlPeripheralReset)
                  00004544    00000004     --HOLE-- [fill = 0]
                  00004548    00000050     sysbios.aem4f : BIOS.obj (.text:ti_sysbios_family_arm_m3_Hwi_Module_startup__E)
                  00004598    00000050     ti.targets.arm.rtsarm.aem4f : Startup.oem4f (.text:xdc_runtime_Startup_exec__E)
                  000045e8    00000050                                 : Text.oem4f (.text:xdc_runtime_Text_visitRope2__I)
                  00004638    0000004c     rtsv7M4_T_le_v4SPD16_eabi.lib : cpy_tbl.c.obj (.text:copy_in)
                  00004684    00000004     --HOLE-- [fill = 0]
                  00004688    0000004c     sysbios.aem4f : BIOS.obj (.text:ti_sysbios_heaps_HeapMem_getStats__E)
                  000046d4    00000004     --HOLE-- [fill = 0]
                  000046d8    0000004c                   : BIOS.obj (.text:ti_sysbios_knl_Swi_runLoop__I)
                  00004724    00000004     --HOLE-- [fill = 0]
                  00004728    0000004c                   : BIOS.obj (.text:ti_sysbios_knl_Task_allBlockedFunction__I)
                  00004774    00000004     --HOLE-- [fill = 0]
                  00004778    00000048                   : BIOS.obj (.text:ti_sysbios_family_arm_m3_Hwi_disableInterrupt__E)
                  000047c0    00000048                   : BIOS.obj (.text:ti_sysbios_family_arm_m3_Hwi_enableInterrupt__E)
                  00004808    00000048                   : BIOS.obj (.text:ti_sysbios_family_arm_m3_Hwi_excReserved__I)
                  00004850    00000048     driverlib.lib : udma.obj (.text:uDMAChannelAttributeDisable)
                  00004898    00000048                   : udma.obj (.text:uDMAChannelAttributeEnable)
                  000048e0    00000046     ti.targets.arm.rtsarm.aem4f : Core-params.oem4f (.text:xdc_runtime_Core_assignParams__I)
                  00004926    00000002     --HOLE-- [fill = 0]
                  00004928    00000044     sysbios.aem4f : BIOS.obj (.text:ti_sysbios_family_arm_lm4_Timer_isrStub__E)
                  0000496c    00000004     --HOLE-- [fill = 0]
                  00004970    00000044                   : BIOS.obj (.text:ti_sysbios_family_arm_m3_Hwi_getStackInfo__E)
                  000049b4    00000004     --HOLE-- [fill = 0]
                  000049b8    00000044                   : BIOS.obj (.text:ti_sysbios_knl_Swi_post__E)
                  000049fc    00000044     ti.targets.arm.rtsarm.aem4f : Error.oem4f (.text:xdc_runtime_Error_setX__E)
                  00004a40    00000044                                 : SysMin.oem4f (.text:xdc_runtime_SysMin_flush__E)
                  00004a84    00000044                                 : Text.oem4f (.text:xdc_runtime_Text_xprintf__I)
                  00004ac8    00000042     adc_dma_samples.obj (.text:copyDMAtoProcess)
                  00004b0a    00000002     --HOLE-- [fill = 0]
                  00004b0c    00000040     EK_TM4C123GXL.obj (.text:EK_TM4C123GXL_initGeneral)
                  00004b4c    00000040     rtsv7M4_T_le_v4SPD16_eabi.lib : u_divt2.asm.obj (.text)
                  00004b8c    00000004     --HOLE-- [fill = 0]
                  00004b90    00000040     sysbios.aem4f : BIOS.obj (.text:ti_sysbios_family_arm_lm4_Timer_startup__E)
                  00004bd0    0000003e     driverlib.lib : adc.obj (.text:ADCSequenceConfigure)
                  00004c0e    00000002     --HOLE-- [fill = 0]
                  00004c10    0000003c     sysbios.aem4f : BIOS.obj (.text:ti_sysbios_family_arm_m3_Hwi_excSvCall__I)
                  00004c4c    00000004     --HOLE-- [fill = 0]
                  00004c50    0000003c                   : BIOS.obj (.text:ti_sysbios_heaps_HeapMem_init__I)
                  00004c8c    00000004     --HOLE-- [fill = 0]
                  00004c90    0000003c                   : BIOS.obj (.text:ti_sysbios_knl_Swi_restore__E)
                  00004ccc    00000038     driverlib.lib : sysctl.obj (.text:SysCtlPeripheralReady)
                  00004d04    00000038     rtsv7M4_T_le_v4SPD16_eabi.lib : trgmsg.c.obj (.text:__TI_writemsg)
                  00004d3c    00000004     --HOLE-- [fill = 0]
                  00004d40    00000038     sysbios.aem4f : BIOS.obj (.text:ti_sysbios_family_arm_m3_Hwi_excNoIsr__I)
                  00004d78    00000038                   : BIOS.obj (.text:ti_sysbios_knl_Task_processVitalTaskFlag__I)
                  00004db0    00000038     ti.targets.arm.rtsarm.aem4f : SysMin.oem4f (.text:xdc_runtime_SysMin_putch__E)
                  00004de8    00000038                                 : System.oem4f (.text:xdc_runtime_System_atexit__E)
                  00004e20    00000034     driverlib.lib : sysctl.obj (.text:SysCtlPeripheralEnable)
                  00004e54    00000034     rtsv7M4_T_le_v4SPD16_eabi.lib : trgmsg.c.obj (.text:__TI_readmsg)
                  00004e88    00000034     sysbios.aem4f : BIOS.obj (.text:ti_sysbios_family_arm_m3_Hwi_Instance_finalize__E)
                  00004ebc    00000004     --HOLE-- [fill = 0]
                  00004ec0    00000034                   : BIOS.obj (.text:ti_sysbios_family_arm_m3_Hwi_excNmi__I)
                  00004ef4    00000004     --HOLE-- [fill = 0]
                  00004ef8    00000034                   : BIOS.obj (.text:ti_sysbios_hal_Hwi_checkStack)
                  00004f2c    00000034     ti.targets.arm.rtsarm.aem4f : Core-label.oem4f (.text:xdc_runtime_Core_assignLabel__I)
                  00004f60    00000033                                 : Text.oem4f (.text:xdc_runtime_Text_printVisFxn__I)
                  00004f93    00000005     --HOLE-- [fill = 0]
                  00004f98    00000032     sysbios.aem4f : BIOS.obj (.text:ti_sysbios_hal_Hwi_initStack)
                  00004fca    00000002     --HOLE-- [fill = 0]
                  00004fcc    00000030     EK_TM4C123GXL.obj (.text:EK_TM4C123GXL_initGPIO)
                  00004ffc    00000030     rtos_config_pem4f.oem4f (.text:ti_sysbios_BIOS_atExitFunc__I)
                  0000502c    00000004     --HOLE-- [fill = 0]
                  00005030    00000030     sysbios.aem4f : BIOS.obj (.text:ti_sysbios_family_arm_lm4_Timer_stop__E)
                  00005060    00000030                   : BIOS.obj (.text:ti_sysbios_family_arm_m3_TaskSupport_start__E)
                  00005090    00000030     rtos_config_pem4f.oem4f (.text:ti_sysbios_gates_GateHwi_Object__create__S)
                  000050c0    00000030     rtos_config_pem4f.oem4f (.text:ti_sysbios_gates_GateMutex_Object__create__S)
                  000050f0    00000030     rtos_config_pem4f.oem4f (.text:ti_sysbios_heaps_HeapMem_Object__create__S)
                  00005120    00000030     rtos_config_pem4f.oem4f (.text:ti_sysbios_knl_Semaphore_construct)
                  00005150    00000030     sysbios.aem4f : BIOS.obj (.text:ti_sysbios_knl_Semaphore_pendTimeout__I)
                  00005180    00000030                   : BIOS.obj (.text:ti_sysbios_knl_Task_unblockI__E)
                  000051b0    00000030     ti.targets.arm.rtsarm.aem4f : SysMin.oem4f (.text:xdc_runtime_SysMin_abort__E)
                  000051e0    00000030                                 : System.oem4f (.text:xdc_runtime_System_processAtExit__E)
                  00005210    0000002c     rtos_config_pem4f.oem4f (.text:ti_sysbios_knl_Clock_doTick__I)
                  0000523c    0000002c     rtos_config_pem4f.oem4f (.text:ti_sysbios_knl_Queue_construct)
                  00005268    0000002c     sysbios.aem4f : BIOS.obj (.text:ti_sysbios_knl_Task_restore__E)
                  00005294    0000002c     driverlib.lib : udma.obj (.text:uDMAChannelAssign)
                  000052c0    0000002c     ti.targets.arm.rtsarm.aem4f : Text.oem4f (.text:xdc_runtime_Text_cordText__E)
                  000052ec    0000002a     driverlib.lib : gpio.obj (.text:GPIODirModeSet)
                  00005316    0000002a     ti.targets.arm.rtsarm.aem4f : System.oem4f (.text:xdc_runtime_System_putchar__I)
                  00005340    00000028     sysbios.aem4f : BIOS.obj (.text:ti_sysbios_knl_Semaphore_Instance_finalize__E)
                  00005368    00000028                   : BIOS.obj (.text:ti_sysbios_knl_Swi_Module_startup__E)
                  00005390    00000028     driverlib.lib : udma.obj (.text:uDMAChannelModeGet)
                  000053b8    00000026     sysbios.aem4f : m3_Hwi_asm.obj (.text:ti_sysbios_family_arm_m3_Hwi_pendSV__I)
                  000053de    00000026     ti.targets.arm.rtsarm.aem4f : System.oem4f (.text:xdc_runtime_System_avprintf__E)
                  00005404    00000024     rtos_config_pem4f.oem4f (.text:ti_sysbios_BIOS_errorRaiseHook__I)
                  00005428    00000024     rtos_config_pem4f.oem4f (.text:ti_sysbios_BIOS_registerRTSLock__I)
                  0000544c    00000024     rtos_config_pem4f.oem4f (.text:ti_sysbios_BIOS_removeRTSLock__I)
                  00005470    00000024     rtos_config_pem4f.oem4f (.text:ti_sysbios_BIOS_startFunc__I)
                  00005494    00000024     rtos_config_pem4f.oem4f (.text:ti_sysbios_gates_GateMutex_Object__delete__S)
                  000054b8    00000024     sysbios.aem4f : BIOS.obj (.text:ti_sysbios_knl_Clock_Module_startup__E)
                  000054dc    00000004     --HOLE-- [fill = 0]
                  000054e0    00000024                   : BIOS.obj (.text:ti_sysbios_knl_Task_restoreHwi__E)
                  00005504    00000024     driverlib.lib : udma.obj (.text:uDMAChannelControlSet)
                  00005528    00000024     ti.targets.arm.rtsarm.aem4f : System.oem4f (.text:xdc_runtime_System_vprintf__E)
                  0000554c    00000004     --HOLE-- [fill = 0]
                  00005550    00000022     sysbios.aem4f : BIOS.obj (.text:ti_sysbios_family_arm_lm4_Timer_write__I)
                  00005572    00000022     rtos_config_pem4f.oem4f (.text:xdc_runtime_SysMin_output__I)
                  00005594    00000020     rtos_config_pem4f.oem4f (.text:ti_sysbios_BIOS_rtsLock__I)
                  000055b4    00000020     sysbios.aem4f : m3_Hwi_asm.obj (.text:ti_sysbios_family_arm_m3_Hwi_excHandlerAsm__I)
                  000055d4    00000004     --HOLE-- [fill = 0]
                  000055d8    00000020                   : BIOS.obj (.text:ti_sysbios_family_arm_m3_Hwi_excHandler__I)
                  000055f8    00000020     rtos_config_pem4f.oem4f (.text:ti_sysbios_gates_GateHwi_Object__delete__S)
                  00005618    00000020     rtos_config_pem4f.oem4f (.text:ti_sysbios_heaps_HeapMem_Object__delete__S)
                  00005638    00000020     sysbios.aem4f : BIOS.obj (.text:ti_sysbios_knl_Idle_run__E)
                  00005658    00000020     rtos_config_pem4f.oem4f (.text:ti_sysbios_knl_Semaphore_Object__destruct__S)
                  00005678    00000020     ti.targets.arm.rtsarm.aem4f : Registry.oem4f (.text:xdc_runtime_Registry_findById__E)
                  00005698    00000020                                 : SysMin.oem4f (.text:xdc_runtime_SysMin_Module_startup__E)
                  000056b8    0000001e     sysbios.aem4f : m3_Hwi_asm_switch.obj (.text:ti_sysbios_family_xxx_Hwi_switchAndRunFunc)
                  000056d6    0000001c     drivers_tivaware.aem4f : GPIOTiva.oem4f (.text:getGpioIntIndex)
                  000056f2    00000006     driverlib.lib : gpio.obj (.text:GPIOIntClear)
                  000056f8    0000001c     sysbios.aem4f : BIOS.obj (.text:ti_sysbios_gates_GateMutex_Instance_init__E)
                  00005714    0000001c     rtos_config_pem4f.oem4f (.text:ti_sysbios_knl_Queue_Object__destruct__S)
                  00005730    0000001c     sysbios.aem4f : BIOS.obj (.text:ti_sysbios_knl_Queue_put__E)
                  0000574c    00000004     --HOLE-- [fill = 0]
                  00005750    0000001c                   : BIOS.obj (.text:ti_sysbios_knl_Task_enter__I)
                  0000576c    0000001c     ti.targets.arm.rtsarm.aem4f : Error.oem4f (.text:xdc_runtime_Error_raiseX__E)
                  00005788    0000001c                                 : Memory.oem4f (.text:xdc_runtime_Memory_valloc__E)
                  000057a4    0000001c                                 : SysMin.oem4f (.text:xdc_runtime_SysMin_exit__E)
                  000057c0    0000001c                                 : System.oem4f (.text:xdc_runtime_System_abort__E)
                  000057dc    0000001a     rtos_config_pem4f.oem4f (.text:ti_sysbios_family_arm_m3_Hwi_Handle__label__S)
                  000057f6    0000001a     rtos_config_pem4f.oem4f (.text:ti_sysbios_gates_GateHwi_Handle__label__S)
                  00005810    0000001a     rtos_config_pem4f.oem4f (.text:ti_sysbios_gates_GateMutex_Handle__label__S)
                  0000582a    0000001a     rtos_config_pem4f.oem4f (.text:ti_sysbios_heaps_HeapMem_Handle__label__S)
                  00005844    0000001a     rtos_config_pem4f.oem4f (.text:ti_sysbios_knl_Swi_Handle__label__S)
                  0000585e    0000001a     rtos_config_pem4f.oem4f (.text:ti_sysbios_knl_Task_Handle__label__S)
                  00005878    0000001a     rtos_config_pem4f.oem4f (.text:xdc_runtime_System_aprintf__E)
                  00005892    0000001a     rtos_config_pem4f.oem4f (.text:xdc_runtime_System_printf__E)
                  000058ac    00000018     driverlib.lib : adc.obj (.text:ADCClockConfigSet)
                  000058c4    00000018     rtsv7M4_T_le_v4SPD16_eabi.lib : args_main.c.obj (.text:_args_main)
                  000058dc    00000018     rtos_config_pem4f.oem4f (.text:ti_sysbios_BIOS_rtsUnlock__I)
                  000058f4    00000018     rtos_config_pem4f.oem4f (.text:ti_sysbios_family_arm_lm4_Timer_Module__startupDone__F)
                  0000590c    00000018     rtos_config_pem4f.oem4f (.text:ti_sysbios_family_arm_m3_Hwi_Module__startupDone__F)
                  00005924    00000018     sysbios.aem4f : m3_TaskSupport_asm.obj (.text:ti_sysbios_family_arm_m3_TaskSupport_swap__E)
                  0000593c    00000004     --HOLE-- [fill = 0]
                  00005940    00000018                   : BIOS.obj (.text:ti_sysbios_gates_GateMutex_leave__E)
                  00005958    00000018                   : BIOS.obj (.text:ti_sysbios_knl_Task_sleepTimeout__I)
                  00005970    00000018     driverlib.lib : udma.obj (.text:uDMAChannelEnable)
                  00005988    00000018     ti.targets.arm.rtsarm.aem4f : Error.oem4f (.text:xdc_runtime_Error_check__E)
                  000059a0    00000018                                 : System.oem4f (.text:xdc_runtime_System_exit__E)
                  000059b8    00000018                                 : Text.oem4f (.text:xdc_runtime_Text_ropeText__E)
                  000059d0    00000016     rtos_config_pem4f.oem4f (.text:ti_sysbios_BIOS_exitFunc__I)
                  000059e6    00000014     adc_dma_samples.obj (.text:startSampling)
                  000059fa    00000014     rtsv7M4_T_le_v4SPD16_eabi.lib : strlen.c.obj (.text:strlen)
                  00005a0e    00000002     --HOLE-- [fill = 0]
                  00005a10    00000014     rtos_config_pem4f.oem4f (.text:ti_sysbios_family_arm_m3_Hwi_Object__get__S)
                  00005a24    00000004     --HOLE-- [fill = 0]
                  00005a28    00000014     sysbios.aem4f : BIOS.obj (.text:ti_sysbios_family_arm_m3_Hwi_switchFromBootStack__E)
                  00005a3c    00000014     rtos_config_pem4f.oem4f (.text:ti_sysbios_heaps_HeapMem_Object__get__S)
                  00005a50    00000014     rtos_config_pem4f.oem4f (.text:ti_sysbios_knl_Swi_Object__get__S)
                  00005a64    00000012     driverlib.lib : adc.obj (.text:ADCHardwareOversampleConfigure)
                  00005a76    00000012                   : gpio.obj (.text:GPIOPinTypeADC)
                  00005a88    00000012                   : gpio.obj (.text:GPIOPinTypeGPIOInput)
                  00005a9a    00000012                   : timer.obj (.text:TimerLoadSet)
                  00005aac    00000004     --HOLE-- [fill = 0]
                  00005ab0    00000012     sysbios.aem4f : BIOS.obj (.text:ti_sysbios_hal_Hwi_Module_startup__E)
                  00005ac2    00000006     driverlib.lib : gpio.obj (.text:GPIOPinWrite)
                  00005ac8    00000012     sysbios.aem4f : BIOS.obj (.text:ti_sysbios_knl_Event_sync__E)
                  00005ada    00000012     rtos_config_pem4f.oem4f (.text:xdc_runtime_Startup_exec__I)
                  00005aec    00000010     driverlib.lib : adc.obj (.text:ADCSequenceDMAEnable)
                  00005afc    00000010     main_adc_dma_2ch.obj (.text:heartBeat_TASK)
                  00005b0c    00000004     --HOLE-- [fill = 0]
                  00005b10    00000010     sysbios.aem4f : BIOS.obj (.text:ti_sysbios_BIOS_setThreadType__E)
                  00005b20    00000010                   : BIOS.obj (.text:ti_sysbios_BIOS_start__E)
                  00005b30    00000010                   : m3_TaskSupport_asm.obj (.text:ti_sysbios_family_arm_m3_TaskSupport_glue)
                  00005b40    00000010                   : BIOS.obj (.text:ti_sysbios_gates_GateMutex_Instance_finalize__E)
                  00005b50    00000010                   : BIOS.obj (.text:ti_sysbios_knl_Swi_disable__E)
                  00005b60    00000010     rtos_config_pem4f.oem4f (.text:ti_sysbios_knl_Task_Object__get__S)
                  00005b70    00000010     sysbios.aem4f : BIOS.obj (.text:ti_sysbios_knl_Task_disable__E)
                  00005b80    00000010     driverlib.lib : udma.obj (.text:uDMAEnable)
                  00005b90    00000010     ti.targets.arm.rtsarm.aem4f : Gate.oem4f (.text:xdc_runtime_Gate_leaveSystem__E)
                  00005ba0    00000010                                 : Memory.oem4f (.text:xdc_runtime_Memory_free__E)
                  00005bb0    00000010                                 : SysMin.oem4f (.text:xdc_runtime_SysMin_ready__E)
                  00005bc0    00000010                                 : System.oem4f (.text:xdc_runtime_System_vsnprintf__E)
                  00005bd0    00000010     rtos_config_pem4f.oem4f (.text:xdc_runtime_Text_visitRope__I)
                  00005be0    0000000e     driverlib.lib : adc.obj (.text:ADCSequenceDisable)
                  00005bee    0000000e                   : adc.obj (.text:ADCSequenceEnable)
                  00005bfc    0000000e                   : gpio.obj (.text:GPIOIntStatus)
                  00005c0a    0000000e                   : timer.obj (.text:TimerEnable)
                  00005c18    0000000e     rtsv7M4_T_le_v4SPD16_eabi.lib : copy_decompress_none.c.obj (.text:decompress:none:__TI_decompress_none)
                  00005c26    00000002     --HOLE-- [fill = 0]
                  00005c28    0000000e     sysbios.aem4f : BIOS.obj (.text:ti_sysbios_knl_Idle_loop__E)
                  00005c36    00000002     --HOLE-- [fill = 0]
                  00005c38    0000000e                   : BIOS.obj (.text:ti_sysbios_knl_Queue_empty__E)
                  00005c46    00000002     --HOLE-- [fill = 0]
                  00005c48    0000000c     rtos_config_pem4f.oem4f (.text:.bootCodeSection:ti_catalog_arm_cortexm4_tiva_ce_Boot_init__I)
                  00005c54    0000000c     driverlib.lib : adc.obj (.text:ADCReferenceSet)
                  00005c60    0000000c     rtsv7M4_T_le_v4SPD16_eabi.lib : _lock.c.obj (.text:_register_lock)
                  00005c6c    0000000c                                   : _lock.c.obj (.text:_register_unlock)
                  00005c78    0000000c                                   : copy_zero_init.c.obj (.text:decompress:ZI:__TI_zero_init)
                  00005c84    00000004     --HOLE-- [fill = 0]
                  00005c88    0000000c     sysbios.aem4f : BIOS.obj (.text:ti_sysbios_family_arm_lm4_Timer_getMaxTicks__E)
                  00005c94    0000000c     rtos_config_pem4f.oem4f (.text:ti_sysbios_family_arm_m3_Hwi_Params__init__S)
                  00005ca0    0000000c     sysbios.aem4f : BIOS.obj (.text:ti_sysbios_family_arm_m3_Hwi_disableFxn__E)
                  00005cac    00000004     --HOLE-- [fill = 0]
                  00005cb0    0000000c                   : BIOS.obj (.text:ti_sysbios_family_arm_m3_TaskSupport_checkStack__E)
                  00005cbc    00000004     --HOLE-- [fill = 0]
                  00005cc0    0000000c                   : BIOS.obj (.text:ti_sysbios_gates_GateHwi_enter__E)
                  00005ccc    0000000c     rtos_config_pem4f.oem4f (.text:ti_sysbios_knl_Queue_Object__get__S)
                  00005cd8    0000000c     driverlib.lib : udma.obj (.text:uDMAControlBaseSet)
                  00005ce4    0000000c     ti.targets.arm.rtsarm.aem4f : Error.oem4f (.text:xdc_runtime_Error_init__E)
                  00005cf0    0000000c                                 : Gate.oem4f (.text:xdc_runtime_Gate_enterSystem__E)
                  00005cfc    0000000c                                 : Memory.oem4f (.text:xdc_runtime_Memory_calloc__E)
                  00005d08    0000000c                                 : Memory.oem4f (.text:xdc_runtime_Memory_getMaxDefaultTypeAlign__E)
                  00005d14    0000000a     rtos_config_pem4f.oem4f (.text:xdc_runtime_IHeap_alloc)
                  00005d1e    0000000a     rtos_config_pem4f.oem4f (.text:xdc_runtime_IHeap_free)
                  00005d28    00000008     driverlib.lib : adc.obj (.text:ADCIntEnableEx)
                  00005d30    00000008     sysbios.aem4f : BIOS.obj (.text:ti_sysbios_family_arm_lm4_Timer_masterDisable__I)
                  00005d38    00000008                   : BIOS.obj (.text:ti_sysbios_family_arm_m3_Hwi_doSwiRestore__I)
                  00005d40    00000008                   : BIOS.obj (.text:ti_sysbios_family_arm_m3_Hwi_startup__E)
                  00005d48    00000006     driverlib.lib : sysctl.obj (.text:SysCtlDelay)
                  00005d4e    00000006     Boot.aem4f : Boot_sysctl.oem4f (.text:ti_catalog_arm_cortexm4_tiva_ce_Boot_sysCtlDelayI__I)
                  00005d54    00000004     --HOLE-- [fill = 0]
                  00005d58    00000006     sysbios.aem4f : BIOS.obj (.text:ti_sysbios_family_arm_m3_Hwi_doTaskRestore__I)
                  00005d5e    00000002     --HOLE-- [fill = 0]
                  00005d60    00000006                   : BIOS.obj (.text:ti_sysbios_family_arm_m3_Hwi_restoreFxn__E)
                  00005d66    00000002     --HOLE-- [fill = 0]
                  00005d68    00000006                   : BIOS.obj (.text:ti_sysbios_gates_GateHwi_leave__E)
                  00005d6e    00000002     --HOLE-- [fill = 0]
                  00005d70    00000006                   : BIOS.obj (.text:ti_sysbios_heaps_HeapMem_isBlocking__E)
                  00005d76    00000002     --HOLE-- [fill = 0]
                  00005d78    00000006                   : BIOS.obj (.text:ti_sysbios_knl_Queue_Instance_init__E)
                  00005d7e    00000002     --HOLE-- [fill = 0]
                  00005d80    00000006                   : BIOS.obj (.text:ti_sysbios_knl_Swi_startup__E)
                  00005d86    00000006     ti.targets.arm.rtsarm.aem4f : System.oem4f (.text:xdc_runtime_System_Module_startup__E)
                  00005d8c    00000004     --HOLE-- [fill = 0]
                  00005d90    00000004     sysbios.aem4f : BIOS.obj (.text:ti_sysbios_gates_GateHwi_query__E)
                  00005d94    00000004     --HOLE-- [fill = 0]
                  00005d98    00000004                   : BIOS.obj (.text:ti_sysbios_gates_GateMutex_query__E)
                  00005d9c    00000004     --HOLE-- [fill = 0]
                  00005da0    00000004                   : BIOS.obj (.text:ti_sysbios_knl_Task_startup__E)
                  00005da4    00000004     --HOLE-- [fill = 0]
                  00005da8    00000002                   : BIOS.obj (.text:ti_sysbios_gates_GateHwi_Instance_init__E)
                  00005daa    00000006     --HOLE-- [fill = 0]
                  00005db0    00000002                   : BIOS.obj (.text:ti_sysbios_knl_Clock_logTick__E)

.const     0    00005db4    00002069     
                  00005db4    00001982     rtos_config_pem4f.oem4f (.const:xdc_runtime_Text_charTab__A)
                  00007736    000000c0     rtos_config_pem4f.oem4f (.const:xdc_runtime_Text_nodeTab__A)
                  000077f6    00000002     rtos_config_pem4f.oem4f (.const:ti_catalog_arm_cortexm4_tiva_ce_Boot_Module__id__C)
                  000077f8    00000070     driverlib.lib : interrupt.obj (.const)
                  00007868    0000006c                   : sysctl.obj (.const:g_pui32Xtals)
                  000078d4    00000054     drivers_tivaware.aem4f : GPIOTiva.oem4f (.const:.string)
                  00007928    00000048     rtos_config_pem4f.oem4f (.const:.string)
                  00007970    00000048     drivers_tivaware.aem4f : GPIOTiva.oem4f (.const:gpioBaseAddresses)
                  000079b8    00000030     rtos_config_pem4f.oem4f (.const:ti_sysbios_family_arm_m3_Hwi_Object__PARAMS__C)
                  000079e8    00000028     rtos_config_pem4f.oem4f (.const:ti_sysbios_heaps_HeapMem_Module__FXNS__C)
                  00007a10    00000024     rtos_config_pem4f.oem4f (.const:ti_sysbios_gates_GateHwi_Module__FXNS__C)
                  00007a34    00000024     rtos_config_pem4f.oem4f (.const:ti_sysbios_gates_GateMutex_Module__FXNS__C)
                  00007a58    00000024     rtos_config_pem4f.oem4f (.const:ti_sysbios_heaps_HeapMem_Object__PARAMS__C)
                  00007a7c    00000024     rtos_config_pem4f.oem4f (.const:ti_sysbios_knl_Semaphore_Object__PARAMS__C)
                  00007aa0    00000020     rtos_config_pem4f.oem4f (.const)
                  00007ac0    00000020     rtos_config_pem4f.oem4f (.const:ti_sysbios_family_arm_m3_Hwi_Object__DESC__C)
                  00007ae0    00000020     rtos_config_pem4f.oem4f (.const:ti_sysbios_gates_GateHwi_Object__DESC__C)
                  00007b00    00000020     rtos_config_pem4f.oem4f (.const:ti_sysbios_gates_GateMutex_Object__DESC__C)
                  00007b20    00000020     rtos_config_pem4f.oem4f (.const:ti_sysbios_heaps_HeapMem_Object__DESC__C)
                  00007b40    00000020     rtos_config_pem4f.oem4f (.const:ti_sysbios_knl_Queue_Object__DESC__C)
                  00007b60    00000020     rtos_config_pem4f.oem4f (.const:ti_sysbios_knl_Semaphore_Object__DESC__C)
                  00007b80    00000020     rtos_config_pem4f.oem4f (.const:xdc_runtime_Startup_sfxnTab__A)
                  00007ba0    00000018     rtos_config_pem4f.oem4f (.const:ti_sysbios_gates_GateHwi_Object__PARAMS__C)
                  00007bb8    00000018     rtos_config_pem4f.oem4f (.const:ti_sysbios_gates_GateMutex_Object__PARAMS__C)
                  00007bd0    00000018     rtos_config_pem4f.oem4f (.const:ti_sysbios_knl_Queue_Object__PARAMS__C)
                  00007be8    00000014     EK_TM4C123GXL.obj (.const:GPIOTiva_config)
                  00007bfc    00000014     rtos_config_pem4f.oem4f (.const:xdc_runtime_Startup_firstFxns__A)
                  00007c10    00000010     rtos_config_pem4f.oem4f (.const:xdc_runtime_Startup_sfxnRts__A)
                  00007c20    00000008     rtos_config_pem4f.oem4f (.const:ti_sysbios_family_arm_m3_Hwi_excHookFuncs__A)
                  00007c28    00000008     rtos_config_pem4f.oem4f (.const:ti_sysbios_knl_Idle_funcList__C)
                  00007c30    00000008     rtos_config_pem4f.oem4f (.const:xdc_runtime_Startup_firstFxns__C)
                  00007c38    00000008     rtos_config_pem4f.oem4f (.const:xdc_runtime_Startup_lastFxns__C)
                  00007c40    00000004     rtos_config_pem4f.oem4f (.const:ti_catalog_arm_cortexm4_tiva_ce_Boot_A_mustUseEnhancedClockMode__C)
                  00007c44    00000004     rtos_config_pem4f.oem4f (.const:ti_catalog_arm_cortexm4_tiva_ce_Boot_Module__diagsEnabled__C)
                  00007c48    00000004     rtos_config_pem4f.oem4f (.const:ti_catalog_arm_cortexm4_tiva_ce_Boot_Module__diagsIncluded__C)
                  00007c4c    00000004     rtos_config_pem4f.oem4f (.const:ti_catalog_arm_cortexm4_tiva_ce_Boot_Module__diagsMask__C)
                  00007c50    00000004     rtos_config_pem4f.oem4f (.const:ti_sysbios_family_arm_lm4_Timer_enableFunc__C)
                  00007c54    00000004     rtos_config_pem4f.oem4f (.const:ti_sysbios_family_arm_lm4_Timer_numTimerDevices__C)
                  00007c58    00000004     rtos_config_pem4f.oem4f (.const:ti_sysbios_family_arm_lm4_Timer_startupNeeded__C)
                  00007c5c    00000004     rtos_config_pem4f.oem4f (.const:ti_sysbios_family_arm_m3_Hwi_E_NMI__C)
                  00007c60    00000004     rtos_config_pem4f.oem4f (.const:ti_sysbios_family_arm_m3_Hwi_E_alreadyDefined__C)
                  00007c64    00000004     rtos_config_pem4f.oem4f (.const:ti_sysbios_family_arm_m3_Hwi_E_busFault__C)
                  00007c68    00000004     rtos_config_pem4f.oem4f (.const:ti_sysbios_family_arm_m3_Hwi_E_debugMon__C)
                  00007c6c    00000004     rtos_config_pem4f.oem4f (.const:ti_sysbios_family_arm_m3_Hwi_E_hardFault__C)
                  00007c70    00000004     rtos_config_pem4f.oem4f (.const:ti_sysbios_family_arm_m3_Hwi_E_memFault__C)
                  00007c74    00000004     rtos_config_pem4f.oem4f (.const:ti_sysbios_family_arm_m3_Hwi_E_noIsr__C)
                  00007c78    00000004     rtos_config_pem4f.oem4f (.const:ti_sysbios_family_arm_m3_Hwi_E_reserved__C)
                  00007c7c    00000004     rtos_config_pem4f.oem4f (.const:ti_sysbios_family_arm_m3_Hwi_E_svCall__C)
                  00007c80    00000004     rtos_config_pem4f.oem4f (.const:ti_sysbios_family_arm_m3_Hwi_E_usageFault__C)
                  00007c84    00000004     rtos_config_pem4f.oem4f (.const:ti_sysbios_family_arm_m3_Hwi_NUM_INTERRUPTS__C)
                  00007c88    00000004     rtos_config_pem4f.oem4f (.const:ti_sysbios_family_arm_m3_Hwi_Object__count__C)
                  00007c8c    00000004     rtos_config_pem4f.oem4f (.const:ti_sysbios_family_arm_m3_Hwi_ccr__C)
                  00007c90    00000004     rtos_config_pem4f.oem4f (.const:ti_sysbios_family_arm_m3_Hwi_excHandlerFunc__C)
                  00007c94    00000004     rtos_config_pem4f.oem4f (.const:ti_sysbios_family_arm_m3_Hwi_excHookFuncs__C)
                  00007c98    00000004     rtos_config_pem4f.oem4f (.const:ti_sysbios_family_arm_m3_Hwi_nullIsrFunc__C)
                  00007c9c    00000004     rtos_config_pem4f.oem4f (.const:ti_sysbios_family_arm_m3_Hwi_priGroup__C)
                  00007ca0    00000004     rtos_config_pem4f.oem4f (.const:ti_sysbios_gates_GateMutex_A_badContext__C)
                  00007ca4    00000004     rtos_config_pem4f.oem4f (.const:ti_sysbios_gates_GateMutex_Instance_State_sem__O)
                  00007ca8    00000004     rtos_config_pem4f.oem4f (.const:ti_sysbios_gates_GateMutex_Module__diagsEnabled__C)
                  00007cac    00000004     rtos_config_pem4f.oem4f (.const:ti_sysbios_gates_GateMutex_Module__diagsIncluded__C)
                  00007cb0    00000004     rtos_config_pem4f.oem4f (.const:ti_sysbios_gates_GateMutex_Module__diagsMask__C)
                  00007cb4    00000004     rtos_config_pem4f.oem4f (.const:ti_sysbios_hal_Hwi_E_stackOverflow__C)
                  00007cb8    00000004     rtos_config_pem4f.oem4f (.const:ti_sysbios_heaps_HeapMem_A_align__C)
                  00007cbc    00000004     rtos_config_pem4f.oem4f (.const:ti_sysbios_heaps_HeapMem_A_heapSize__C)
                  00007cc0    00000004     rtos_config_pem4f.oem4f (.const:ti_sysbios_heaps_HeapMem_A_invalidFree__C)
                  00007cc4    00000004     rtos_config_pem4f.oem4f (.const:ti_sysbios_heaps_HeapMem_A_zeroBlock__C)
                  00007cc8    00000004     rtos_config_pem4f.oem4f (.const:ti_sysbios_heaps_HeapMem_E_memory__C)
                  00007ccc    00000004     rtos_config_pem4f.oem4f (.const:ti_sysbios_heaps_HeapMem_Module__diagsEnabled__C)
                  00007cd0    00000004     rtos_config_pem4f.oem4f (.const:ti_sysbios_heaps_HeapMem_Module__diagsIncluded__C)
                  00007cd4    00000004     rtos_config_pem4f.oem4f (.const:ti_sysbios_heaps_HeapMem_Module__diagsMask__C)
                  00007cd8    00000004     rtos_config_pem4f.oem4f (.const:ti_sysbios_heaps_HeapMem_Module__gateObj__C)
                  00007cdc    00000004     rtos_config_pem4f.oem4f (.const:ti_sysbios_heaps_HeapMem_Object__count__C)
                  00007ce0    00000004     rtos_config_pem4f.oem4f (.const:ti_sysbios_heaps_HeapMem_reqAlign__C)
                  00007ce4    00000004     rtos_config_pem4f.oem4f (.const:ti_sysbios_knl_Clock_Module_State_clockQ__O)
                  00007ce8    00000004     rtos_config_pem4f.oem4f (.const:ti_sysbios_knl_Event_A_nullEventId__C)
                  00007cec    00000004     rtos_config_pem4f.oem4f (.const:ti_sysbios_knl_Event_Instance_State_pendQ__O)
                  00007cf0    00000004     rtos_config_pem4f.oem4f (.const:ti_sysbios_knl_Event_Module__diagsEnabled__C)
                  00007cf4    00000004     rtos_config_pem4f.oem4f (.const:ti_sysbios_knl_Event_Module__diagsIncluded__C)
                  00007cf8    00000004     rtos_config_pem4f.oem4f (.const:ti_sysbios_knl_Event_Module__diagsMask__C)
                  00007cfc    00000004     rtos_config_pem4f.oem4f (.const:ti_sysbios_knl_Idle_funcList__A)
                  00007d00    00000004     rtos_config_pem4f.oem4f (.const:ti_sysbios_knl_Semaphore_A_badContext__C)
                  00007d04    00000004     rtos_config_pem4f.oem4f (.const:ti_sysbios_knl_Semaphore_A_overflow__C)
                  00007d08    00000004     rtos_config_pem4f.oem4f (.const:ti_sysbios_knl_Semaphore_A_pendTaskDisabled__C)
                  00007d0c    00000004     rtos_config_pem4f.oem4f (.const:ti_sysbios_knl_Semaphore_Instance_State_pendQ__O)
                  00007d10    00000004     rtos_config_pem4f.oem4f (.const:ti_sysbios_knl_Semaphore_Module__diagsEnabled__C)
                  00007d14    00000004     rtos_config_pem4f.oem4f (.const:ti_sysbios_knl_Semaphore_Module__diagsIncluded__C)
                  00007d18    00000004     rtos_config_pem4f.oem4f (.const:ti_sysbios_knl_Semaphore_Module__diagsMask__C)
                  00007d1c    00000004     rtos_config_pem4f.oem4f (.const:ti_sysbios_knl_Semaphore_eventPost__C)
                  00007d20    00000004     rtos_config_pem4f.oem4f (.const:ti_sysbios_knl_Semaphore_eventSync__C)
                  00007d24    00000004     rtos_config_pem4f.oem4f (.const:ti_sysbios_knl_Swi_Object__count__C)
                  00007d28    00000004     rtos_config_pem4f.oem4f (.const:ti_sysbios_knl_Task_A_badTimeout__C)
                  00007d2c    00000004     rtos_config_pem4f.oem4f (.const:ti_sysbios_knl_Task_A_sleepTaskDisabled__C)
                  00007d30    00000004     rtos_config_pem4f.oem4f (.const:ti_sysbios_knl_Task_E_spOutOfBounds__C)
                  00007d34    00000004     rtos_config_pem4f.oem4f (.const:ti_sysbios_knl_Task_E_stackOverflow__C)
                  00007d38    00000004     rtos_config_pem4f.oem4f (.const:ti_sysbios_knl_Task_Module_State_inactiveQ__O)
                  00007d3c    00000004     rtos_config_pem4f.oem4f (.const:ti_sysbios_knl_Task_Module__diagsEnabled__C)
                  00007d40    00000004     rtos_config_pem4f.oem4f (.const:ti_sysbios_knl_Task_Module__diagsIncluded__C)
                  00007d44    00000004     rtos_config_pem4f.oem4f (.const:ti_sysbios_knl_Task_Module__diagsMask__C)
                  00007d48    00000004     rtos_config_pem4f.oem4f (.const:ti_sysbios_knl_Task_Object__count__C)
                  00007d4c    00000004     rtos_config_pem4f.oem4f (.const:ti_sysbios_knl_Task_allBlockedFunc__C)
                  00007d50    00000004     rtos_config_pem4f.oem4f (.const:ti_sysbios_knl_Task_numConstructedTasks__C)
                  00007d54    00000004     rtos_config_pem4f.oem4f (.const:xdc_runtime_Assert_E_assertFailed__C)
                  00007d58    00000004     rtos_config_pem4f.oem4f (.const:xdc_runtime_Core_A_initializedParams__C)
                  00007d5c    00000004     rtos_config_pem4f.oem4f (.const:xdc_runtime_Core_Module__diagsEnabled__C)
                  00007d60    00000004     rtos_config_pem4f.oem4f (.const:xdc_runtime_Core_Module__diagsIncluded__C)
                  00007d64    00000004     rtos_config_pem4f.oem4f (.const:xdc_runtime_Core_Module__diagsMask__C)
                  00007d68    00000004     rtos_config_pem4f.oem4f (.const:xdc_runtime_Error_E_memory__C)
                  00007d6c    00000004     rtos_config_pem4f.oem4f (.const:xdc_runtime_Error_Module__diagsEnabled__C)
                  00007d70    00000004     rtos_config_pem4f.oem4f (.const:xdc_runtime_Error_Module__diagsIncluded__C)
                  00007d74    00000004     rtos_config_pem4f.oem4f (.const:xdc_runtime_Error_Module__diagsMask__C)
                  00007d78    00000004     rtos_config_pem4f.oem4f (.const:xdc_runtime_Error_Module__loggerFxn8__C)
                  00007d7c    00000004     rtos_config_pem4f.oem4f (.const:xdc_runtime_Error_Module__loggerObj__C)
                  00007d80    00000004     rtos_config_pem4f.oem4f (.const:xdc_runtime_Error_policyFxn__C)
                  00007d84    00000004     rtos_config_pem4f.oem4f (.const:xdc_runtime_Error_raiseHook__C)
                  00007d88    00000004     rtos_config_pem4f.oem4f (.const:xdc_runtime_IGateProvider_Interface__BASE__C)
                  00007d8c    00000004     rtos_config_pem4f.oem4f (.const:xdc_runtime_IHeap_Interface__BASE__C)
                  00007d90    00000004     rtos_config_pem4f.oem4f (.const:xdc_runtime_IModule_Interface__BASE__C)
                  00007d94    00000004     rtos_config_pem4f.oem4f (.const:xdc_runtime_Log_L_error__C)
                  00007d98    00000004     rtos_config_pem4f.oem4f (.const:xdc_runtime_Log_L_info__C)
                  00007d9c    00000004     rtos_config_pem4f.oem4f (.const:xdc_runtime_Main_Module__diagsEnabled__C)
                  00007da0    00000004     rtos_config_pem4f.oem4f (.const:xdc_runtime_Main_Module__diagsIncluded__C)
                  00007da4    00000004     rtos_config_pem4f.oem4f (.const:xdc_runtime_Main_Module__diagsMask__C)
                  00007da8    00000004     rtos_config_pem4f.oem4f (.const:xdc_runtime_Main_Module__loggerFxn4__C)
                  00007dac    00000004     rtos_config_pem4f.oem4f (.const:xdc_runtime_Main_Module__loggerObj__C)
                  00007db0    00000004     rtos_config_pem4f.oem4f (.const:xdc_runtime_Memory_defaultHeapInstance__C)
                  00007db4    00000004     rtos_config_pem4f.oem4f (.const:xdc_runtime_Startup_execImpl__C)
                  00007db8    00000004     rtos_config_pem4f.oem4f (.const:xdc_runtime_Startup_maxPasses__C)
                  00007dbc    00000004     rtos_config_pem4f.oem4f (.const:xdc_runtime_Startup_sfxnRts__C)
                  00007dc0    00000004     rtos_config_pem4f.oem4f (.const:xdc_runtime_Startup_sfxnTab__C)
                  00007dc4    00000004     rtos_config_pem4f.oem4f (.const:xdc_runtime_SysMin_bufSize__C)
                  00007dc8    00000004     rtos_config_pem4f.oem4f (.const:xdc_runtime_SysMin_outputFunc__C)
                  00007dcc    00000004     rtos_config_pem4f.oem4f (.const:xdc_runtime_System_Module__gateObj__C)
                  00007dd0    00000004     rtos_config_pem4f.oem4f (.const:xdc_runtime_System_abortFxn__C)
                  00007dd4    00000004     rtos_config_pem4f.oem4f (.const:xdc_runtime_System_exitFxn__C)
                  00007dd8    00000004     rtos_config_pem4f.oem4f (.const:xdc_runtime_System_extendFxn__C)
                  00007ddc    00000004     rtos_config_pem4f.oem4f (.const:xdc_runtime_System_maxAtexitHandlers__C)
                  00007de0    00000004     rtos_config_pem4f.oem4f (.const:xdc_runtime_Text_charTab__C)
                  00007de4    00000004     rtos_config_pem4f.oem4f (.const:xdc_runtime_Text_nameEmpty__C)
                  00007de8    00000004     rtos_config_pem4f.oem4f (.const:xdc_runtime_Text_nameStatic__C)
                  00007dec    00000004     rtos_config_pem4f.oem4f (.const:xdc_runtime_Text_nameUnknown__C)
                  00007df0    00000004     rtos_config_pem4f.oem4f (.const:xdc_runtime_Text_nodeTab__C)
                  00007df4    00000004     rtos_config_pem4f.oem4f (.const:xdc_runtime_Text_visitRopeFxn__C)
                  00007df8    00000002     rtos_config_pem4f.oem4f (.const:ti_sysbios_family_arm_m3_Hwi_Module__id__C)
                  00007dfa    00000002     rtos_config_pem4f.oem4f (.const:ti_sysbios_gates_GateMutex_Module__id__C)
                  00007dfc    00000002     rtos_config_pem4f.oem4f (.const:ti_sysbios_hal_Hwi_Module__id__C)
                  00007dfe    00000002     rtos_config_pem4f.oem4f (.const:ti_sysbios_heaps_HeapMem_Module__id__C)
                  00007e00    00000002     rtos_config_pem4f.oem4f (.const:ti_sysbios_knl_Event_Module__id__C)
                  00007e02    00000002     rtos_config_pem4f.oem4f (.const:ti_sysbios_knl_Semaphore_Module__id__C)
                  00007e04    00000002     rtos_config_pem4f.oem4f (.const:ti_sysbios_knl_Task_Module__id__C)
                  00007e06    00000002     rtos_config_pem4f.oem4f (.const:xdc_runtime_Core_Module__id__C)
                  00007e08    00000002     rtos_config_pem4f.oem4f (.const:xdc_runtime_Error_Module__loggerDefined__C)
                  00007e0a    00000002     rtos_config_pem4f.oem4f (.const:xdc_runtime_Error_maxDepth__C)
                  00007e0c    00000002     rtos_config_pem4f.oem4f (.const:xdc_runtime_Main_Module__id__C)
                  00007e0e    00000002     rtos_config_pem4f.oem4f (.const:xdc_runtime_Main_Module__loggerDefined__C)
                  00007e10    00000002     rtos_config_pem4f.oem4f (.const:xdc_runtime_Memory_Module__id__C)
                  00007e12    00000002     rtos_config_pem4f.oem4f (.const:xdc_runtime_SysMin_flushAtExit__C)
                  00007e14    00000002     rtos_config_pem4f.oem4f (.const:xdc_runtime_Text_charCnt__C)
                  00007e16    00000002     rtos_config_pem4f.oem4f (.const:xdc_runtime_Text_isLoaded__C)
                  00007e18    00000002     rtos_config_pem4f.oem4f (.const:xdc_runtime_Text_registryModsLastId__C)
                  00007e1a    00000002     rtos_config_pem4f.oem4f (.const:xdc_runtime_Text_unnamedModsLastId__C)
                  00007e1c    00000001     rtos_config_pem4f.oem4f (.const:xdc_runtime_Error_policy__C)

.cinit     0    00007e20    00000248     
                  00007e20    00000213     (.cinit..data.load) [load image, compression = lzss]
                  00008033    00000001     --HOLE-- [fill = 0]
                  00008034    0000000c     (__TI_handler_table)
                  00008040    00000008     (.cinit..bss.load) [load image, compression = zero_init]
                  00008048    00000008     (.cinit..vecs.load) [load image, compression = zero_init]
                  00008050    00000018     (__TI_cinit_table)

.init_array 
*          0    00000000    00000000     UNINITIALIZED

.resetVecs 
*          0    00000000    0000003c     
                  00000000    0000003c     rtos_config_pem4f.oem4f (.resetVecs)

.bss       0    20000400    00005d9c     UNINITIALIZED
                  20000400    00002000     (.common:ADCchannel)
                  20002400    00001000     adc_dma_samples.obj (.bss:udmaCtrlTable)
                  20003400    00000800     adc_dma_samples.obj (.bss:g_uint16_adc0_ping)
                  20003c00    00000800     adc_dma_samples.obj (.bss:g_uint16_adc0_pong)
                  20004400    00000800     adc_dma_samples.obj (.bss:g_uint16_adc1_ping)
                  20004c00    00000800     adc_dma_samples.obj (.bss:g_uint16_adc1_pong)
                  20005400    00000400     rtos_config_pem4f.oem4f (.bss:taskStackSection)
                  20005800    00000400     (.common:ti_sysbios_heaps_HeapMem_Instance_State_0_buf__A)
                  20005c00    00000360     (.common:ti_sysbios_family_arm_m3_Hwi_dispatchTable)
                  20005f60    00000120     rtsv7M4_T_le_v4SPD16_eabi.lib : trgmsg.c.obj (.bss:_CIOBUF_)
                  20006080    00000090     drivers_tivaware.aem4f : GPIOTiva.oem4f (.bss:gpioCallbackInfo)
                  20006110    00000080     (.common:xdc_runtime_SysMin_Module_State_0_outbuf__A)
                  20006190    00000008     (.common:parmbuf)
                  20006198    00000004     (.common:gpioInterruptVectors)

.data      0    2000619c    000004d8     UNINITIALIZED
                  2000619c    00000098     rtos_config_pem4f.oem4f (.data:ti_sysbios_knl_Task_Object__table__V)
                  20006234    00000080     rtos_config_pem4f.oem4f (.data:ti_sysbios_knl_Swi_Module_State_0_readyQ__A)
                  200062b4    00000080     rtos_config_pem4f.oem4f (.data:ti_sysbios_knl_Task_Module_State_0_readyQ__A)
                  20006334    00000050     rtos_config_pem4f.oem4f (.data:ti_sysbios_knl_Semaphore_Object__table__V)
                  20006384    00000048     rtos_config_pem4f.oem4f (.data:ti_sysbios_family_arm_m3_Hwi_Object__table__V)
                  200063cc    00000044     rtos_config_pem4f.oem4f (.data:ti_sysbios_knl_Task_Module__state__V)
                  20006410    00000040     rtos_config_pem4f.oem4f (.data:ti_sysbios_family_arm_lm4_Timer_Object__table__V)
                  20006450    00000038     rtos_config_pem4f.oem4f (.data:ti_sysbios_gates_GateMutex_Object__table__V)
                  20006488    00000034     rtos_config_pem4f.oem4f (.data:ti_sysbios_family_arm_m3_Hwi_Module__state__V)
                  200064bc    00000030     rtos_config_pem4f.oem4f (.data:ti_sysbios_family_arm_lm4_Timer_Module_State_0_device__A)
                  200064ec    00000030     rtos_config_pem4f.oem4f (.data:ti_sysbios_knl_Swi_Object__table__V)
                  2000651c    0000002c     rtos_config_pem4f.oem4f (.data:ti_sysbios_knl_Clock_Module__state__V)
                  20006548    00000024     rtos_config_pem4f.oem4f (.data:ti_sysbios_BIOS_Module__state__V)
                  2000656c    0000001c     rtos_config_pem4f.oem4f (.data:ti_sysbios_knl_Swi_Module__state__V)
                  20006588    00000018     rtos_config_pem4f.oem4f (.data:ti_sysbios_family_arm_lm4_Timer_Module_State_0_handles__A)
                  200065a0    00000018     rtos_config_pem4f.oem4f (.data:ti_sysbios_heaps_HeapMem_Object__table__V)
                  200065b8    00000014     EK_TM4C123GXL.obj (.data:gpioPinConfigs)
                  200065cc    0000000c     rtos_config_pem4f.oem4f (.data:ti_sysbios_family_arm_lm4_Timer_Module__state__V)
                  200065d8    0000000c     rtos_config_pem4f.oem4f (.data:ti_sysbios_knl_Event_Object__table__V)
                  200065e4    0000000c     rtos_config_pem4f.oem4f (.data:xdc_runtime_SysMin_Module__state__V)
                  200065f0    00000008     rtsv7M4_T_le_v4SPD16_eabi.lib : _lock.c.obj (.data:$O1$$)
                  200065f8    00000008     EK_TM4C123GXL.obj (.data:gpioCallbackFunctions)
                  20006600    00000008     rtos_config_pem4f.oem4f (.data:ti_sysbios_family_arm_m3_Hwi_Module__root__V)
                  20006608    00000008     rtos_config_pem4f.oem4f (.data:ti_sysbios_gates_GateHwi_Module__root__V)
                  20006610    00000008     rtos_config_pem4f.oem4f (.data:ti_sysbios_gates_GateMutex_Module__root__V)
                  20006618    00000008     rtos_config_pem4f.oem4f (.data:ti_sysbios_heaps_HeapMem_Module__root__V)
                  20006620    00000008     rtos_config_pem4f.oem4f (.data:ti_sysbios_knl_Queue_Module__root__V)
                  20006628    00000008     rtos_config_pem4f.oem4f (.data:ti_sysbios_knl_Semaphore_Module__root__V)
                  20006630    00000008     rtos_config_pem4f.oem4f (.data:xdc_runtime_Registry_Module__state__V)
                  20006638    00000008     rtos_config_pem4f.oem4f (.data:xdc_runtime_Startup_Module__state__V)
                  20006640    00000008     rtos_config_pem4f.oem4f (.data:xdc_runtime_System_Module_State_0_atexitHandlers__A)
                  20006648    00000008     rtos_config_pem4f.oem4f (.data:xdc_runtime_System_Module__state__V)
                  20006650    00000005     drivers_tivaware.aem4f : GPIOTiva.oem4f (.data)
                  20006655    00000002     adc_dma_samples.obj (.data)
                  20006657    00000001     --HOLE--
                  20006658    00000004     rtsv7M4_T_le_v4SPD16_eabi.lib : stkdepth_vars.c.obj (.data)
                  2000665c    00000004     rtos_config_pem4f.oem4f (.data:ti_sysbios_family_arm_m3_Hwi_Module_State_0_excContext__A)
                  20006660    00000004     rtos_config_pem4f.oem4f (.data:ti_sysbios_family_arm_m3_Hwi_Module_State_0_excStack__A)
                  20006664    00000004     rtos_config_pem4f.oem4f (.data:ti_sysbios_gates_GateHwi_Object__table__V)
                  20006668    00000004     rtos_config_pem4f.oem4f (.data:ti_sysbios_knl_Task_Module_State_0_idleTask__A)
                  2000666c    00000004     rtos_config_pem4f.oem4f (.data:xdc_runtime_Memory_Module__state__V)
                  20006670    00000002     rtos_config_pem4f.oem4f (.data:ti_sysbios_family_arm_m3_Hwi_Module_State_0_excActive__A)
                  20006672    00000002     rtos_config_pem4f.oem4f (.data:xdc_runtime_Error_Module__state__V)

.stack     0    20006678    00000300     UNINITIALIZED
                  20006678    00000300     --HOLE--

.bootVecs 
*          0    00000000    00000008     DSECT
                  00000000    00000008     boot.aem4f : boot.oem4f (.bootVecs)

.vecs      0    20000000    00000360     UNINITIALIZED
                  20000000    00000360     rtos_config_pem4f.oem4f (.vecs)

xdc.meta   0    00000000    000000e9     COPY SECTION
                  00000000    000000e9     rtos_config_pem4f.oem4f (xdc.meta)

MODULE SUMMARY

       Module                       code    ro data   rw data
       ------                       ----    -------   -------
    ./
       main_adc_dma_2ch.obj         112     0         0      
    +--+----------------------------+-------+---------+---------+
       Total:                       112     0         0      
                                                             
    ./project_includes/
       adc_dma_samples.obj          1618    0         20482  
       EK_TM4C123GXL.obj            112     20        28     
    +--+----------------------------+-------+---------+---------+
       Total:                       1730    20        20510  
                                                             
    /Users/Julio/ECP108/EX1_ADC_DMA_2_Channels/Debug/configPkg/package/cfg/
       rtos_config_pem4f.oem4f      1558    7961      5096   
    +--+----------------------------+-------+---------+---------+
       Total:                       1558    7961      5096   
                                                             
    /Applications/ti/ccsv8/tools/compiler/ti-cgt-arm_18.1.3.LTS/lib/rtsv7M4_T_le_v4SPD16_eabi.lib
       trgmsg.c.obj                 108     0         288    
       memcpy_t2.asm.obj            156     0         0      
       memset_t2.asm.obj            122     0         0      
       copy_decompress_lzss.c.obj   104     0         0      
       hostwrite.c.obj              88      0         0      
       cpy_tbl.c.obj                76      0         0      
       u_divt2.asm.obj              64      0         0      
       _lock.c.obj                  26      0         8      
       args_main.c.obj              24      0         0      
       strlen.c.obj                 20      0         0      
       copy_decompress_none.c.obj   14      0         0      
       copy_zero_init.c.obj         12      0         0      
       hostopen.c.obj               0       0         8      
       exit.c.obj                   4       0         0      
       stkdepth_vars.c.obj          0       0         4      
       div0.asm.obj                 2       0         0      
    +--+----------------------------+-------+---------+---------+
       Total:                       820     0         308    
                                                             
    /Users/Julio/ECP108/EX1_ADC_DMA_2_Channels/src/sysbios/sysbios.aem4f
       BIOS.obj                     11184   0         0      
       m3_Hwi_asm.obj               314     0         0      
       m3_TaskSupport_asm.obj       180     0         0      
       m3_Hwi_asm_switch.obj        118     0         0      
    +--+----------------------------+-------+---------+---------+
       Total:                       11796   0         0      
                                                             
    /Users/Julio/ti/tirtos_tivac_2_16_00_08/products/TivaWare_C_Series-2.1.1.71b/driverlib/ccs/Debug/driverlib.lib
       sysctl.obj                   702     108       0      
       gpio.obj                     494     0         0      
       udma.obj                     448     0         0      
       adc.obj                      294     0         0      
       timer.obj                    220     0         0      
       interrupt.obj                104     112       0      
    +--+----------------------------+-------+---------+---------+
       Total:                       2262    220       0      
                                                             
    /Users/Julio/ti/tirtos_tivac_2_16_00_08/products/bios_6_45_01_29/packages/ti/catalog/arm/cortexm4/tiva/ce/lib/Boot.aem4f
       Boot_sysctl.oem4f            262     0         0      
       Boot.oem4f                   152     0         0      
    +--+----------------------------+-------+---------+---------+
       Total:                       414     0         0      
                                                             
    /Users/Julio/ti/tirtos_tivac_2_16_00_08/products/bios_6_45_01_29/packages/ti/targets/arm/rtsarm/lib/auto_init.aem4f
       auto_init.oem4f              160     0         0      
    +--+----------------------------+-------+---------+---------+
       Total:                       160     0         0      
                                                             
    /Users/Julio/ti/tirtos_tivac_2_16_00_08/products/bios_6_45_01_29/packages/ti/targets/arm/rtsarm/lib/boot.aem4f
       boot.oem4f                   88      0         0      
    +--+----------------------------+-------+---------+---------+
       Total:                       88      0         0      
                                                             
    /Users/Julio/ti/tirtos_tivac_2_16_00_08/products/bios_6_45_01_29/packages/ti/targets/arm/rtsarm/lib/ti.targets.arm.rtsarm.aem4f
       System.oem4f                 1255    0         0      
       Text.oem4f                   672     0         0      
       Error.oem4f                  524     0         0      
       Core-mem.oem4f               358     0         0      
       Startup.oem4f                328     0         0      
       SysMin.oem4f                 248     0         0      
       Core-smem.oem4f              204     0         0      
       Memory.oem4f                 176     0         0      
       Assert.oem4f                 84      0         0      
       Core-params.oem4f            70      0         0      
       Core-label.oem4f             52      0         0      
       Registry.oem4f               32      0         0      
       Gate.oem4f                   28      0         0      
    +--+----------------------------+-------+---------+---------+
       Total:                       4031    0         0      
                                                             
    /Users/Julio/ti/tirtos_tivac_2_16_00_08/products/tidrivers_tivac_2_16_00_08/packages/ti/drivers/lib/drivers_tivaware.aem4f
       GPIOTiva.oem4f               764     156       153    
    +--+----------------------------+-------+---------+---------+
       Total:                       764     156       153    
                                                             
       Stack:                       0       0         768    
       Linker Generated:            0       583       0      
    +--+----------------------------+-------+---------+---------+
       Grand Total:                 23735   8940      26835  


LINKER GENERATED COPY TABLES

__TI_cinit_table @ 00008050 records: 3, size/record: 8, table size: 24
	.data: load addr=00007e20, load size=00000213 bytes, run addr=2000619c, run size=000004d8 bytes, compression=lzss
	.bss: load addr=00008040, load size=00000008 bytes, run addr=20000400, run size=00005d9c bytes, compression=zero_init
	.vecs: load addr=00008048, load size=00000008 bytes, run addr=20000000, run size=00000360 bytes, compression=zero_init


LINKER GENERATED HANDLER TABLE

__TI_handler_table @ 00008034 records: 3, size/record: 4, table size: 12
	index: 0, handler: __TI_decompress_lzss
	index: 1, handler: __TI_decompress_none
	index: 2, handler: __TI_zero_init


GLOBAL SYMBOLS: SORTED ALPHABETICALLY BY Name 

address   name                                                              
-------   ----                                                              
000058ad  ADCClockConfigSet                                                 
00005a65  ADCHardwareOversampleConfigure                                    
000007bd  ADCIntClearEx                                                     
00005d29  ADCIntEnableEx                                                    
00005c55  ADCReferenceSet                                                   
00004bd1  ADCSequenceConfigure                                              
00005aed  ADCSequenceDMAEnable                                              
00005be1  ADCSequenceDisable                                                
00005bef  ADCSequenceEnable                                                 
000037a9  ADCSequenceStepConfigure                                          
20000400  ADCchannel                                                        
00000d2d  C$$EXIT                                                           
00004d33  C$$IO$$                                                           
00004fcd  EK_TM4C123GXL_initGPIO                                            
00004b0d  EK_TM4C123GXL_initGeneral                                         
000052ed  GPIODirModeSet                                                    
000056f3  GPIOIntClear                                                      
00005bfd  GPIOIntStatus                                                     
000043a9  GPIOIntTypeSet                                                    
00001d65  GPIOPadConfigSet                                                  
00005a77  GPIOPinTypeADC                                                    
00005a89  GPIOPinTypeGPIOInput                                              
00005ac3  GPIOPinWrite                                                      
00007be8  GPIOTiva_config                                                   
00003dbd  GPIO_hwiIntFxn                                                    
00003585  GPIO_init                                                         
00004455  GPIO_setCallback                                                  
0000198d  GPIO_setConfig                                                    
000044a5  GPIO_write                                                        
00004249  HOSTwrite                                                         
00003c1d  IntEnable                                                         
UNDEFED   SHT$$INIT_ARRAY$$Base                                             
UNDEFED   SHT$$INIT_ARRAY$$Limit                                            
000020d1  SysCtlClockGet                                                    
000029c1  SysCtlClockSet                                                    
00005d49  SysCtlDelay                                                       
00004e21  SysCtlPeripheralEnable                                            
00004ccd  SysCtlPeripheralReady                                             
000044f5  SysCtlPeripheralReset                                             
00000abd  TimerADCEventSet                                                  
00003f4d  TimerConfigure                                                    
000042a1  TimerControlTrigger                                               
00005c0b  TimerEnable                                                       
00005a9b  TimerLoadSet                                                      
00000000  __ASM__                                                           
20005f60  __CIOBUF_                                                         
00000067  __ISA__                                                           
0000007a  __PLAT__                                                          
20006978  __STACK_END                                                       
00000300  __STACK_SIZE                                                      
0000009b  __TARG__                                                          
00008050  __TI_CINIT_Base                                                   
00008068  __TI_CINIT_Limit                                                  
00008034  __TI_Handler_Table_Base                                           
00008040  __TI_Handler_Table_Limit                                          
000030b1  __TI_auto_init                                                    
00003c85  __TI_decompress_lzss                                              
00005c19  __TI_decompress_none                                              
ffffffff  __TI_pprof_out_hndl                                               
ffffffff  __TI_prof_data_size                                               
ffffffff  __TI_prof_data_start                                              
00004e55  __TI_readmsg                                                      
00007e20  __TI_static_base__                                                
00004d05  __TI_writemsg                                                     
00005c79  __TI_zero_init                                                    
000000c1  __TRDR__                                                          
000034ed  __aeabi_idiv0                                                     
000034ed  __aeabi_ldiv0                                                     
00003823  __aeabi_memclr                                                    
00003823  __aeabi_memclr4                                                   
00003823  __aeabi_memclr8                                                   
000031f1  __aeabi_memcpy                                                    
000031f1  __aeabi_memcpy4                                                   
000031f1  __aeabi_memcpy8                                                   
00003825  __aeabi_memset                                                    
00003825  __aeabi_memset4                                                   
00003825  __aeabi_memset8                                                   
00004b4d  __aeabi_uidiv                                                     
00004b4d  __aeabi_uidivmod                                                  
ffffffff  __binit__                                                         
ffffffff  __c_args__                                                        
20006678  __stack                                                           
000058c5  _args_main                                                        
000042f9  _c_int00                                                          
200065f0  _lock                                                             
00003327  _nop                                                              
00005c61  _register_lock                                                    
00005c6d  _register_unlock                                                  
200065f4  _unlock                                                           
00000d2d  abort                                                             
00001371  adcSeq0_Hwi                                                       
00007aa4  adcSeq0_Hwi_Handle                                                
00001511  adcSeq1_Hwi                                                       
00007aa8  adcSeq1_Hwi_Handle                                                
ffffffff  binit                                                             
00004639  copy_in                                                           
00007aac  e_adcData_Ready                                                   
200065f8  gpioCallbackFunctions                                             
200065b8  gpioPinConfigs                                                    
00005afd  heartBeat_TASK                                                    
00007aa0  heartBeat_TASK_Handle                                             
00003fad  main                                                              
20006658  main_func_sp                                                      
000031f1  memcpy                                                            
0000382b  memset                                                            
00005b71  osi_TaskDisable                                                   
00005b21  osi_start                                                         
20006190  parmbuf                                                           
00007ab0  s_adc0_ping_ready                                                 
00007ab4  s_adc0_pong_ready                                                 
00007ab8  s_adc1_ping_ready                                                 
00007abc  s_adc1_pong_ready                                                 
000059e7  startSampling                                                     
000059fb  strlen                                                            
[...]
00005cf1  xdc_runtime_Gate_enterSystem__E                                   
00005cfd  xdc_runtime_Memory_calloc__E                                      
00005d09  xdc_runtime_Memory_getMaxDefaultTypeAlign__E                      
00005d15  xdc_runtime_Memory_HeapProxy_alloc__E                             
00005d1f  xdc_runtime_Memory_HeapProxy_free__E                              
00005d29  ADCIntEnableEx                                                    
00005d31  ti_sysbios_family_arm_lm4_Timer_masterDisable__I                  
00005d39  ti_sysbios_family_arm_m3_Hwi_doSwiRestore__I                      
00005d41  ti_sysbios_family_arm_m3_Hwi_startup__E                           
00005d41  ti_sysbios_hal_Hwi_HwiProxy_startup__E                            
00005d41  ti_sysbios_hal_Hwi_startup__E                                     
00005d49  SysCtlDelay                                                       
00005d4f  ti_catalog_arm_cortexm4_tiva_ce_Boot_sysCtlDelayI__I              
00005d59  ti_sysbios_family_arm_m3_Hwi_doTaskRestore__I                     
00005d61  ti_sysbios_family_arm_m3_Hwi_restoreFxn__E                        
00005d61  ti_sysbios_hal_Hwi_HwiProxy_restore__E                            
00005d69  ti_sysbios_gates_GateHwi_leave__E                                 
00005d71  ti_sysbios_heaps_HeapMem_isBlocking__E                            
00005d79  ti_sysbios_knl_Queue_Instance_init__E                             
00005d81  ti_sysbios_knl_Swi_startup__E                                     
00005d87  xdc_runtime_System_Module_startup__E                              
00005d91  ti_sysbios_gates_GateHwi_query__E                                 
00005d91  xdc_runtime_Main_Module_GateProxy_query__E                        
00005d91  xdc_runtime_System_Module_GateProxy_query__E                      
00005d99  ti_sysbios_BIOS_RtsGateProxy_query__E                             
00005d99  ti_sysbios_gates_GateMutex_query__E                               
00005d99  ti_sysbios_heaps_HeapMem_Module_GateProxy_query__E                
00005da1  ti_sysbios_knl_Task_startup__E                                    
00005da9  ti_sysbios_gates_GateHwi_Instance_init__E                         
00005db1  ti_sysbios_knl_Clock_logTick__E                                   
00005db4  xdc_runtime_Text_charTab__A                                       
00007736  xdc_runtime_Text_nodeTab__A                                       
000077f6  ti_catalog_arm_cortexm4_tiva_ce_Boot_Module__id__C                
000079b8  ti_sysbios_family_arm_m3_Hwi_Object__PARAMS__C                    
000079e8  ti_sysbios_heaps_HeapMem_Module__FXNS__C                          
00007a10  ti_sysbios_gates_GateHwi_Module__FXNS__C                          
00007a34  ti_sysbios_gates_GateMutex_Module__FXNS__C                        
00007a58  ti_sysbios_heaps_HeapMem_Object__PARAMS__C                        
00007a7c  ti_sysbios_knl_Semaphore_Object__PARAMS__C                        
00007aa0  heartBeat_TASK_Handle                                             
00007aa4  adcSeq0_Hwi_Handle                                                
00007aa8  adcSeq1_Hwi_Handle                                                
00007aac  e_adcData_Ready                                                   
00007ab0  s_adc0_ping_ready                                                 
00007ab4  s_adc0_pong_ready                                                 
00007ab8  s_adc1_ping_ready                                                 
00007abc  s_adc1_pong_ready                                                 
00007ac0  ti_sysbios_family_arm_m3_Hwi_Object__DESC__C                      
00007ae0  ti_sysbios_gates_GateHwi_Object__DESC__C                          
00007b00  ti_sysbios_gates_GateMutex_Object__DESC__C                        
00007b20  ti_sysbios_heaps_HeapMem_Object__DESC__C                          
00007b40  ti_sysbios_knl_Queue_Object__DESC__C                              
00007b60  ti_sysbios_knl_Semaphore_Object__DESC__C                          
00007b80  xdc_runtime_Startup_sfxnTab__A                                    
00007ba0  ti_sysbios_gates_GateHwi_Object__PARAMS__C                        
00007bb8  ti_sysbios_gates_GateMutex_Object__PARAMS__C                      
00007bd0  ti_sysbios_knl_Queue_Object__PARAMS__C                            
00007be8  GPIOTiva_config                                                   
00007bfc  xdc_runtime_Startup_firstFxns__A                                  
00007c10  xdc_runtime_Startup_sfxnRts__A                                    
00007c20  ti_sysbios_family_arm_m3_Hwi_excHookFuncs__A                      
00007c28  ti_sysbios_knl_Idle_funcList__C                                   
00007c30  xdc_runtime_Startup_firstFxns__C                                  
00007c38  xdc_runtime_Startup_lastFxns__C                                   
00007c40  ti_catalog_arm_cortexm4_tiva_ce_Boot_A_mustUseEnhancedClockMode__C
00007c44  ti_catalog_arm_cortexm4_tiva_ce_Boot_Module__diagsEnabled__C      
00007c48  ti_catalog_arm_cortexm4_tiva_ce_Boot_Module__diagsIncluded__C     
00007c4c  ti_catalog_arm_cortexm4_tiva_ce_Boot_Module__diagsMask__C         
00007c50  ti_sysbios_family_arm_lm4_Timer_enableFunc__C                     
00007c54  ti_sysbios_family_arm_lm4_Timer_numTimerDevices__C                
00007c58  ti_sysbios_family_arm_lm4_Timer_startupNeeded__C                  
00007c5c  ti_sysbios_family_arm_m3_Hwi_E_NMI__C                             
00007c60  ti_sysbios_family_arm_m3_Hwi_E_alreadyDefined__C                  
00007c64  ti_sysbios_family_arm_m3_Hwi_E_busFault__C                        
00007c68  ti_sysbios_family_arm_m3_Hwi_E_debugMon__C                        
00007c6c  ti_sysbios_family_arm_m3_Hwi_E_hardFault__C                       
00007c70  ti_sysbios_family_arm_m3_Hwi_E_memFault__C                        
00007c74  ti_sysbios_family_arm_m3_Hwi_E_noIsr__C                           
00007c78  ti_sysbios_family_arm_m3_Hwi_E_reserved__C                        
00007c7c  ti_sysbios_family_arm_m3_Hwi_E_svCall__C                          
00007c80  ti_sysbios_family_arm_m3_Hwi_E_usageFault__C                      
00007c84  ti_sysbios_family_arm_m3_Hwi_NUM_INTERRUPTS__C                    
00007c88  ti_sysbios_family_arm_m3_Hwi_Object__count__C                     
00007c8c  ti_sysbios_family_arm_m3_Hwi_ccr__C                               
00007c90  ti_sysbios_family_arm_m3_Hwi_excHandlerFunc__C                    
00007c94  ti_sysbios_family_arm_m3_Hwi_excHookFuncs__C                      
00007c98  ti_sysbios_family_arm_m3_Hwi_nullIsrFunc__C                       
00007c9c  ti_sysbios_family_arm_m3_Hwi_priGroup__C                          
00007ca0  ti_sysbios_gates_GateMutex_A_badContext__C                        
00007ca4  ti_sysbios_gates_GateMutex_Instance_State_sem__O                  
00007ca8  ti_sysbios_gates_GateMutex_Module__diagsEnabled__C                
00007cac  ti_sysbios_gates_GateMutex_Module__diagsIncluded__C               
00007cb0  ti_sysbios_gates_GateMutex_Module__diagsMask__C                   
00007cb4  ti_sysbios_hal_Hwi_E_stackOverflow__C                             
00007cb8  ti_sysbios_heaps_HeapMem_A_align__C                               
00007cbc  ti_sysbios_heaps_HeapMem_A_heapSize__C                            
00007cc0  ti_sysbios_heaps_HeapMem_A_invalidFree__C                         
00007cc4  ti_sysbios_heaps_HeapMem_A_zeroBlock__C                           
00007cc8  ti_sysbios_heaps_HeapMem_E_memory__C                              
00007ccc  ti_sysbios_heaps_HeapMem_Module__diagsEnabled__C                  
00007cd0  ti_sysbios_heaps_HeapMem_Module__diagsIncluded__C                 
00007cd4  ti_sysbios_heaps_HeapMem_Module__diagsMask__C                     
00007cd8  ti_sysbios_heaps_HeapMem_Module__gateObj__C                       
00007cdc  ti_sysbios_heaps_HeapMem_Object__count__C                         
00007ce0  ti_sysbios_heaps_HeapMem_reqAlign__C                              
00007ce4  ti_sysbios_knl_Clock_Module_State_clockQ__O                       
00007ce8  ti_sysbios_knl_Event_A_nullEventId__C                             
00007cec  ti_sysbios_knl_Event_Instance_State_pendQ__O                      
00007cf0  ti_sysbios_knl_Event_Module__diagsEnabled__C                      
00007cf4  ti_sysbios_knl_Event_Module__diagsIncluded__C                     
00007cf8  ti_sysbios_knl_Event_Module__diagsMask__C                         
00007cfc  ti_sysbios_knl_Idle_funcList__A                                   
00007d00  ti_sysbios_knl_Semaphore_A_badContext__C                          
00007d04  ti_sysbios_knl_Semaphore_A_overflow__C                            
00007d08  ti_sysbios_knl_Semaphore_A_pendTaskDisabled__C                    
00007d0c  ti_sysbios_knl_Semaphore_Instance_State_pendQ__O                  
00007d10  ti_sysbios_knl_Semaphore_Module__diagsEnabled__C                  
00007d14  ti_sysbios_knl_Semaphore_Module__diagsIncluded__C                 
00007d18  ti_sysbios_knl_Semaphore_Module__diagsMask__C                     
00007d1c  ti_sysbios_knl_Semaphore_eventPost__C                             
00007d20  ti_sysbios_knl_Semaphore_eventSync__C                             
00007d24  ti_sysbios_knl_Swi_Object__count__C                               
00007d28  ti_sysbios_knl_Task_A_badTimeout__C                               
00007d2c  ti_sysbios_knl_Task_A_sleepTaskDisabled__C                        
00007d30  ti_sysbios_knl_Task_E_spOutOfBounds__C                            
00007d34  ti_sysbios_knl_Task_E_stackOverflow__C                            
00007d38  ti_sysbios_knl_Task_Module_State_inactiveQ__O                     
00007d3c  ti_sysbios_knl_Task_Module__diagsEnabled__C                       
00007d40  ti_sysbios_knl_Task_Module__diagsIncluded__C                      
00007d44  ti_sysbios_knl_Task_Module__diagsMask__C                          
00007d48  ti_sysbios_knl_Task_Object__count__C                              
00007d4c  ti_sysbios_knl_Task_allBlockedFunc__C                             
00007d50  ti_sysbios_knl_Task_numConstructedTasks__C                        
00007d54  xdc_runtime_Assert_E_assertFailed__C                              
00007d58  xdc_runtime_Core_A_initializedParams__C                           
00007d5c  xdc_runtime_Core_Module__diagsEnabled__C                          
00007d60  xdc_runtime_Core_Module__diagsIncluded__C                         
00007d64  xdc_runtime_Core_Module__diagsMask__C                             
00007d68  xdc_runtime_Error_E_memory__C                                     
00007d6c  xdc_runtime_Error_Module__diagsEnabled__C                         
00007d70  xdc_runtime_Error_Module__diagsIncluded__C                        
00007d74  xdc_runtime_Error_Module__diagsMask__C                            
00007d78  xdc_runtime_Error_Module__loggerFxn8__C                           
00007d7c  xdc_runtime_Error_Module__loggerObj__C                            
00007d80  xdc_runtime_Error_policyFxn__C                                    
00007d84  xdc_runtime_Error_raiseHook__C                                    
00007d88  xdc_runtime_IGateProvider_Interface__BASE__C                      
00007d8c  xdc_runtime_IHeap_Interface__BASE__C                              
00007d90  xdc_runtime_IModule_Interface__BASE__C                            
00007d94  xdc_runtime_Log_L_error__C                                        
00007d98  xdc_runtime_Log_L_info__C                                         
00007d9c  xdc_runtime_Main_Module__diagsEnabled__C                          
00007da0  xdc_runtime_Main_Module__diagsIncluded__C                         
00007da4  xdc_runtime_Main_Module__diagsMask__C                             
00007da8  xdc_runtime_Main_Module__loggerFxn4__C                            
00007dac  xdc_runtime_Main_Module__loggerObj__C                             
00007db0  xdc_runtime_Memory_defaultHeapInstance__C                         
00007db4  xdc_runtime_Startup_execImpl__C                                   
00007db8  xdc_runtime_Startup_maxPasses__C                                  
00007dbc  xdc_runtime_Startup_sfxnRts__C                                    
00007dc0  xdc_runtime_Startup_sfxnTab__C                                    
00007dc4  xdc_runtime_SysMin_bufSize__C                                     
00007dc8  xdc_runtime_SysMin_outputFunc__C                                  
00007dcc  xdc_runtime_System_Module__gateObj__C                             
00007dd0  xdc_runtime_System_abortFxn__C                                    
00007dd4  xdc_runtime_System_exitFxn__C                                     
00007dd8  xdc_runtime_System_extendFxn__C                                   
00007ddc  xdc_runtime_System_maxAtexitHandlers__C                           
00007de0  xdc_runtime_Text_charTab__C                                       
00007de4  xdc_runtime_Text_nameEmpty__C                                     
00007de8  xdc_runtime_Text_nameStatic__C                                    
00007dec  xdc_runtime_Text_nameUnknown__C                                   
00007df0  xdc_runtime_Text_nodeTab__C                                       
00007df4  xdc_runtime_Text_visitRopeFxn__C                                  
00007df8  ti_sysbios_family_arm_m3_Hwi_Module__id__C                        
00007dfa  ti_sysbios_gates_GateMutex_Module__id__C                          
00007dfc  ti_sysbios_hal_Hwi_Module__id__C                                  
00007dfe  ti_sysbios_heaps_HeapMem_Module__id__C                            
00007e00  ti_sysbios_knl_Event_Module__id__C                                
00007e02  ti_sysbios_knl_Semaphore_Module__id__C                            
00007e04  ti_sysbios_knl_Task_Module__id__C                                 
00007e06  xdc_runtime_Core_Module__id__C                                    
00007e08  xdc_runtime_Error_Module__loggerDefined__C                        
00007e0a  xdc_runtime_Error_maxDepth__C                                     
00007e0c  xdc_runtime_Main_Module__id__C                                    
00007e0e  xdc_runtime_Main_Module__loggerDefined__C                         
00007e10  xdc_runtime_Memory_Module__id__C                                  
00007e12  xdc_runtime_SysMin_flushAtExit__C                                 
00007e14  xdc_runtime_Text_charCnt__C                                       
00007e16  xdc_runtime_Text_isLoaded__C                                      
00007e18  xdc_runtime_Text_registryModsLastId__C                            
00007e1a  xdc_runtime_Text_unnamedModsLastId__C                             
00007e1c  xdc_runtime_Error_policy__C                                       
00007e20  __TI_static_base__                                                
00008034  __TI_Handler_Table_Base                                           
00008040  __TI_Handler_Table_Limit                                          
00008050  __TI_CINIT_Base                                                   
00008068  __TI_CINIT_Limit                                                  
20000000  ti_sysbios_family_arm_m3_Hwi_ramVectors                           
20000400  ADCchannel                                                        
20005400  ti_sysbios_knl_Task_Instance_State_0_stack__A                     
20005600  ti_sysbios_knl_Task_Instance_State_1_stack__A                     
20005800  ti_sysbios_heaps_HeapMem_Instance_State_0_buf__A                  
20005c00  ti_sysbios_family_arm_m3_Hwi_dispatchTable                        
20005f60  __CIOBUF_                                                         
20006110  xdc_runtime_SysMin_Module_State_0_outbuf__A                       
20006190  parmbuf                                                           
2000619c  ti_sysbios_knl_Task_Object__table__V                              
20006234  ti_sysbios_knl_Swi_Module_State_0_readyQ__A                       
200062b4  ti_sysbios_knl_Task_Module_State_0_readyQ__A                      
20006334  ti_sysbios_knl_Semaphore_Object__table__V                         
20006384  ti_sysbios_family_arm_m3_Hwi_Object__table__V                     
200063cc  ti_sysbios_knl_Task_Module__state__V                              
20006410  ti_sysbios_family_arm_lm4_Timer_Object__table__V                  
20006450  ti_sysbios_gates_GateMutex_Object__table__V                       
20006488  ti_sysbios_family_arm_m3_Hwi_Module__state__V                     
200064bc  ti_sysbios_family_arm_lm4_Timer_Module_State_0_device__A          
200064ec  ti_sysbios_knl_Swi_Object__table__V                               
2000651c  ti_sysbios_knl_Clock_Module__state__V                             
20006548  ti_sysbios_BIOS_Module__state__V                                  
2000656c  ti_sysbios_knl_Swi_Module__state__V                               
20006588  ti_sysbios_family_arm_lm4_Timer_Module_State_0_handles__A         
200065a0  ti_sysbios_heaps_HeapMem_Object__table__V                         
200065b8  gpioPinConfigs                                                    
200065cc  ti_sysbios_family_arm_lm4_Timer_Module__state__V                  
200065d8  ti_sysbios_knl_Event_Object__table__V                             
200065e4  xdc_runtime_SysMin_Module__state__V                               
200065f0  _lock                                                             
200065f4  _unlock                                                           
200065f8  gpioCallbackFunctions                                             
20006600  ti_sysbios_family_arm_m3_Hwi_Module__root__V                      
20006608  ti_sysbios_gates_GateHwi_Module__root__V                          
20006610  ti_sysbios_gates_GateMutex_Module__root__V                        
20006618  ti_sysbios_heaps_HeapMem_Module__root__V                          
20006620  ti_sysbios_knl_Queue_Module__root__V                              
20006628  ti_sysbios_knl_Semaphore_Module__root__V                          
20006630  xdc_runtime_Registry_Module__state__V                             
20006638  xdc_runtime_Startup_Module__state__V                              
20006640  xdc_runtime_System_Module_State_0_atexitHandlers__A               
20006648  xdc_runtime_System_Module__state__V                               
20006658  main_func_sp                                                      
2000665c  ti_sysbios_family_arm_m3_Hwi_Module_State_0_excContext__A         
20006660  ti_sysbios_family_arm_m3_Hwi_Module_State_0_excStack__A           
20006664  ti_sysbios_gates_GateHwi_Object__table__V                         
20006668  ti_sysbios_knl_Task_Module_State_0_idleTask__A                    
2000666c  xdc_runtime_Memory_Module__state__V                               
20006670  ti_sysbios_family_arm_m3_Hwi_Module_State_0_excActive__A          
20006672  xdc_runtime_Error_Module__state__V                                
20006678  __stack                                                           
20006978  __STACK_END                                                       
e000e000  ti_sysbios_family_arm_m3_Hwi_nvic                                 
ffffffff  __TI_pprof_out_hndl                                               
ffffffff  __TI_prof_data_size                                               
ffffffff  __TI_prof_data_start                                              
ffffffff  __binit__                                                         
ffffffff  __c_args__                                                        
ffffffff  binit                                                             
UNDEFED   SHT$$INIT_ARRAY$$Base                                             
UNDEFED   SHT$$INIT_ARRAY$$Limit                                            

[586 symbols]
