******************************************************************************
                  TI ARM Linker Unix v18.1.3                   
******************************************************************************
>> Linked Fri Oct  5 14:56:08 2018

OUTPUT FILE NAME:   <EX1_PWM.out>
ENTRY POINT SYMBOL: "_c_int00"  address: 000037e1


MEMORY CONFIGURATION

         name            origin    length      used     unused   attr    fill
----------------------  --------  ---------  --------  --------  ----  --------
  FLASH                 00000000   00040000  00007277  00038d89  R  X
  SRAM                  20000000   00008000  00001846  000067ba  RW X


SEGMENT ALLOCATION MAP

run origin  load origin   length   init length attrs members
----------  ----------- ---------- ----------- ----- -------
00000000    00000000    00007280   00007280    r-x
  00000000    00000000    0000003c   0000003c    r-- .resetVecs
  00000040    00000040    000050da   000050da    r-x .text
  0000511c    0000511c    00001f49   00001f49    r-- .const
  00007068    00007068    00000218   00000218    r-- .cinit
20000000    20000000    00001848   00000000    rw-
  20000000    20000000    00000360   00000000    rw- .vecs
  20000360    20000360    00000d9c   00000000    rw- .bss
  200010fc    200010fc    0000044a   00000000    rw- .data
  20001548    20001548    00000300   00000000    rw- .stack


SECTION ALLOCATION MAP

 output                                  attributes/
section   page    origin      length       input sections
--------  ----  ----------  ----------   ----------------
.text      0    00000040    000050da     
                  00000040    00000430     sysbios.aem4f : BIOS.obj (.text:ti_sysbios_family_arm_m3_Hwi_excDumpRegs__I)
                  00000470    0000034c     ti.targets.arm.rtsarm.aem4f : System.oem4f (.text:xdc_runtime_System_doPrint__I)
                  000007bc    00000004     rtsv7M4_T_le_v4SPD16_eabi.lib : exit.c.obj (.text:abort:abort)
                  000007c0    000002d0     sysbios.aem4f : BIOS.obj (.text:ti_sysbios_knl_Semaphore_pend__E)
                  00000a90    0000026c                   : BIOS.obj (.text:ti_sysbios_heaps_HeapMem_free__E)
                  00000cfc    00000004     rtos_config_pem4f.oem4f (.text:ti_sysbios_BIOS_RtsGateProxy_enter__E)
                  00000d00    00000250     sysbios.aem4f : BIOS.obj (.text:ti_sysbios_heaps_HeapMem_alloc__E)
                  00000f50    000001fc                   : BIOS.obj (.text:ti_sysbios_family_arm_m3_Hwi_excHandlerMax__I)
                  0000114c    00000004     rtos_config_pem4f.oem4f (.text:ti_sysbios_BIOS_RtsGateProxy_leave__E)
                  00001150    000001f0     sysbios.aem4f : BIOS.obj (.text:ti_sysbios_knl_Task_sleep__E)
                  00001340    00000174                   : BIOS.obj (.text:ti_sysbios_family_arm_m3_Hwi_excBusFault__I)
                  000014b4    00000004                   : BIOS.obj (.text:ti_sysbios_family_arm_lm4_Timer_masterEnable__I)
                  000014b8    00000164                   : BIOS.obj (.text:ti_sysbios_family_arm_m3_Hwi_excUsageFault__I)
                  0000161c    00000150     drivers_tivaware.aem4f : GPIOTiva.oem4f (.text:GPIO_setConfig)
                  0000176c    00000004     rtos_config_pem4f.oem4f (.text:ti_sysbios_family_arm_m3_TaskSupport_Module__startupDone__S)
                  00001770    00000148     sysbios.aem4f : BIOS.obj (.text:ti_sysbios_family_arm_m3_Hwi_excMemFault__I)
                  000018b8    0000013c                   : BIOS.obj (.text:ti_sysbios_heaps_HeapMem_Instance_init__E)
                  000019f4    00000130     driverlib.lib : gpio.obj (.text:GPIOPadConfigSet)
                  00001b24    00000004     rtos_config_pem4f.oem4f (.text:ti_sysbios_heaps_HeapMem_Module_GateProxy_enter__E)
                  00001b28    00000120     sysbios.aem4f : BIOS.obj (.text:ti_sysbios_family_arm_lm4_Timer_start__E)
                  00001c48    00000118     ti.targets.arm.rtsarm.aem4f : Error.oem4f (.text:xdc_runtime_Error_policyDefault__E)
                  00001d60    00000100     Boot.aem4f : Boot_sysctl.oem4f (.text:ti_catalog_arm_cortexm4_tiva_ce_Boot_sysCtlClockSetI__I)
                  00001e60    00000100     ti.targets.arm.rtsarm.aem4f : Core-mem.oem4f (.text:xdc_runtime_Core_createObject__I)
                  00001f60    000000f8                                 : Startup.oem4f (.text:xdc_runtime_Startup_startMods__I)
                  00002058    000000f8     rtos_config_pem4f.oem4f (.text:xdc_runtime_System_printfExtend__I)
                  00002150    000000f4     sysbios.aem4f : m3_Hwi_asm.obj (.text:ti_sysbios_family_arm_m3_Hwi_dispatch__I)
                  00002244    00000004     rtos_config_pem4f.oem4f (.text:ti_sysbios_heaps_HeapMem_Module_GateProxy_leave__E)
                  00002248    000000ec     sysbios.aem4f : BIOS.obj (.text:ti_sysbios_knl_Semaphore_post__E)
                  00002334    000000cc     ti.targets.arm.rtsarm.aem4f : Core-smem.oem4f (.text:xdc_runtime_Core_constructObject__I)
                  00002400    000000bc     sysbios.aem4f : BIOS.obj (.text:ti_sysbios_family_arm_m3_Hwi_excDebugMon__I)
                  000024bc    00000004     rtos_config_pem4f.oem4f (.text:ti_sysbios_knl_Clock_TimerProxy_getMaxTicks__E)
                  000024c0    000000bc     sysbios.aem4f : BIOS.obj (.text:ti_sysbios_family_arm_m3_Hwi_excHardFault__I)
                  0000257c    00000004     rtos_config_pem4f.oem4f (.text:ti_sysbios_knl_Queue_destruct)
                  00002580    000000b4     sysbios.aem4f : BIOS.obj (.text:ti_sysbios_gates_GateMutex_enter__E)
                  00002634    00000004     rtos_config_pem4f.oem4f (.text:ti_sysbios_knl_Semaphore_destruct)
                  00002638    000000b4     sysbios.aem4f : BIOS.obj (.text:ti_sysbios_knl_Task_checkStacks__E)
                  000026ec    00000004     ti.targets.arm.rtsarm.aem4f : Error.oem4f (.text:xdc_runtime_Error_getSite__E)
                  000026f0    000000ac     sysbios.aem4f : BIOS.obj (.text:ti_sysbios_family_arm_lm4_Timer_enableTiva__I)
                  0000279c    00000004     rtos_config_pem4f.oem4f (.text:xdc_runtime_System_Module_GateProxy_enter__E)
                  000027a0    000000a8     sysbios.aem4f : BIOS.obj (.text:ti_sysbios_family_arm_lm4_Timer_enableTimers__I)
                  00002848    000000a0     auto_init.aem4f : auto_init.oem4f (.text)
                  000028e8    000000a0     ti.targets.arm.rtsarm.aem4f : Text.oem4f (.text:xdc_runtime_Text_putMod__E)
                  00002988    0000009c     rtsv7M4_T_le_v4SPD16_eabi.lib : memcpy_t2.asm.obj (.text)
                  00002a24    00000004     rtos_config_pem4f.oem4f (.text:xdc_runtime_System_Module_GateProxy_leave__E)
                  00002a28    0000009c     sysbios.aem4f : BIOS.obj (.text:ti_sysbios_knl_Semaphore_Instance_init__E)
                  00002ac4    0000009a     ti.targets.arm.rtsarm.aem4f : Text.oem4f (.text:xdc_runtime_Text_putSite__E)
                  00002b5e    00000002     rtsv7M4_T_le_v4SPD16_eabi.lib : _lock.c.obj (.text:_nop)
                  00002b60    00000098     Boot.aem4f : Boot.oem4f (.text:ti_catalog_arm_cortexm4_tiva_ce_Boot_sysCtlClockSet__E)
                  00002bf8    00000094     sysbios.aem4f : BIOS.obj (.text:ti_sysbios_family_arm_m3_Hwi_Instance_init__E)
                  00002c8c    00000004     ti.targets.arm.rtsarm.aem4f : System.oem4f (.text:xdc_runtime_System_aprintf_va__F)
                  00002c90    00000094     sysbios.aem4f : BIOS.obj (.text:ti_sysbios_family_arm_m3_Hwi_initNVIC__E)
                  00002d24    00000004     ti.targets.arm.rtsarm.aem4f : System.oem4f (.text:xdc_runtime_System_printf_va__F)
                  00002d28    00000094     sysbios.aem4f : BIOS.obj (.text:ti_sysbios_knl_Task_postInit__I)
                  00002dbc    0000008c     drivers_tivaware.aem4f : GPIOTiva.oem4f (.text:GPIO_init)
                  00002e48    0000008c     sysbios.aem4f : m3_TaskSupport_asm.obj (.text:ti_sysbios_family_arm_m3_TaskSupport_buildTaskStack)
                  00002ed4    00000002     rtsv7M4_T_le_v4SPD16_eabi.lib : div0.asm.obj (.text)
                  00002ed6    00000002     rtos_config_pem4f.oem4f (.text:ti_sysbios_BIOS_nullFunc__I)
                  00002ed8    00000084     sysbios.aem4f : BIOS.obj (.text:ti_sysbios_family_arm_m3_Hwi_postInit__I)
                  00002f5c    00000080     pwm.obj (.text:pwmInit)
                  00002fdc    0000007a     rtsv7M4_T_le_v4SPD16_eabi.lib : memset_t2.asm.obj (.text)
                  00003056    00000002     rtos_config_pem4f.oem4f (.text:xdc_runtime_Startup_reset__I)
                  00003058    00000070     sysbios.aem4f : BIOS.obj (.text:ti_sysbios_knl_Clock_workFunc__E)
                  000030c8    00000070                   : BIOS.obj (.text:ti_sysbios_knl_Task_exit__E)
                  00003138    0000006d     ti.targets.arm.rtsarm.aem4f : System.oem4f (.text:xdc_runtime_System_formatNum__I)
                  000031a5    00000003     --HOLE-- [fill = 0]
                  000031a8    0000006c     sysbios.aem4f : BIOS.obj (.text:ti_sysbios_knl_Swi_restoreHwi__E)
                  00003214    0000006c     ti.targets.arm.rtsarm.aem4f : Error.oem4f (.text:xdc_runtime_Error_print__E)
                  00003280    0000006c                                 : Memory.oem4f (.text:xdc_runtime_Memory_alloc__E)
                  000032ec    00000068     rtsv7M4_T_le_v4SPD16_eabi.lib : copy_decompress_lzss.c.obj (.text:decompress:lzss:__TI_decompress_lzss)
                  00003354    00000066     ti.targets.arm.rtsarm.aem4f : Core-mem.oem4f (.text:xdc_runtime_Core_deleteObject__I)
                  000033ba    00000002     --HOLE-- [fill = 0]
                  000033bc    00000064     drivers_tivaware.aem4f : GPIOTiva.oem4f (.text:GPIO_hwiIntFxn)
                  00003420    00000064     sysbios.aem4f : BIOS.obj (.text:ti_sysbios_family_arm_lm4_Timer_Module_startup__E)
                  00003484    00000064     rtos_config_pem4f.oem4f (.text:ti_sysbios_family_arm_m3_Hwi_create)
                  000034e8    00000064     sysbios.aem4f : BIOS.obj (.text:ti_sysbios_family_arm_m3_Hwi_dispatchC__I)
                  0000354c    00000004     --HOLE-- [fill = 0]
                  00003550    00000060                   : BIOS.obj (.text:ti_sysbios_knl_Task_schedule__I)
                  000035b0    0000005c                   : BIOS.obj (.text:ti_sysbios_knl_Swi_run__I)
                  0000360c    00000004     --HOLE-- [fill = 0]
                  00003610    0000005c                   : BIOS.obj (.text:ti_sysbios_knl_Swi_schedule__I)
                  0000366c    00000004     --HOLE-- [fill = 0]
                  00003670    0000005c                   : BIOS.obj (.text:ti_sysbios_knl_Task_Module_startup__E)
                  000036cc    00000004     --HOLE-- [fill = 0]
                  000036d0    0000005c                   : BIOS.obj (.text:ti_sysbios_knl_Task_startCore__E)
                  0000372c    0000005b     ti.targets.arm.rtsarm.aem4f : Text.oem4f (.text:xdc_runtime_Text_putLab__E)
                  00003787    00000001     --HOLE-- [fill = 0]
                  00003788    00000058     rtsv7M4_T_le_v4SPD16_eabi.lib : hostwrite.c.obj (.text:HOSTwrite)
                  000037e0    00000058     boot.aem4f : boot.oem4f (.text)
                  00003838    00000058     sysbios.aem4f : m3_Hwi_asm_switch.obj (.text:ti_sysbios_family_arm_m3_Hwi_initStacks__E)
                  00003890    00000056     driverlib.lib : gpio.obj (.text:GPIOIntTypeSet)
                  000038e6    00000002     --HOLE-- [fill = 0]
                  000038e8    00000054     ti.targets.arm.rtsarm.aem4f : Assert.oem4f (.text:xdc_runtime_Assert_raise__I)
                  0000393c    00000050     drivers_tivaware.aem4f : GPIOTiva.oem4f (.text:GPIO_setCallback)
                  0000398c    00000050                            : GPIOTiva.oem4f (.text:GPIO_toggle)
                  000039dc    00000050                            : GPIOTiva.oem4f (.text:GPIO_write)
                  00003a2c    00000004     --HOLE-- [fill = 0]
                  00003a30    00000050     sysbios.aem4f : BIOS.obj (.text:ti_sysbios_family_arm_m3_Hwi_Module_startup__E)
                  00003a80    00000050     ti.targets.arm.rtsarm.aem4f : Startup.oem4f (.text:xdc_runtime_Startup_exec__E)
                  00003ad0    00000050                                 : Text.oem4f (.text:xdc_runtime_Text_visitRope2__I)
                  00003b20    0000004c     rtsv7M4_T_le_v4SPD16_eabi.lib : cpy_tbl.c.obj (.text:copy_in)
                  00003b6c    00000004     --HOLE-- [fill = 0]
                  00003b70    0000004c     sysbios.aem4f : BIOS.obj (.text:ti_sysbios_heaps_HeapMem_getStats__E)
                  00003bbc    00000004     --HOLE-- [fill = 0]
                  00003bc0    0000004c                   : BIOS.obj (.text:ti_sysbios_knl_Swi_runLoop__I)
                  00003c0c    00000004     --HOLE-- [fill = 0]
                  00003c10    0000004c                   : BIOS.obj (.text:ti_sysbios_knl_Task_allBlockedFunction__I)
                  00003c5c    00000048     driverlib.lib : gpio.obj (.text:GPIOPinConfigure)
                  00003ca4    00000004     --HOLE-- [fill = 0]
                  00003ca8    00000048     sysbios.aem4f : BIOS.obj (.text:ti_sysbios_family_arm_m3_Hwi_disableInterrupt__E)
                  00003cf0    00000048                   : BIOS.obj (.text:ti_sysbios_family_arm_m3_Hwi_enableInterrupt__E)
                  00003d38    00000048                   : BIOS.obj (.text:ti_sysbios_family_arm_m3_Hwi_excReserved__I)
                  00003d80    00000046     ti.targets.arm.rtsarm.aem4f : Core-params.oem4f (.text:xdc_runtime_Core_assignParams__I)
                  00003dc6    00000002     --HOLE-- [fill = 0]
                  00003dc8    00000044     sysbios.aem4f : BIOS.obj (.text:ti_sysbios_family_arm_lm4_Timer_isrStub__E)
                  00003e0c    00000004     --HOLE-- [fill = 0]
                  00003e10    00000044                   : BIOS.obj (.text:ti_sysbios_family_arm_m3_Hwi_getStackInfo__E)
                  00003e54    00000004     --HOLE-- [fill = 0]
                  00003e58    00000044                   : BIOS.obj (.text:ti_sysbios_knl_Swi_post__E)
                  00003e9c    00000044     ti.targets.arm.rtsarm.aem4f : Error.oem4f (.text:xdc_runtime_Error_setX__E)
                  00003ee0    00000044                                 : SysMin.oem4f (.text:xdc_runtime_SysMin_flush__E)
                  00003f24    00000044                                 : Text.oem4f (.text:xdc_runtime_Text_xprintf__I)
                  00003f68    00000040     EK_TM4C123GXL.obj (.text:EK_TM4C123GXL_initGeneral)
                  00003fa8    00000040     rtsv7M4_T_le_v4SPD16_eabi.lib : u_divt2.asm.obj (.text)
                  00003fe8    00000040     sysbios.aem4f : BIOS.obj (.text:ti_sysbios_family_arm_lm4_Timer_startup__E)
                  00004028    0000003e     main_pwm.obj (.text:main)
                  00004066    00000002     --HOLE-- [fill = 0]
                  00004068    0000003c     sysbios.aem4f : BIOS.obj (.text:ti_sysbios_family_arm_m3_Hwi_excSvCall__I)
                  000040a4    00000004     --HOLE-- [fill = 0]
                  000040a8    0000003c                   : BIOS.obj (.text:ti_sysbios_heaps_HeapMem_init__I)
                  000040e4    00000004     --HOLE-- [fill = 0]
                  000040e8    0000003c                   : BIOS.obj (.text:ti_sysbios_knl_Swi_restore__E)
                  00004124    00000038     driverlib.lib : sysctl.obj (.text:SysCtlPeripheralReady)
                  0000415c    00000038     rtsv7M4_T_le_v4SPD16_eabi.lib : trgmsg.c.obj (.text:__TI_writemsg)
                  00004194    00000004     --HOLE-- [fill = 0]
                  00004198    00000038     sysbios.aem4f : BIOS.obj (.text:ti_sysbios_family_arm_m3_Hwi_excNoIsr__I)
                  000041d0    00000038                   : BIOS.obj (.text:ti_sysbios_knl_Task_processVitalTaskFlag__I)
                  00004208    00000038     ti.targets.arm.rtsarm.aem4f : SysMin.oem4f (.text:xdc_runtime_SysMin_putch__E)
                  00004240    00000038                                 : System.oem4f (.text:xdc_runtime_System_atexit__E)
                  00004278    00000034     driverlib.lib : sysctl.obj (.text:SysCtlPeripheralEnable)
                  000042ac    00000034     rtsv7M4_T_le_v4SPD16_eabi.lib : trgmsg.c.obj (.text:__TI_readmsg)
                  000042e0    00000034     sysbios.aem4f : BIOS.obj (.text:ti_sysbios_family_arm_m3_Hwi_Instance_finalize__E)
                  00004314    00000004     --HOLE-- [fill = 0]
                  00004318    00000034                   : BIOS.obj (.text:ti_sysbios_family_arm_m3_Hwi_excNmi__I)
                  0000434c    00000004     --HOLE-- [fill = 0]
                  00004350    00000034                   : BIOS.obj (.text:ti_sysbios_hal_Hwi_checkStack)
                  00004384    00000034     ti.targets.arm.rtsarm.aem4f : Core-label.oem4f (.text:xdc_runtime_Core_assignLabel__I)
                  000043b8    00000033                                 : Text.oem4f (.text:xdc_runtime_Text_printVisFxn__I)
                  000043eb    00000005     --HOLE-- [fill = 0]
                  000043f0    00000032     sysbios.aem4f : BIOS.obj (.text:ti_sysbios_hal_Hwi_initStack)
                  00004422    00000002     --HOLE-- [fill = 0]
                  00004424    00000030     EK_TM4C123GXL.obj (.text:EK_TM4C123GXL_initGPIO)
                  00004454    00000030     rtos_config_pem4f.oem4f (.text:ti_sysbios_BIOS_atExitFunc__I)
                  00004484    00000004     --HOLE-- [fill = 0]
                  00004488    00000030     sysbios.aem4f : BIOS.obj (.text:ti_sysbios_family_arm_lm4_Timer_stop__E)
                  000044b8    00000030                   : BIOS.obj (.text:ti_sysbios_family_arm_m3_TaskSupport_start__E)
                  000044e8    00000030     rtos_config_pem4f.oem4f (.text:ti_sysbios_gates_GateHwi_Object__create__S)
                  00004518    00000030     rtos_config_pem4f.oem4f (.text:ti_sysbios_gates_GateMutex_Object__create__S)
                  00004548    00000030     rtos_config_pem4f.oem4f (.text:ti_sysbios_heaps_HeapMem_Object__create__S)
                  00004578    00000030     rtos_config_pem4f.oem4f (.text:ti_sysbios_knl_Semaphore_construct)
                  000045a8    00000030     sysbios.aem4f : BIOS.obj (.text:ti_sysbios_knl_Semaphore_pendTimeout__I)
                  000045d8    00000030                   : BIOS.obj (.text:ti_sysbios_knl_Task_unblockI__E)
                  00004608    00000030     ti.targets.arm.rtsarm.aem4f : SysMin.oem4f (.text:xdc_runtime_SysMin_abort__E)
                  00004638    00000030                                 : System.oem4f (.text:xdc_runtime_System_processAtExit__E)
                  00004668    0000002c     rtos_config_pem4f.oem4f (.text:ti_sysbios_knl_Clock_doTick__I)
                  00004694    0000002c     rtos_config_pem4f.oem4f (.text:ti_sysbios_knl_Queue_construct)
                  000046c0    0000002c     sysbios.aem4f : BIOS.obj (.text:ti_sysbios_knl_Task_restore__E)
                  000046ec    0000002c     ti.targets.arm.rtsarm.aem4f : Text.oem4f (.text:xdc_runtime_Text_cordText__E)
                  00004718    0000002a     driverlib.lib : gpio.obj (.text:GPIODirModeSet)
                  00004742    0000002a     ti.targets.arm.rtsarm.aem4f : System.oem4f (.text:xdc_runtime_System_putchar__I)
                  0000476c    00000004     --HOLE-- [fill = 0]
                  00004770    00000028     sysbios.aem4f : BIOS.obj (.text:ti_sysbios_knl_Swi_Module_startup__E)
                  00004798    00000026                   : m3_Hwi_asm.obj (.text:ti_sysbios_family_arm_m3_Hwi_pendSV__I)
                  000047be    00000026     ti.targets.arm.rtsarm.aem4f : System.oem4f (.text:xdc_runtime_System_avprintf__E)
                  000047e4    00000024     rtos_config_pem4f.oem4f (.text:ti_sysbios_BIOS_errorRaiseHook__I)
                  00004808    00000024     rtos_config_pem4f.oem4f (.text:ti_sysbios_BIOS_registerRTSLock__I)
                  0000482c    00000024     rtos_config_pem4f.oem4f (.text:ti_sysbios_BIOS_removeRTSLock__I)
                  00004850    00000024     rtos_config_pem4f.oem4f (.text:ti_sysbios_BIOS_startFunc__I)
                  00004874    00000024     rtos_config_pem4f.oem4f (.text:ti_sysbios_gates_GateMutex_Object__delete__S)
                  00004898    00000024     sysbios.aem4f : BIOS.obj (.text:ti_sysbios_knl_Clock_Module_startup__E)
                  000048bc    00000004     --HOLE-- [fill = 0]
                  000048c0    00000024                   : BIOS.obj (.text:ti_sysbios_knl_Task_restoreHwi__E)
                  000048e4    00000024     ti.targets.arm.rtsarm.aem4f : System.oem4f (.text:xdc_runtime_System_vprintf__E)
                  00004908    00000022     driverlib.lib : pwm.obj (.text:PWMGenConfigure)
                  0000492a    00000006                   : gpio.obj (.text:GPIOIntClear)
                  00004930    00000022     sysbios.aem4f : BIOS.obj (.text:ti_sysbios_family_arm_lm4_Timer_write__I)
                  00004952    00000022     rtos_config_pem4f.oem4f (.text:xdc_runtime_SysMin_output__I)
                  00004974    00000020     rtos_config_pem4f.oem4f (.text:ti_sysbios_BIOS_rtsLock__I)
                  00004994    00000020     sysbios.aem4f : m3_Hwi_asm.obj (.text:ti_sysbios_family_arm_m3_Hwi_excHandlerAsm__I)
                  000049b4    00000004     --HOLE-- [fill = 0]
                  000049b8    00000020                   : BIOS.obj (.text:ti_sysbios_family_arm_m3_Hwi_excHandler__I)
                  000049d8    00000020     rtos_config_pem4f.oem4f (.text:ti_sysbios_gates_GateHwi_Object__delete__S)
                  000049f8    00000020     rtos_config_pem4f.oem4f (.text:ti_sysbios_heaps_HeapMem_Object__delete__S)
                  00004a18    00000020     sysbios.aem4f : BIOS.obj (.text:ti_sysbios_knl_Idle_run__E)
                  00004a38    00000020     rtos_config_pem4f.oem4f (.text:ti_sysbios_knl_Semaphore_Object__destruct__S)
                  00004a58    00000020     ti.targets.arm.rtsarm.aem4f : Registry.oem4f (.text:xdc_runtime_Registry_findById__E)
                  00004a78    00000020                                 : SysMin.oem4f (.text:xdc_runtime_SysMin_Module_startup__E)
                  00004a98    0000001e     driverlib.lib : pwm.obj (.text:PWMPulseWidthSet)
                  00004ab6    0000001e     sysbios.aem4f : m3_Hwi_asm_switch.obj (.text:ti_sysbios_family_xxx_Hwi_switchAndRunFunc)
                  00004ad4    0000001c     drivers_tivaware.aem4f : GPIOTiva.oem4f (.text:getGpioIntIndex)
                  00004af0    0000001c     sysbios.aem4f : BIOS.obj (.text:ti_sysbios_gates_GateMutex_Instance_init__E)
                  00004b0c    0000001c     rtos_config_pem4f.oem4f (.text:ti_sysbios_knl_Queue_Object__destruct__S)
                  00004b28    0000001c     sysbios.aem4f : BIOS.obj (.text:ti_sysbios_knl_Queue_put__E)
                  00004b44    00000004     --HOLE-- [fill = 0]
                  00004b48    0000001c                   : BIOS.obj (.text:ti_sysbios_knl_Task_enter__I)
                  00004b64    0000001c     ti.targets.arm.rtsarm.aem4f : Error.oem4f (.text:xdc_runtime_Error_raiseX__E)
                  00004b80    0000001c                                 : Memory.oem4f (.text:xdc_runtime_Memory_valloc__E)
                  00004b9c    0000001c                                 : SysMin.oem4f (.text:xdc_runtime_SysMin_exit__E)
                  00004bb8    0000001c                                 : System.oem4f (.text:xdc_runtime_System_abort__E)
                  00004bd4    0000001a     rtos_config_pem4f.oem4f (.text:ti_sysbios_family_arm_m3_Hwi_Handle__label__S)
                  00004bee    0000001a     rtos_config_pem4f.oem4f (.text:ti_sysbios_gates_GateHwi_Handle__label__S)
                  00004c08    0000001a     rtos_config_pem4f.oem4f (.text:ti_sysbios_gates_GateMutex_Handle__label__S)
                  00004c22    0000001a     rtos_config_pem4f.oem4f (.text:ti_sysbios_heaps_HeapMem_Handle__label__S)
                  00004c3c    0000001a     rtos_config_pem4f.oem4f (.text:ti_sysbios_knl_Swi_Handle__label__S)
                  00004c56    0000001a     rtos_config_pem4f.oem4f (.text:ti_sysbios_knl_Task_Handle__label__S)
                  00004c70    0000001a     rtos_config_pem4f.oem4f (.text:xdc_runtime_System_aprintf__E)
                  00004c8a    0000001a     rtos_config_pem4f.oem4f (.text:xdc_runtime_System_printf__E)
                  00004ca4    00000018     rtsv7M4_T_le_v4SPD16_eabi.lib : args_main.c.obj (.text:_args_main)
                  00004cbc    00000018     rtos_config_pem4f.oem4f (.text:ti_sysbios_BIOS_rtsUnlock__I)
                  00004cd4    00000018     rtos_config_pem4f.oem4f (.text:ti_sysbios_family_arm_lm4_Timer_Module__startupDone__F)
                  00004cec    00000018     rtos_config_pem4f.oem4f (.text:ti_sysbios_family_arm_m3_Hwi_Module__startupDone__F)
                  00004d04    00000018     sysbios.aem4f : m3_TaskSupport_asm.obj (.text:ti_sysbios_family_arm_m3_TaskSupport_swap__E)
                  00004d1c    00000004     --HOLE-- [fill = 0]
                  00004d20    00000018                   : BIOS.obj (.text:ti_sysbios_gates_GateMutex_leave__E)
                  00004d38    00000018                   : BIOS.obj (.text:ti_sysbios_knl_Task_sleepTimeout__I)
                  00004d50    00000018     ti.targets.arm.rtsarm.aem4f : Error.oem4f (.text:xdc_runtime_Error_check__E)
                  00004d68    00000018                                 : System.oem4f (.text:xdc_runtime_System_exit__E)
                  00004d80    00000018                                 : Text.oem4f (.text:xdc_runtime_Text_ropeText__E)
                  00004d98    00000016     main_pwm.obj (.text:heartBeat_TASK)
                  00004dae    00000016     rtos_config_pem4f.oem4f (.text:ti_sysbios_BIOS_exitFunc__I)
                  00004dc4    00000014     driverlib.lib : sysctl.obj (.text:SysCtlPWMClockSet)
                  00004dd8    00000014     rtsv7M4_T_le_v4SPD16_eabi.lib : strlen.c.obj (.text:strlen)
                  00004dec    00000014     rtos_config_pem4f.oem4f (.text:ti_sysbios_family_arm_m3_Hwi_Object__get__S)
                  00004e00    00000014     sysbios.aem4f : BIOS.obj (.text:ti_sysbios_family_arm_m3_Hwi_switchFromBootStack__E)
                  00004e14    00000014     rtos_config_pem4f.oem4f (.text:ti_sysbios_heaps_HeapMem_Object__get__S)
                  00004e28    00000014     rtos_config_pem4f.oem4f (.text:ti_sysbios_knl_Swi_Object__get__S)
                  00004e3c    00000012     driverlib.lib : gpio.obj (.text:GPIOPinTypeGPIOInput)
                  00004e4e    00000012                   : gpio.obj (.text:GPIOPinTypePWM)
                  00004e60    00000012                   : pwm.obj (.text:PWMOutputState)
                  00004e72    00000006                   : gpio.obj (.text:GPIOPinRead)
                  00004e78    00000012     sysbios.aem4f : BIOS.obj (.text:ti_sysbios_hal_Hwi_Module_startup__E)
                  00004e8a    00000012     rtos_config_pem4f.oem4f (.text:xdc_runtime_Startup_exec__I)
                  00004e9c    00000010     driverlib.lib : pwm.obj (.text:PWMGenPeriodSet)
                  00004eac    00000004     --HOLE-- [fill = 0]
                  00004eb0    00000010     sysbios.aem4f : BIOS.obj (.text:ti_sysbios_BIOS_setThreadType__E)
                  00004ec0    00000010                   : BIOS.obj (.text:ti_sysbios_BIOS_start__E)
                  00004ed0    00000010                   : m3_TaskSupport_asm.obj (.text:ti_sysbios_family_arm_m3_TaskSupport_glue)
                  00004ee0    00000010                   : BIOS.obj (.text:ti_sysbios_gates_GateMutex_Instance_finalize__E)
                  00004ef0    00000010                   : BIOS.obj (.text:ti_sysbios_knl_Semaphore_Instance_finalize__E)
                  00004f00    00000010                   : BIOS.obj (.text:ti_sysbios_knl_Swi_disable__E)
                  00004f10    00000010     rtos_config_pem4f.oem4f (.text:ti_sysbios_knl_Task_Object__get__S)
                  00004f20    00000010     sysbios.aem4f : BIOS.obj (.text:ti_sysbios_knl_Task_disable__E)
                  00004f30    00000010     ti.targets.arm.rtsarm.aem4f : Gate.oem4f (.text:xdc_runtime_Gate_leaveSystem__E)
                  00004f40    00000010                                 : Memory.oem4f (.text:xdc_runtime_Memory_free__E)
                  00004f50    00000010                                 : SysMin.oem4f (.text:xdc_runtime_SysMin_ready__E)
                  00004f60    00000010                                 : System.oem4f (.text:xdc_runtime_System_vsnprintf__E)
                  00004f70    00000010     rtos_config_pem4f.oem4f (.text:xdc_runtime_Text_visitRope__I)
                  00004f80    0000000e     driverlib.lib : gpio.obj (.text:GPIOIntStatus)
                  00004f8e    0000000e     rtsv7M4_T_le_v4SPD16_eabi.lib : copy_decompress_none.c.obj (.text:decompress:none:__TI_decompress_none)
                  00004f9c    00000004     --HOLE-- [fill = 0]
                  00004fa0    0000000e     sysbios.aem4f : BIOS.obj (.text:ti_sysbios_knl_Idle_loop__E)
                  00004fae    00000002     --HOLE-- [fill = 0]
                  00004fb0    0000000e                   : BIOS.obj (.text:ti_sysbios_knl_Queue_empty__E)
                  00004fbe    00000002     --HOLE-- [fill = 0]
                  00004fc0    0000000c     rtos_config_pem4f.oem4f (.text:.bootCodeSection:ti_catalog_arm_cortexm4_tiva_ce_Boot_init__I)
                  00004fcc    0000000c     driverlib.lib : pwm.obj (.text:PWMGenEnable)
                  00004fd8    0000000c     rtsv7M4_T_le_v4SPD16_eabi.lib : _lock.c.obj (.text:_register_lock)
                  00004fe4    0000000c                                   : _lock.c.obj (.text:_register_unlock)
                  00004ff0    0000000c                                   : copy_zero_init.c.obj (.text:decompress:ZI:__TI_zero_init)
                  00004ffc    00000004     --HOLE-- [fill = 0]
                  00005000    0000000c     sysbios.aem4f : BIOS.obj (.text:ti_sysbios_family_arm_lm4_Timer_getMaxTicks__E)
                  0000500c    0000000c     rtos_config_pem4f.oem4f (.text:ti_sysbios_family_arm_m3_Hwi_Params__init__S)
                  00005018    0000000c     sysbios.aem4f : BIOS.obj (.text:ti_sysbios_family_arm_m3_Hwi_disableFxn__E)
                  00005024    00000004     --HOLE-- [fill = 0]
                  00005028    0000000c                   : BIOS.obj (.text:ti_sysbios_family_arm_m3_TaskSupport_checkStack__E)
                  00005034    00000004     --HOLE-- [fill = 0]
                  00005038    0000000c                   : BIOS.obj (.text:ti_sysbios_gates_GateHwi_enter__E)
                  00005044    0000000c     rtos_config_pem4f.oem4f (.text:ti_sysbios_knl_Queue_Object__get__S)
                  00005050    0000000c     ti.targets.arm.rtsarm.aem4f : Error.oem4f (.text:xdc_runtime_Error_init__E)
                  0000505c    0000000c                                 : Gate.oem4f (.text:xdc_runtime_Gate_enterSystem__E)
                  00005068    0000000c                                 : Memory.oem4f (.text:xdc_runtime_Memory_calloc__E)
                  00005074    0000000c                                 : Memory.oem4f (.text:xdc_runtime_Memory_getMaxDefaultTypeAlign__E)
                  00005080    0000000a     rtos_config_pem4f.oem4f (.text:xdc_runtime_IHeap_alloc)
                  0000508a    0000000a     rtos_config_pem4f.oem4f (.text:xdc_runtime_IHeap_free)
                  00005094    00000008     sysbios.aem4f : BIOS.obj (.text:ti_sysbios_family_arm_lm4_Timer_masterDisable__I)
                  0000509c    00000004     --HOLE-- [fill = 0]
                  000050a0    00000008                   : BIOS.obj (.text:ti_sysbios_family_arm_m3_Hwi_doSwiRestore__I)
                  000050a8    00000008                   : BIOS.obj (.text:ti_sysbios_family_arm_m3_Hwi_startup__E)
                  000050b0    00000006     driverlib.lib : gpio.obj (.text:GPIOPinWrite)
                  000050b6    00000006     Boot.aem4f : Boot_sysctl.oem4f (.text:ti_catalog_arm_cortexm4_tiva_ce_Boot_sysCtlDelayI__I)
                  000050bc    00000004     --HOLE-- [fill = 0]
                  000050c0    00000006     sysbios.aem4f : BIOS.obj (.text:ti_sysbios_family_arm_m3_Hwi_doTaskRestore__I)
                  000050c6    00000002     --HOLE-- [fill = 0]
                  000050c8    00000006                   : BIOS.obj (.text:ti_sysbios_family_arm_m3_Hwi_restoreFxn__E)
                  000050ce    00000002     --HOLE-- [fill = 0]
                  000050d0    00000006                   : BIOS.obj (.text:ti_sysbios_gates_GateHwi_leave__E)
                  000050d6    00000002     --HOLE-- [fill = 0]
                  000050d8    00000006                   : BIOS.obj (.text:ti_sysbios_heaps_HeapMem_isBlocking__E)
                  000050de    00000002     --HOLE-- [fill = 0]
                  000050e0    00000006                   : BIOS.obj (.text:ti_sysbios_knl_Queue_Instance_init__E)
                  000050e6    00000002     --HOLE-- [fill = 0]
                  000050e8    00000006                   : BIOS.obj (.text:ti_sysbios_knl_Swi_startup__E)
                  000050ee    00000006     ti.targets.arm.rtsarm.aem4f : System.oem4f (.text:xdc_runtime_System_Module_startup__E)
                  000050f4    00000004     --HOLE-- [fill = 0]
                  000050f8    00000004     sysbios.aem4f : BIOS.obj (.text:ti_sysbios_gates_GateHwi_query__E)
                  000050fc    00000004     --HOLE-- [fill = 0]
                  00005100    00000004                   : BIOS.obj (.text:ti_sysbios_gates_GateMutex_query__E)
                  00005104    00000004     --HOLE-- [fill = 0]
                  00005108    00000004                   : BIOS.obj (.text:ti_sysbios_knl_Task_startup__E)
                  0000510c    00000004     --HOLE-- [fill = 0]
                  00005110    00000002                   : BIOS.obj (.text:ti_sysbios_gates_GateHwi_Instance_init__E)
                  00005112    00000006     --HOLE-- [fill = 0]
                  00005118    00000002                   : BIOS.obj (.text:ti_sysbios_knl_Clock_logTick__E)

.const     0    0000511c    00001f49     
                  0000511c    00001904     rtos_config_pem4f.oem4f (.const:xdc_runtime_Text_charTab__A)
                  00006a20    000000c0     rtos_config_pem4f.oem4f (.const:xdc_runtime_Text_nodeTab__A)
                  00006ae0    00000090     driverlib.lib : gpio.obj (.const:g_pui32GPIOBaseAddrs)
                  00006b70    00000054     drivers_tivaware.aem4f : GPIOTiva.oem4f (.const:.string)
                  00006bc4    00000048     rtos_config_pem4f.oem4f (.const:.string)
                  00006c0c    00000048     drivers_tivaware.aem4f : GPIOTiva.oem4f (.const:gpioBaseAddresses)
                  00006c54    00000030     rtos_config_pem4f.oem4f (.const:ti_sysbios_family_arm_m3_Hwi_Object__PARAMS__C)
                  00006c84    00000028     rtos_config_pem4f.oem4f (.const:ti_sysbios_heaps_HeapMem_Module__FXNS__C)
                  00006cac    00000024     rtos_config_pem4f.oem4f (.const:ti_sysbios_gates_GateHwi_Module__FXNS__C)
                  00006cd0    00000024     rtos_config_pem4f.oem4f (.const:ti_sysbios_gates_GateMutex_Module__FXNS__C)
                  00006cf4    00000024     rtos_config_pem4f.oem4f (.const:ti_sysbios_heaps_HeapMem_Object__PARAMS__C)
                  00006d18    00000024     rtos_config_pem4f.oem4f (.const:ti_sysbios_knl_Semaphore_Object__PARAMS__C)
                  00006d3c    00000020     rtos_config_pem4f.oem4f (.const:ti_sysbios_family_arm_m3_Hwi_Object__DESC__C)
                  00006d5c    00000020     rtos_config_pem4f.oem4f (.const:ti_sysbios_gates_GateHwi_Object__DESC__C)
                  00006d7c    00000020     rtos_config_pem4f.oem4f (.const:ti_sysbios_gates_GateMutex_Object__DESC__C)
                  00006d9c    00000020     rtos_config_pem4f.oem4f (.const:ti_sysbios_heaps_HeapMem_Object__DESC__C)
                  00006dbc    00000020     rtos_config_pem4f.oem4f (.const:ti_sysbios_knl_Queue_Object__DESC__C)
                  00006ddc    00000020     rtos_config_pem4f.oem4f (.const:ti_sysbios_knl_Semaphore_Object__DESC__C)
                  00006dfc    00000020     rtos_config_pem4f.oem4f (.const:xdc_runtime_Startup_sfxnTab__A)
                  00006e1c    00000018     rtos_config_pem4f.oem4f (.const:ti_sysbios_gates_GateHwi_Object__PARAMS__C)
                  00006e34    00000018     rtos_config_pem4f.oem4f (.const:ti_sysbios_gates_GateMutex_Object__PARAMS__C)
                  00006e4c    00000018     rtos_config_pem4f.oem4f (.const:ti_sysbios_knl_Queue_Object__PARAMS__C)
                  00006e64    00000014     EK_TM4C123GXL.obj (.const:GPIOTiva_config)
                  00006e78    00000014     rtos_config_pem4f.oem4f (.const:xdc_runtime_Startup_firstFxns__A)
                  00006e8c    00000010     rtos_config_pem4f.oem4f (.const:xdc_runtime_Startup_sfxnRts__A)
                  00006e9c    00000008     rtos_config_pem4f.oem4f (.const:ti_sysbios_family_arm_m3_Hwi_excHookFuncs__A)
                  00006ea4    00000008     rtos_config_pem4f.oem4f (.const:ti_sysbios_knl_Idle_funcList__C)
                  00006eac    00000008     rtos_config_pem4f.oem4f (.const:xdc_runtime_Startup_firstFxns__C)
                  00006eb4    00000008     rtos_config_pem4f.oem4f (.const:xdc_runtime_Startup_lastFxns__C)
                  00006ebc    00000004     rtos_config_pem4f.oem4f (.const:ti_catalog_arm_cortexm4_tiva_ce_Boot_A_mustUseEnhancedClockMode__C)
                  00006ec0    00000004     rtos_config_pem4f.oem4f (.const:ti_catalog_arm_cortexm4_tiva_ce_Boot_Module__diagsEnabled__C)
                  00006ec4    00000004     rtos_config_pem4f.oem4f (.const:ti_catalog_arm_cortexm4_tiva_ce_Boot_Module__diagsIncluded__C)
                  00006ec8    00000004     rtos_config_pem4f.oem4f (.const:ti_catalog_arm_cortexm4_tiva_ce_Boot_Module__diagsMask__C)
                  00006ecc    00000004     rtos_config_pem4f.oem4f (.const:ti_sysbios_family_arm_lm4_Timer_enableFunc__C)
                  00006ed0    00000004     rtos_config_pem4f.oem4f (.const:ti_sysbios_family_arm_lm4_Timer_numTimerDevices__C)
                  00006ed4    00000004     rtos_config_pem4f.oem4f (.const:ti_sysbios_family_arm_lm4_Timer_startupNeeded__C)
                  00006ed8    00000004     rtos_config_pem4f.oem4f (.const:ti_sysbios_family_arm_m3_Hwi_E_NMI__C)
                  00006edc    00000004     rtos_config_pem4f.oem4f (.const:ti_sysbios_family_arm_m3_Hwi_E_alreadyDefined__C)
                  00006ee0    00000004     rtos_config_pem4f.oem4f (.const:ti_sysbios_family_arm_m3_Hwi_E_busFault__C)
                  00006ee4    00000004     rtos_config_pem4f.oem4f (.const:ti_sysbios_family_arm_m3_Hwi_E_debugMon__C)
                  00006ee8    00000004     rtos_config_pem4f.oem4f (.const:ti_sysbios_family_arm_m3_Hwi_E_hardFault__C)
                  00006eec    00000004     rtos_config_pem4f.oem4f (.const:ti_sysbios_family_arm_m3_Hwi_E_memFault__C)
                  00006ef0    00000004     rtos_config_pem4f.oem4f (.const:ti_sysbios_family_arm_m3_Hwi_E_noIsr__C)
                  00006ef4    00000004     rtos_config_pem4f.oem4f (.const:ti_sysbios_family_arm_m3_Hwi_E_reserved__C)
                  00006ef8    00000004     rtos_config_pem4f.oem4f (.const:ti_sysbios_family_arm_m3_Hwi_E_svCall__C)
                  00006efc    00000004     rtos_config_pem4f.oem4f (.const:ti_sysbios_family_arm_m3_Hwi_E_usageFault__C)
                  00006f00    00000004     rtos_config_pem4f.oem4f (.const:ti_sysbios_family_arm_m3_Hwi_NUM_INTERRUPTS__C)
                  00006f04    00000004     rtos_config_pem4f.oem4f (.const:ti_sysbios_family_arm_m3_Hwi_Object__count__C)
                  00006f08    00000004     rtos_config_pem4f.oem4f (.const:ti_sysbios_family_arm_m3_Hwi_ccr__C)
                  00006f0c    00000004     rtos_config_pem4f.oem4f (.const:ti_sysbios_family_arm_m3_Hwi_excHandlerFunc__C)
                  00006f10    00000004     rtos_config_pem4f.oem4f (.const:ti_sysbios_family_arm_m3_Hwi_excHookFuncs__C)
                  00006f14    00000004     rtos_config_pem4f.oem4f (.const:ti_sysbios_family_arm_m3_Hwi_nullIsrFunc__C)
                  00006f18    00000004     rtos_config_pem4f.oem4f (.const:ti_sysbios_family_arm_m3_Hwi_priGroup__C)
                  00006f1c    00000004     rtos_config_pem4f.oem4f (.const:ti_sysbios_gates_GateMutex_A_badContext__C)
                  00006f20    00000004     rtos_config_pem4f.oem4f (.const:ti_sysbios_gates_GateMutex_Instance_State_sem__O)
                  00006f24    00000004     rtos_config_pem4f.oem4f (.const:ti_sysbios_gates_GateMutex_Module__diagsEnabled__C)
                  00006f28    00000004     rtos_config_pem4f.oem4f (.const:ti_sysbios_gates_GateMutex_Module__diagsIncluded__C)
                  00006f2c    00000004     rtos_config_pem4f.oem4f (.const:ti_sysbios_gates_GateMutex_Module__diagsMask__C)
                  00006f30    00000004     rtos_config_pem4f.oem4f (.const:ti_sysbios_hal_Hwi_E_stackOverflow__C)
                  00006f34    00000004     rtos_config_pem4f.oem4f (.const:ti_sysbios_heaps_HeapMem_A_align__C)
                  00006f38    00000004     rtos_config_pem4f.oem4f (.const:ti_sysbios_heaps_HeapMem_A_heapSize__C)
                  00006f3c    00000004     rtos_config_pem4f.oem4f (.const:ti_sysbios_heaps_HeapMem_A_invalidFree__C)
                  00006f40    00000004     rtos_config_pem4f.oem4f (.const:ti_sysbios_heaps_HeapMem_A_zeroBlock__C)
                  00006f44    00000004     rtos_config_pem4f.oem4f (.const:ti_sysbios_heaps_HeapMem_E_memory__C)
                  00006f48    00000004     rtos_config_pem4f.oem4f (.const:ti_sysbios_heaps_HeapMem_Module__diagsEnabled__C)
                  00006f4c    00000004     rtos_config_pem4f.oem4f (.const:ti_sysbios_heaps_HeapMem_Module__diagsIncluded__C)
                  00006f50    00000004     rtos_config_pem4f.oem4f (.const:ti_sysbios_heaps_HeapMem_Module__diagsMask__C)
                  00006f54    00000004     rtos_config_pem4f.oem4f (.const:ti_sysbios_heaps_HeapMem_Module__gateObj__C)
                  00006f58    00000004     rtos_config_pem4f.oem4f (.const:ti_sysbios_heaps_HeapMem_Object__count__C)
                  00006f5c    00000004     rtos_config_pem4f.oem4f (.const:ti_sysbios_heaps_HeapMem_reqAlign__C)
                  00006f60    00000004     rtos_config_pem4f.oem4f (.const:ti_sysbios_knl_Clock_Module_State_clockQ__O)
                  00006f64    00000004     rtos_config_pem4f.oem4f (.const:ti_sysbios_knl_Idle_funcList__A)
                  00006f68    00000004     rtos_config_pem4f.oem4f (.const:ti_sysbios_knl_Semaphore_A_badContext__C)
                  00006f6c    00000004     rtos_config_pem4f.oem4f (.const:ti_sysbios_knl_Semaphore_A_noEvents__C)
                  00006f70    00000004     rtos_config_pem4f.oem4f (.const:ti_sysbios_knl_Semaphore_A_overflow__C)
                  00006f74    00000004     rtos_config_pem4f.oem4f (.const:ti_sysbios_knl_Semaphore_A_pendTaskDisabled__C)
                  00006f78    00000004     rtos_config_pem4f.oem4f (.const:ti_sysbios_knl_Semaphore_Instance_State_pendQ__O)
                  00006f7c    00000004     rtos_config_pem4f.oem4f (.const:ti_sysbios_knl_Semaphore_Module__diagsEnabled__C)
                  00006f80    00000004     rtos_config_pem4f.oem4f (.const:ti_sysbios_knl_Semaphore_Module__diagsIncluded__C)
                  00006f84    00000004     rtos_config_pem4f.oem4f (.const:ti_sysbios_knl_Semaphore_Module__diagsMask__C)
                  00006f88    00000004     rtos_config_pem4f.oem4f (.const:ti_sysbios_knl_Swi_Object__count__C)
                  00006f8c    00000004     rtos_config_pem4f.oem4f (.const:ti_sysbios_knl_Task_A_badTimeout__C)
                  00006f90    00000004     rtos_config_pem4f.oem4f (.const:ti_sysbios_knl_Task_A_sleepTaskDisabled__C)
                  00006f94    00000004     rtos_config_pem4f.oem4f (.const:ti_sysbios_knl_Task_E_spOutOfBounds__C)
                  00006f98    00000004     rtos_config_pem4f.oem4f (.const:ti_sysbios_knl_Task_E_stackOverflow__C)
                  00006f9c    00000004     rtos_config_pem4f.oem4f (.const:ti_sysbios_knl_Task_Module_State_inactiveQ__O)
                  00006fa0    00000004     rtos_config_pem4f.oem4f (.const:ti_sysbios_knl_Task_Module__diagsEnabled__C)
                  00006fa4    00000004     rtos_config_pem4f.oem4f (.const:ti_sysbios_knl_Task_Module__diagsIncluded__C)
                  00006fa8    00000004     rtos_config_pem4f.oem4f (.const:ti_sysbios_knl_Task_Module__diagsMask__C)
                  00006fac    00000004     rtos_config_pem4f.oem4f (.const:ti_sysbios_knl_Task_Object__count__C)
                  00006fb0    00000004     rtos_config_pem4f.oem4f (.const:ti_sysbios_knl_Task_allBlockedFunc__C)
                  00006fb4    00000004     rtos_config_pem4f.oem4f (.const:ti_sysbios_knl_Task_numConstructedTasks__C)
                  00006fb8    00000004     rtos_config_pem4f.oem4f (.const:xdc_runtime_Assert_E_assertFailed__C)
                  00006fbc    00000004     rtos_config_pem4f.oem4f (.const:xdc_runtime_Core_A_initializedParams__C)
                  00006fc0    00000004     rtos_config_pem4f.oem4f (.const:xdc_runtime_Core_Module__diagsEnabled__C)
                  00006fc4    00000004     rtos_config_pem4f.oem4f (.const:xdc_runtime_Core_Module__diagsIncluded__C)
                  00006fc8    00000004     rtos_config_pem4f.oem4f (.const:xdc_runtime_Core_Module__diagsMask__C)
                  00006fcc    00000004     rtos_config_pem4f.oem4f (.const:xdc_runtime_Error_E_memory__C)
                  00006fd0    00000004     rtos_config_pem4f.oem4f (.const:xdc_runtime_Error_Module__diagsEnabled__C)
                  00006fd4    00000004     rtos_config_pem4f.oem4f (.const:xdc_runtime_Error_Module__diagsIncluded__C)
                  00006fd8    00000004     rtos_config_pem4f.oem4f (.const:xdc_runtime_Error_Module__diagsMask__C)
                  00006fdc    00000004     rtos_config_pem4f.oem4f (.const:xdc_runtime_Error_Module__loggerFxn8__C)
                  00006fe0    00000004     rtos_config_pem4f.oem4f (.const:xdc_runtime_Error_Module__loggerObj__C)
                  00006fe4    00000004     rtos_config_pem4f.oem4f (.const:xdc_runtime_Error_policyFxn__C)
                  00006fe8    00000004     rtos_config_pem4f.oem4f (.const:xdc_runtime_Error_raiseHook__C)
                  00006fec    00000004     rtos_config_pem4f.oem4f (.const:xdc_runtime_IGateProvider_Interface__BASE__C)
                  00006ff0    00000004     rtos_config_pem4f.oem4f (.const:xdc_runtime_IHeap_Interface__BASE__C)
                  00006ff4    00000004     rtos_config_pem4f.oem4f (.const:xdc_runtime_IModule_Interface__BASE__C)
                  00006ff8    00000004     rtos_config_pem4f.oem4f (.const:xdc_runtime_Log_L_error__C)
                  00006ffc    00000004     rtos_config_pem4f.oem4f (.const:xdc_runtime_Memory_defaultHeapInstance__C)
                  00007000    00000004     rtos_config_pem4f.oem4f (.const:xdc_runtime_Startup_execImpl__C)
                  00007004    00000004     rtos_config_pem4f.oem4f (.const:xdc_runtime_Startup_maxPasses__C)
                  00007008    00000004     rtos_config_pem4f.oem4f (.const:xdc_runtime_Startup_sfxnRts__C)
                  0000700c    00000004     rtos_config_pem4f.oem4f (.const:xdc_runtime_Startup_sfxnTab__C)
                  00007010    00000004     rtos_config_pem4f.oem4f (.const:xdc_runtime_SysMin_bufSize__C)
                  00007014    00000004     rtos_config_pem4f.oem4f (.const:xdc_runtime_SysMin_outputFunc__C)
                  00007018    00000004     rtos_config_pem4f.oem4f (.const:xdc_runtime_System_Module__gateObj__C)
                  0000701c    00000004     rtos_config_pem4f.oem4f (.const:xdc_runtime_System_abortFxn__C)
                  00007020    00000004     rtos_config_pem4f.oem4f (.const:xdc_runtime_System_exitFxn__C)
                  00007024    00000004     rtos_config_pem4f.oem4f (.const:xdc_runtime_System_extendFxn__C)
                  00007028    00000004     rtos_config_pem4f.oem4f (.const:xdc_runtime_System_maxAtexitHandlers__C)
                  0000702c    00000004     rtos_config_pem4f.oem4f (.const:xdc_runtime_Text_charTab__C)
                  00007030    00000004     rtos_config_pem4f.oem4f (.const:xdc_runtime_Text_nameEmpty__C)
                  00007034    00000004     rtos_config_pem4f.oem4f (.const:xdc_runtime_Text_nameStatic__C)
                  00007038    00000004     rtos_config_pem4f.oem4f (.const:xdc_runtime_Text_nameUnknown__C)
                  0000703c    00000004     rtos_config_pem4f.oem4f (.const:xdc_runtime_Text_nodeTab__C)
                  00007040    00000004     rtos_config_pem4f.oem4f (.const:xdc_runtime_Text_visitRopeFxn__C)
                  00007044    00000002     rtos_config_pem4f.oem4f (.const:ti_catalog_arm_cortexm4_tiva_ce_Boot_Module__id__C)
                  00007046    00000002     rtos_config_pem4f.oem4f (.const:ti_sysbios_family_arm_m3_Hwi_Module__id__C)
                  00007048    00000002     rtos_config_pem4f.oem4f (.const:ti_sysbios_gates_GateMutex_Module__id__C)
                  0000704a    00000002     rtos_config_pem4f.oem4f (.const:ti_sysbios_hal_Hwi_Module__id__C)
                  0000704c    00000002     rtos_config_pem4f.oem4f (.const:ti_sysbios_heaps_HeapMem_Module__id__C)
                  0000704e    00000002     rtos_config_pem4f.oem4f (.const:ti_sysbios_knl_Semaphore_Module__id__C)
                  00007050    00000002     rtos_config_pem4f.oem4f (.const:ti_sysbios_knl_Task_Module__id__C)
                  00007052    00000002     rtos_config_pem4f.oem4f (.const:xdc_runtime_Core_Module__id__C)
                  00007054    00000002     rtos_config_pem4f.oem4f (.const:xdc_runtime_Error_Module__loggerDefined__C)
                  00007056    00000002     rtos_config_pem4f.oem4f (.const:xdc_runtime_Error_maxDepth__C)
                  00007058    00000002     rtos_config_pem4f.oem4f (.const:xdc_runtime_Memory_Module__id__C)
                  0000705a    00000002     rtos_config_pem4f.oem4f (.const:xdc_runtime_SysMin_flushAtExit__C)
                  0000705c    00000002     rtos_config_pem4f.oem4f (.const:xdc_runtime_Text_charCnt__C)
                  0000705e    00000002     rtos_config_pem4f.oem4f (.const:xdc_runtime_Text_isLoaded__C)
                  00007060    00000002     rtos_config_pem4f.oem4f (.const:xdc_runtime_Text_registryModsLastId__C)
                  00007062    00000002     rtos_config_pem4f.oem4f (.const:xdc_runtime_Text_unnamedModsLastId__C)
                  00007064    00000001     rtos_config_pem4f.oem4f (.const:xdc_runtime_Error_policy__C)

.cinit     0    00007068    00000218     
                  00007068    000001e1     (.cinit..data.load) [load image, compression = lzss]
                  00007249    00000003     --HOLE-- [fill = 0]
                  0000724c    0000000c     (__TI_handler_table)
                  00007258    00000008     (.cinit..bss.load) [load image, compression = zero_init]
                  00007260    00000008     (.cinit..vecs.load) [load image, compression = zero_init]
                  00007268    00000018     (__TI_cinit_table)

.init_array 
*          0    00000000    00000000     UNINITIALIZED

.resetVecs 
*          0    00000000    0000003c     
                  00000000    0000003c     rtos_config_pem4f.oem4f (.resetVecs)

.bss       0    20000360    00000d9c     UNINITIALIZED
                  20000360    00000400     rtos_config_pem4f.oem4f (.bss:taskStackSection)
                  20000760    00000400     (.common:ti_sysbios_heaps_HeapMem_Instance_State_0_buf__A)
                  20000b60    00000360     (.common:ti_sysbios_family_arm_m3_Hwi_dispatchTable)
                  20000ec0    00000120     rtsv7M4_T_le_v4SPD16_eabi.lib : trgmsg.c.obj (.bss:_CIOBUF_)
                  20000fe0    00000090     drivers_tivaware.aem4f : GPIOTiva.oem4f (.bss:gpioCallbackInfo)
                  20001070    00000080     (.common:xdc_runtime_SysMin_Module_State_0_outbuf__A)
                  200010f0    00000008     (.common:parmbuf)
                  200010f8    00000004     (.common:gpioInterruptVectors)

.data      0    200010fc    0000044a     UNINITIALIZED
                  200010fc    00000098     rtos_config_pem4f.oem4f (.data:ti_sysbios_knl_Task_Object__table__V)
                  20001194    00000080     rtos_config_pem4f.oem4f (.data:ti_sysbios_knl_Swi_Module_State_0_readyQ__A)
                  20001214    00000080     rtos_config_pem4f.oem4f (.data:ti_sysbios_knl_Task_Module_State_0_readyQ__A)
                  20001294    00000044     rtos_config_pem4f.oem4f (.data:ti_sysbios_knl_Task_Module__state__V)
                  200012d8    00000040     rtos_config_pem4f.oem4f (.data:ti_sysbios_family_arm_lm4_Timer_Object__table__V)
                  20001318    00000038     rtos_config_pem4f.oem4f (.data:ti_sysbios_gates_GateMutex_Object__table__V)
                  20001350    00000034     rtos_config_pem4f.oem4f (.data:ti_sysbios_family_arm_m3_Hwi_Module__state__V)
                  20001384    00000030     rtos_config_pem4f.oem4f (.data:ti_sysbios_family_arm_lm4_Timer_Module_State_0_device__A)
                  200013b4    00000030     rtos_config_pem4f.oem4f (.data:ti_sysbios_knl_Swi_Object__table__V)
                  200013e4    0000002c     rtos_config_pem4f.oem4f (.data:ti_sysbios_knl_Clock_Module__state__V)
                  20001410    00000024     rtos_config_pem4f.oem4f (.data:ti_sysbios_BIOS_Module__state__V)
                  20001434    0000001c     rtos_config_pem4f.oem4f (.data:ti_sysbios_knl_Swi_Module__state__V)
                  20001450    00000018     rtos_config_pem4f.oem4f (.data:ti_sysbios_family_arm_lm4_Timer_Module_State_0_handles__A)
                  20001468    00000018     rtos_config_pem4f.oem4f (.data:ti_sysbios_family_arm_m3_Hwi_Object__table__V)
                  20001480    00000018     rtos_config_pem4f.oem4f (.data:ti_sysbios_heaps_HeapMem_Object__table__V)
                  20001498    00000014     EK_TM4C123GXL.obj (.data:gpioPinConfigs)
                  200014ac    0000000c     rtos_config_pem4f.oem4f (.data:ti_sysbios_family_arm_lm4_Timer_Module__state__V)
                  200014b8    0000000c     rtos_config_pem4f.oem4f (.data:xdc_runtime_SysMin_Module__state__V)
                  200014c4    00000008     rtsv7M4_T_le_v4SPD16_eabi.lib : _lock.c.obj (.data:$O1$$)
                  200014cc    00000008     EK_TM4C123GXL.obj (.data:gpioCallbackFunctions)
                  200014d4    00000008     rtos_config_pem4f.oem4f (.data:ti_sysbios_family_arm_m3_Hwi_Module__root__V)
                  200014dc    00000008     rtos_config_pem4f.oem4f (.data:ti_sysbios_gates_GateHwi_Module__root__V)
                  200014e4    00000008     rtos_config_pem4f.oem4f (.data:ti_sysbios_gates_GateMutex_Module__root__V)
                  200014ec    00000008     rtos_config_pem4f.oem4f (.data:ti_sysbios_heaps_HeapMem_Module__root__V)
                  200014f4    00000008     rtos_config_pem4f.oem4f (.data:ti_sysbios_knl_Queue_Module__root__V)
                  200014fc    00000008     rtos_config_pem4f.oem4f (.data:ti_sysbios_knl_Semaphore_Module__root__V)
                  20001504    00000008     rtos_config_pem4f.oem4f (.data:xdc_runtime_Registry_Module__state__V)
                  2000150c    00000008     rtos_config_pem4f.oem4f (.data:xdc_runtime_Startup_Module__state__V)
                  20001514    00000008     rtos_config_pem4f.oem4f (.data:xdc_runtime_System_Module_State_0_atexitHandlers__A)
                  2000151c    00000008     rtos_config_pem4f.oem4f (.data:xdc_runtime_System_Module__state__V)
                  20001524    00000005     drivers_tivaware.aem4f : GPIOTiva.oem4f (.data)
                  20001529    00000001     --HOLE--
                  2000152a    00000002     rtos_config_pem4f.oem4f (.data:ti_sysbios_family_arm_m3_Hwi_Module_State_0_excActive__A)
                  2000152c    00000004     rtsv7M4_T_le_v4SPD16_eabi.lib : stkdepth_vars.c.obj (.data)
                  20001530    00000004     rtos_config_pem4f.oem4f (.data:ti_sysbios_family_arm_m3_Hwi_Module_State_0_excContext__A)
                  20001534    00000004     rtos_config_pem4f.oem4f (.data:ti_sysbios_family_arm_m3_Hwi_Module_State_0_excStack__A)
                  20001538    00000004     rtos_config_pem4f.oem4f (.data:ti_sysbios_gates_GateHwi_Object__table__V)
                  2000153c    00000004     rtos_config_pem4f.oem4f (.data:ti_sysbios_knl_Task_Module_State_0_idleTask__A)
                  20001540    00000004     rtos_config_pem4f.oem4f (.data:xdc_runtime_Memory_Module__state__V)
                  20001544    00000002     rtos_config_pem4f.oem4f (.data:xdc_runtime_Error_Module__state__V)

.stack     0    20001548    00000300     UNINITIALIZED
                  20001548    00000300     --HOLE--

.bootVecs 
*          0    00000000    00000008     DSECT
                  00000000    00000008     boot.aem4f : boot.oem4f (.bootVecs)

.vecs      0    20000000    00000360     UNINITIALIZED
                  20000000    00000360     rtos_config_pem4f.oem4f (.vecs)

xdc.meta   0    00000000    000000da     COPY SECTION
                  00000000    000000da     rtos_config_pem4f.oem4f (xdc.meta)

MODULE SUMMARY

       Module                       code    ro data   rw data
       ------                       ----    -------   -------
    ./
       main_pwm.obj                 84      0         0      
    +--+----------------------------+-------+---------+---------+
       Total:                       84      0         0      
                                                             
    ./project_includes/
       EK_TM4C123GXL.obj            112     20        28     
       pwm.obj                      128     0         0      
    +--+----------------------------+-------+---------+---------+
       Total:                       240     20        28     
                                                             
    /Users/Julio/ECP108/EX1_PWM/Debug/configPkg/package/cfg/
       rtos_config_pem4f.oem4f      1558    7749      4956   
    +--+----------------------------+-------+---------+---------+
       Total:                       1558    7749      4956   
                                                             
    /Applications/ti/ccsv8/tools/compiler/ti-cgt-arm_18.1.3.LTS/lib/rtsv7M4_T_le_v4SPD16_eabi.lib
       trgmsg.c.obj                 108     0         288    
       memcpy_t2.asm.obj            156     0         0      
       memset_t2.asm.obj            122     0         0      
       copy_decompress_lzss.c.obj   104     0         0      
       hostwrite.c.obj              88      0         0      
       cpy_tbl.c.obj                76      0         0      
       u_divt2.asm.obj              64      0         0      
       _lock.c.obj                  26      0         8      
       args_main.c.obj              24      0         0      
       strlen.c.obj                 20      0         0      
       copy_decompress_none.c.obj   14      0         0      
       copy_zero_init.c.obj         12      0         0      
       hostopen.c.obj               0       0         8      
       exit.c.obj                   4       0         0      
       stkdepth_vars.c.obj          0       0         4      
       div0.asm.obj                 2       0         0      
    +--+----------------------------+-------+---------+---------+
       Total:                       820     0         308    
                                                             
    /Users/Julio/ECP108/EX1_PWM/src/sysbios/sysbios.aem4f
       BIOS.obj                     10866   0         0      
       m3_Hwi_asm.obj               314     0         0      
       m3_TaskSupport_asm.obj       180     0         0      
       m3_Hwi_asm_switch.obj        118     0         0      
    +--+----------------------------+-------+---------+---------+
       Total:                       11478   0         0      
                                                             
    /Users/Julio/ti/tirtos_tivac_2_16_00_08/products/TivaWare_C_Series-2.1.1.71b/driverlib/ccs/Debug/driverlib.lib
       gpio.obj                     572     144       0      
       sysctl.obj                   128     0         0      
       pwm.obj                      110     0         0      
    +--+----------------------------+-------+---------+---------+
       Total:                       810     144       0      
                                                             
    /Users/Julio/ti/tirtos_tivac_2_16_00_08/products/bios_6_45_01_29/packages/ti/catalog/arm/cortexm4/tiva/ce/lib/Boot.aem4f
       Boot_sysctl.oem4f            262     0         0      
       Boot.oem4f                   152     0         0      
    +--+----------------------------+-------+---------+---------+
       Total:                       414     0         0      
                                                             
    /Users/Julio/ti/tirtos_tivac_2_16_00_08/products/bios_6_45_01_29/packages/ti/targets/arm/rtsarm/lib/auto_init.aem4f
       auto_init.oem4f              160     0         0      
    +--+----------------------------+-------+---------+---------+
       Total:                       160     0         0      
                                                             
    /Users/Julio/ti/tirtos_tivac_2_16_00_08/products/bios_6_45_01_29/packages/ti/targets/arm/rtsarm/lib/boot.aem4f
       boot.oem4f                   88      0         0      
    +--+----------------------------+-------+---------+---------+
       Total:                       88      0         0      
                                                             
    /Users/Julio/ti/tirtos_tivac_2_16_00_08/products/bios_6_45_01_29/packages/ti/targets/arm/rtsarm/lib/ti.targets.arm.rtsarm.aem4f
       System.oem4f                 1255    0         0      
       Text.oem4f                   672     0         0      
       Error.oem4f                  524     0         0      
       Core-mem.oem4f               358     0         0      
       Startup.oem4f                328     0         0      
       SysMin.oem4f                 248     0         0      
       Core-smem.oem4f              204     0         0      
       Memory.oem4f                 176     0         0      
       Assert.oem4f                 84      0         0      
       Core-params.oem4f            70      0         0      
       Core-label.oem4f             52      0         0      
       Registry.oem4f               32      0         0      
       Gate.oem4f                   28      0         0      
    +--+----------------------------+-------+---------+---------+
       Total:                       4031    0         0      
                                                             
    /Users/Julio/ti/tirtos_tivac_2_16_00_08/products/tidrivers_tivac_2_16_00_08/packages/ti/drivers/lib/drivers_tivaware.aem4f
       GPIOTiva.oem4f               844     156       153    
    +--+----------------------------+-------+---------+---------+
       Total:                       844     156       153    
                                                             
       Stack:                       0       0         768    
       Linker Generated:            0       533       0      
    +--+----------------------------+-------+---------+---------+
       Grand Total:                 20527   8602      6213   


LINKER GENERATED COPY TABLES

__TI_cinit_table @ 00007268 records: 3, size/record: 8, table size: 24
	.data: load addr=00007068, load size=000001e1 bytes, run addr=200010fc, run size=0000044a bytes, compression=lzss
	.bss: load addr=00007258, load size=00000008 bytes, run addr=20000360, run size=00000d9c bytes, compression=zero_init
	.vecs: load addr=00007260, load size=00000008 bytes, run addr=20000000, run size=00000360 bytes, compression=zero_init


LINKER GENERATED HANDLER TABLE

__TI_handler_table @ 0000724c records: 3, size/record: 4, table size: 12
	index: 0, handler: __TI_decompress_lzss
	index: 1, handler: __TI_decompress_none
	index: 2, handler: __TI_zero_init


GLOBAL SYMBOLS: SORTED ALPHABETICALLY BY Name 

address   name                                                              
-------   ----                                                              
000007bd  C$$EXIT                                                           
0000418b  C$$IO$$                                                           
00004425  EK_TM4C123GXL_initGPIO                                            
00003f69  EK_TM4C123GXL_initGeneral                                         
00004719  GPIODirModeSet                                                    
0000492b  GPIOIntClear                                                      
00004f81  GPIOIntStatus                                                     
00003891  GPIOIntTypeSet                                                    
000019f5  GPIOPadConfigSet                                                  
00003c5d  GPIOPinConfigure                                                  
00004e73  GPIOPinRead                                                       
00004e3d  GPIOPinTypeGPIOInput                                              
00004e4f  GPIOPinTypePWM                                                    
000050b1  GPIOPinWrite                                                      
00006e64  GPIOTiva_config                                                   
000033bd  GPIO_hwiIntFxn                                                    
00002dbd  GPIO_init                                                         
0000393d  GPIO_setCallback                                                  
0000161d  GPIO_setConfig                                                    
0000398d  GPIO_toggle                                                       
000039dd  GPIO_write                                                        
00003789  HOSTwrite                                                         
00004909  PWMGenConfigure                                                   
00004fcd  PWMGenEnable                                                      
00004e9d  PWMGenPeriodSet                                                   
00004e61  PWMOutputState                                                    
00004a99  PWMPulseWidthSet                                                  
UNDEFED   SHT$$INIT_ARRAY$$Base                                             
UNDEFED   SHT$$INIT_ARRAY$$Limit                                            
00004dc5  SysCtlPWMClockSet                                                 
00004279  SysCtlPeripheralEnable                                            
00004125  SysCtlPeripheralReady                                             
00000000  __ASM__                                                           
20000ec0  __CIOBUF_                                                         
00000058  __ISA__                                                           
0000006b  __PLAT__                                                          
20001848  __STACK_END                                                       
00000300  __STACK_SIZE                                                      
0000008c  __TARG__                                                          
00007268  __TI_CINIT_Base                                                   
00007280  __TI_CINIT_Limit                                                  
0000724c  __TI_Handler_Table_Base                                           
00007258  __TI_Handler_Table_Limit                                          
00002849  __TI_auto_init                                                    
000032ed  __TI_decompress_lzss                                              
00004f8f  __TI_decompress_none                                              
ffffffff  __TI_pprof_out_hndl                                               
ffffffff  __TI_prof_data_size                                               
ffffffff  __TI_prof_data_start                                              
000042ad  __TI_readmsg                                                      
00007068  __TI_static_base__                                                
0000415d  __TI_writemsg                                                     
00004ff1  __TI_zero_init                                                    
000000b2  __TRDR__                                                          
00002ed5  __aeabi_idiv0                                                     
00002ed5  __aeabi_ldiv0                                                     
00002fdd  __aeabi_memclr                                                    
00002fdd  __aeabi_memclr4                                                   
00002fdd  __aeabi_memclr8                                                   
00002989  __aeabi_memcpy                                                    
00002989  __aeabi_memcpy4                                                   
00002989  __aeabi_memcpy8                                                   
00002fdf  __aeabi_memset                                                    
00002fdf  __aeabi_memset4                                                   
00002fdf  __aeabi_memset8                                                   
00003fa9  __aeabi_uidiv                                                     
00003fa9  __aeabi_uidivmod                                                  
ffffffff  __binit__                                                         
ffffffff  __c_args__                                                        
20001548  __stack                                                           
00004ca5  _args_main                                                        
000037e1  _c_int00                                                          
200014c4  _lock                                                             
00002b5f  _nop                                                              
00004fd9  _register_lock                                                    
00004fe5  _register_unlock                                                  
200014c8  _unlock                                                           
000007bd  abort                                                             
ffffffff  binit                                                             
00003b21  copy_in                                                           
200014cc  gpioCallbackFunctions                                             
20001498  gpioPinConfigs                                                    
00004d99  heartBeat_TASK                                                    
00004029  main                                                              
2000152c  main_func_sp                                                      
00002989  memcpy                                                            
00002fe5  memset                                                            
00004f21  osi_TaskDisable                                                   
00004ec1  osi_start                                                         
200010f0  parmbuf                                                           
00002f5d  pwmInit                                                           
00004dd9  strlen                                                            
00006ebc  ti_catalog_arm_cortexm4_tiva_ce_Boot_A_mustUseEnhancedClockMode__C
00006ec0  ti_catalog_arm_cortexm4_tiva_ce_Boot_Module__diagsEnabled__C      
00006ec4  ti_catalog_arm_cortexm4_tiva_ce_Boot_Module__diagsIncluded__C     
00006ec8  ti_catalog_arm_cortexm4_tiva_ce_Boot_Module__diagsMask__C         
00007044  ti_catalog_arm_cortexm4_tiva_ce_Boot_Module__id__C                
00004fc1  ti_catalog_arm_cortexm4_tiva_ce_Boot_init__I                      
00001d61  ti_catalog_arm_cortexm4_tiva_ce_Boot_sysCtlClockSetI__I           
00002b61  ti_catalog_arm_cortexm4_tiva_ce_Boot_sysCtlClockSet__E            
000050b7  ti_catalog_arm_cortexm4_tiva_ce_Boot_sysCtlDelayI__I              
20001410  ti_sysbios_BIOS_Module__state__V                                  
00004c09  ti_sysbios_BIOS_RtsGateProxy_Handle__label__S                     
00004875  ti_sysbios_BIOS_RtsGateProxy_Object__delete__S                    
00000cfd  ti_sysbios_BIOS_RtsGateProxy_enter__E                             
0000114d  ti_sysbios_BIOS_RtsGateProxy_leave__E                             
00005101  ti_sysbios_BIOS_RtsGateProxy_query__E                             
00004455  ti_sysbios_BIOS_atExitFunc__I                                     
000047e5  ti_sysbios_BIOS_errorRaiseHook__I                                 
00004daf  ti_sysbios_BIOS_exitFunc__I                                       
00002ed7  ti_sysbios_BIOS_nullFunc__I                                       
00004809  ti_sysbios_BIOS_registerRTSLock__I                                
0000482d  ti_sysbios_BIOS_removeRTSLock__I                                  
00004975  ti_sysbios_BIOS_rtsLock__I                                        
00004cbd  ti_sysbios_BIOS_rtsUnlock__I                                      
00004eb1  ti_sysbios_BIOS_setThreadType__E                                  
00004851  ti_sysbios_BIOS_startFunc__I                                      
00004ec1  ti_sysbios_BIOS_start__E                                          
20001384  ti_sysbios_family_arm_lm4_Timer_Module_State_0_device__A          
20001450  ti_sysbios_family_arm_lm4_Timer_Module_State_0_handles__A         
00004cd5  ti_sysbios_family_arm_lm4_Timer_Module__startupDone__F            
00004cd5  ti_sysbios_family_arm_lm4_Timer_Module__startupDone__S            
200014ac  ti_sysbios_family_arm_lm4_Timer_Module__state__V                  
00003421  ti_sysbios_family_arm_lm4_Timer_Module_startup__E                 
200012d8  ti_sysbios_family_arm_lm4_Timer_Object__table__V                  
00006ecc  ti_sysbios_family_arm_lm4_Timer_enableFunc__C                     
000027a1  ti_sysbios_family_arm_lm4_Timer_enableTimers__I                   
000026f1  ti_sysbios_family_arm_lm4_Timer_enableTiva__I                     
00005001  ti_sysbios_family_arm_lm4_Timer_getMaxTicks__E                    
00003dc9  ti_sysbios_family_arm_lm4_Timer_isrStub__E                        
00005095  ti_sysbios_family_arm_lm4_Timer_masterDisable__I                  
000014b5  ti_sysbios_family_arm_lm4_Timer_masterEnable__I                   
00006ed0  ti_sysbios_family_arm_lm4_Timer_numTimerDevices__C                
00001b29  ti_sysbios_family_arm_lm4_Timer_start__E                          
00006ed4  ti_sysbios_family_arm_lm4_Timer_startupNeeded__C                  
00003fe9  ti_sysbios_family_arm_lm4_Timer_startup__E                        
00004489  ti_sysbios_family_arm_lm4_Timer_stop__E                           
00004931  ti_sysbios_family_arm_lm4_Timer_write__I                          
00006ed8  ti_sysbios_family_arm_m3_Hwi_E_NMI__C                             
00006edc  ti_sysbios_family_arm_m3_Hwi_E_alreadyDefined__C                  
00006ee0  ti_sysbios_family_arm_m3_Hwi_E_busFault__C                        
00006ee4  ti_sysbios_family_arm_m3_Hwi_E_debugMon__C                        
00006ee8  ti_sysbios_family_arm_m3_Hwi_E_hardFault__C                       
00006eec  ti_sysbios_family_arm_m3_Hwi_E_memFault__C                        
00006ef0  ti_sysbios_family_arm_m3_Hwi_E_noIsr__C                           
00006ef4  ti_sysbios_family_arm_m3_Hwi_E_reserved__C                        
00006ef8  ti_sysbios_family_arm_m3_Hwi_E_svCall__C                          
00006efc  ti_sysbios_family_arm_m3_Hwi_E_usageFault__C                      
00004bd5  ti_sysbios_family_arm_m3_Hwi_Handle__label__S                     
000042e1  ti_sysbios_family_arm_m3_Hwi_Instance_finalize__E                 
00002bf9  ti_sysbios_family_arm_m3_Hwi_Instance_init__E                     
2000152a  ti_sysbios_family_arm_m3_Hwi_Module_State_0_excActive__A          
20001530  ti_sysbios_family_arm_m3_Hwi_Module_State_0_excContext__A         
20001534  ti_sysbios_family_arm_m3_Hwi_Module_State_0_excStack__A           
00007046  ti_sysbios_family_arm_m3_Hwi_Module__id__C                        
200014d4  ti_sysbios_family_arm_m3_Hwi_Module__root__V                      
00004ced  ti_sysbios_family_arm_m3_Hwi_Module__startupDone__F               
00004ced  ti_sysbios_family_arm_m3_Hwi_Module__startupDone__S               
20001350  ti_sysbios_family_arm_m3_Hwi_Module__state__V                     
00003a31  ti_sysbios_family_arm_m3_Hwi_Module_startup__E                    
00006f00  ti_sysbios_family_arm_m3_Hwi_NUM_INTERRUPTS__C                    
00006d3c  ti_sysbios_family_arm_m3_Hwi_Object__DESC__C                      
00006c54  ti_sysbios_family_arm_m3_Hwi_Object__PARAMS__C                    
00006f04  ti_sysbios_family_arm_m3_Hwi_Object__count__C                     
00004ded  ti_sysbios_family_arm_m3_Hwi_Object__get__S                       
20001468  ti_sysbios_family_arm_m3_Hwi_Object__table__V                     
0000500d  ti_sysbios_family_arm_m3_Hwi_Params__init__S                      
00006f08  ti_sysbios_family_arm_m3_Hwi_ccr__C                               
00003485  ti_sysbios_family_arm_m3_Hwi_create                               
00005019  ti_sysbios_family_arm_m3_Hwi_disableFxn__E                        
00003ca9  ti_sysbios_family_arm_m3_Hwi_disableInterrupt__E                  
000034e9  ti_sysbios_family_arm_m3_Hwi_dispatchC__I                         
20000b60  ti_sysbios_family_arm_m3_Hwi_dispatchTable                        
00002151  ti_sysbios_family_arm_m3_Hwi_dispatch__I                          
000050a1  ti_sysbios_family_arm_m3_Hwi_doSwiRestore__I                      
000050c1  ti_sysbios_family_arm_m3_Hwi_doTaskRestore__I                     
00003cf1  ti_sysbios_family_arm_m3_Hwi_enableInterrupt__E                   
00001341  ti_sysbios_family_arm_m3_Hwi_excBusFault__I                       
00002401  ti_sysbios_family_arm_m3_Hwi_excDebugMon__I                       
00000041  ti_sysbios_family_arm_m3_Hwi_excDumpRegs__I                       
00004995  ti_sysbios_family_arm_m3_Hwi_excHandlerAsm__I                     
00006f0c  ti_sysbios_family_arm_m3_Hwi_excHandlerFunc__C                    
00000f51  ti_sysbios_family_arm_m3_Hwi_excHandlerMax__I                     
000049b9  ti_sysbios_family_arm_m3_Hwi_excHandler__I                        
000024c1  ti_sysbios_family_arm_m3_Hwi_excHardFault__I                      
00006e9c  ti_sysbios_family_arm_m3_Hwi_excHookFuncs__A                      
00006f10  ti_sysbios_family_arm_m3_Hwi_excHookFuncs__C                      
00001771  ti_sysbios_family_arm_m3_Hwi_excMemFault__I                       
00004319  ti_sysbios_family_arm_m3_Hwi_excNmi__I                            
00004199  ti_sysbios_family_arm_m3_Hwi_excNoIsr__I                          
00003d39  ti_sysbios_family_arm_m3_Hwi_excReserved__I                       
00004069  ti_sysbios_family_arm_m3_Hwi_excSvCall__I                         
000014b9  ti_sysbios_family_arm_m3_Hwi_excUsageFault__I                     
[...]
00004f21  osi_TaskDisable                                                   
00004f21  ti_sysbios_knl_Task_disable__E                                    
00004f31  xdc_runtime_Gate_leaveSystem__E                                   
00004f41  xdc_runtime_Memory_free__E                                        
00004f51  xdc_runtime_SysMin_ready__E                                       
00004f51  xdc_runtime_System_SupportProxy_ready__E                          
00004f61  xdc_runtime_System_vsnprintf__E                                   
00004f71  xdc_runtime_Text_visitRope__I                                     
00004f81  GPIOIntStatus                                                     
00004f8f  __TI_decompress_none                                              
00004fa1  ti_sysbios_knl_Idle_loop__E                                       
00004fb1  ti_sysbios_knl_Queue_empty__E                                     
00004fc1  ti_catalog_arm_cortexm4_tiva_ce_Boot_init__I                      
00004fcd  PWMGenEnable                                                      
00004fd9  _register_lock                                                    
00004fe5  _register_unlock                                                  
00004ff1  __TI_zero_init                                                    
00005001  ti_sysbios_family_arm_lm4_Timer_getMaxTicks__E                    
0000500d  ti_sysbios_family_arm_m3_Hwi_Params__init__S                      
0000500d  ti_sysbios_hal_Hwi_HwiProxy_Params__init__S                       
00005019  ti_sysbios_family_arm_m3_Hwi_disableFxn__E                        
00005019  ti_sysbios_hal_Hwi_HwiProxy_disable__E                            
00005029  ti_sysbios_family_arm_m3_TaskSupport_checkStack__E                
00005029  ti_sysbios_knl_Task_SupportProxy_checkStack__E                    
00005039  ti_sysbios_gates_GateHwi_enter__E                                 
00005045  ti_sysbios_knl_Queue_Object__get__S                               
00005051  xdc_runtime_Error_init__E                                         
0000505d  xdc_runtime_Gate_enterSystem__E                                   
00005069  xdc_runtime_Memory_calloc__E                                      
00005075  xdc_runtime_Memory_getMaxDefaultTypeAlign__E                      
00005081  xdc_runtime_Memory_HeapProxy_alloc__E                             
0000508b  xdc_runtime_Memory_HeapProxy_free__E                              
00005095  ti_sysbios_family_arm_lm4_Timer_masterDisable__I                  
000050a1  ti_sysbios_family_arm_m3_Hwi_doSwiRestore__I                      
000050a9  ti_sysbios_family_arm_m3_Hwi_startup__E                           
000050a9  ti_sysbios_hal_Hwi_HwiProxy_startup__E                            
000050a9  ti_sysbios_hal_Hwi_startup__E                                     
000050b1  GPIOPinWrite                                                      
000050b7  ti_catalog_arm_cortexm4_tiva_ce_Boot_sysCtlDelayI__I              
000050c1  ti_sysbios_family_arm_m3_Hwi_doTaskRestore__I                     
000050c9  ti_sysbios_family_arm_m3_Hwi_restoreFxn__E                        
000050c9  ti_sysbios_hal_Hwi_HwiProxy_restore__E                            
000050d1  ti_sysbios_gates_GateHwi_leave__E                                 
000050d9  ti_sysbios_heaps_HeapMem_isBlocking__E                            
000050e1  ti_sysbios_knl_Queue_Instance_init__E                             
000050e9  ti_sysbios_knl_Swi_startup__E                                     
000050ef  xdc_runtime_System_Module_startup__E                              
000050f9  ti_sysbios_gates_GateHwi_query__E                                 
000050f9  xdc_runtime_Main_Module_GateProxy_query__E                        
000050f9  xdc_runtime_System_Module_GateProxy_query__E                      
00005101  ti_sysbios_BIOS_RtsGateProxy_query__E                             
00005101  ti_sysbios_gates_GateMutex_query__E                               
00005101  ti_sysbios_heaps_HeapMem_Module_GateProxy_query__E                
00005109  ti_sysbios_knl_Task_startup__E                                    
00005111  ti_sysbios_gates_GateHwi_Instance_init__E                         
00005119  ti_sysbios_knl_Clock_logTick__E                                   
0000511c  xdc_runtime_Text_charTab__A                                       
00006a20  xdc_runtime_Text_nodeTab__A                                       
00006c54  ti_sysbios_family_arm_m3_Hwi_Object__PARAMS__C                    
00006c84  ti_sysbios_heaps_HeapMem_Module__FXNS__C                          
00006cac  ti_sysbios_gates_GateHwi_Module__FXNS__C                          
00006cd0  ti_sysbios_gates_GateMutex_Module__FXNS__C                        
00006cf4  ti_sysbios_heaps_HeapMem_Object__PARAMS__C                        
00006d18  ti_sysbios_knl_Semaphore_Object__PARAMS__C                        
00006d3c  ti_sysbios_family_arm_m3_Hwi_Object__DESC__C                      
00006d5c  ti_sysbios_gates_GateHwi_Object__DESC__C                          
00006d7c  ti_sysbios_gates_GateMutex_Object__DESC__C                        
00006d9c  ti_sysbios_heaps_HeapMem_Object__DESC__C                          
00006dbc  ti_sysbios_knl_Queue_Object__DESC__C                              
00006ddc  ti_sysbios_knl_Semaphore_Object__DESC__C                          
00006dfc  xdc_runtime_Startup_sfxnTab__A                                    
00006e1c  ti_sysbios_gates_GateHwi_Object__PARAMS__C                        
00006e34  ti_sysbios_gates_GateMutex_Object__PARAMS__C                      
00006e4c  ti_sysbios_knl_Queue_Object__PARAMS__C                            
00006e64  GPIOTiva_config                                                   
00006e78  xdc_runtime_Startup_firstFxns__A                                  
00006e8c  xdc_runtime_Startup_sfxnRts__A                                    
00006e9c  ti_sysbios_family_arm_m3_Hwi_excHookFuncs__A                      
00006ea4  ti_sysbios_knl_Idle_funcList__C                                   
00006eac  xdc_runtime_Startup_firstFxns__C                                  
00006eb4  xdc_runtime_Startup_lastFxns__C                                   
00006ebc  ti_catalog_arm_cortexm4_tiva_ce_Boot_A_mustUseEnhancedClockMode__C
00006ec0  ti_catalog_arm_cortexm4_tiva_ce_Boot_Module__diagsEnabled__C      
00006ec4  ti_catalog_arm_cortexm4_tiva_ce_Boot_Module__diagsIncluded__C     
00006ec8  ti_catalog_arm_cortexm4_tiva_ce_Boot_Module__diagsMask__C         
00006ecc  ti_sysbios_family_arm_lm4_Timer_enableFunc__C                     
00006ed0  ti_sysbios_family_arm_lm4_Timer_numTimerDevices__C                
00006ed4  ti_sysbios_family_arm_lm4_Timer_startupNeeded__C                  
00006ed8  ti_sysbios_family_arm_m3_Hwi_E_NMI__C                             
00006edc  ti_sysbios_family_arm_m3_Hwi_E_alreadyDefined__C                  
00006ee0  ti_sysbios_family_arm_m3_Hwi_E_busFault__C                        
00006ee4  ti_sysbios_family_arm_m3_Hwi_E_debugMon__C                        
00006ee8  ti_sysbios_family_arm_m3_Hwi_E_hardFault__C                       
00006eec  ti_sysbios_family_arm_m3_Hwi_E_memFault__C                        
00006ef0  ti_sysbios_family_arm_m3_Hwi_E_noIsr__C                           
00006ef4  ti_sysbios_family_arm_m3_Hwi_E_reserved__C                        
00006ef8  ti_sysbios_family_arm_m3_Hwi_E_svCall__C                          
00006efc  ti_sysbios_family_arm_m3_Hwi_E_usageFault__C                      
00006f00  ti_sysbios_family_arm_m3_Hwi_NUM_INTERRUPTS__C                    
00006f04  ti_sysbios_family_arm_m3_Hwi_Object__count__C                     
00006f08  ti_sysbios_family_arm_m3_Hwi_ccr__C                               
00006f0c  ti_sysbios_family_arm_m3_Hwi_excHandlerFunc__C                    
00006f10  ti_sysbios_family_arm_m3_Hwi_excHookFuncs__C                      
00006f14  ti_sysbios_family_arm_m3_Hwi_nullIsrFunc__C                       
00006f18  ti_sysbios_family_arm_m3_Hwi_priGroup__C                          
00006f1c  ti_sysbios_gates_GateMutex_A_badContext__C                        
00006f20  ti_sysbios_gates_GateMutex_Instance_State_sem__O                  
00006f24  ti_sysbios_gates_GateMutex_Module__diagsEnabled__C                
00006f28  ti_sysbios_gates_GateMutex_Module__diagsIncluded__C               
00006f2c  ti_sysbios_gates_GateMutex_Module__diagsMask__C                   
00006f30  ti_sysbios_hal_Hwi_E_stackOverflow__C                             
00006f34  ti_sysbios_heaps_HeapMem_A_align__C                               
00006f38  ti_sysbios_heaps_HeapMem_A_heapSize__C                            
00006f3c  ti_sysbios_heaps_HeapMem_A_invalidFree__C                         
00006f40  ti_sysbios_heaps_HeapMem_A_zeroBlock__C                           
00006f44  ti_sysbios_heaps_HeapMem_E_memory__C                              
00006f48  ti_sysbios_heaps_HeapMem_Module__diagsEnabled__C                  
00006f4c  ti_sysbios_heaps_HeapMem_Module__diagsIncluded__C                 
00006f50  ti_sysbios_heaps_HeapMem_Module__diagsMask__C                     
00006f54  ti_sysbios_heaps_HeapMem_Module__gateObj__C                       
00006f58  ti_sysbios_heaps_HeapMem_Object__count__C                         
00006f5c  ti_sysbios_heaps_HeapMem_reqAlign__C                              
00006f60  ti_sysbios_knl_Clock_Module_State_clockQ__O                       
00006f64  ti_sysbios_knl_Idle_funcList__A                                   
00006f68  ti_sysbios_knl_Semaphore_A_badContext__C                          
00006f6c  ti_sysbios_knl_Semaphore_A_noEvents__C                            
00006f70  ti_sysbios_knl_Semaphore_A_overflow__C                            
00006f74  ti_sysbios_knl_Semaphore_A_pendTaskDisabled__C                    
00006f78  ti_sysbios_knl_Semaphore_Instance_State_pendQ__O                  
00006f7c  ti_sysbios_knl_Semaphore_Module__diagsEnabled__C                  
00006f80  ti_sysbios_knl_Semaphore_Module__diagsIncluded__C                 
00006f84  ti_sysbios_knl_Semaphore_Module__diagsMask__C                     
00006f88  ti_sysbios_knl_Swi_Object__count__C                               
00006f8c  ti_sysbios_knl_Task_A_badTimeout__C                               
00006f90  ti_sysbios_knl_Task_A_sleepTaskDisabled__C                        
00006f94  ti_sysbios_knl_Task_E_spOutOfBounds__C                            
00006f98  ti_sysbios_knl_Task_E_stackOverflow__C                            
00006f9c  ti_sysbios_knl_Task_Module_State_inactiveQ__O                     
00006fa0  ti_sysbios_knl_Task_Module__diagsEnabled__C                       
00006fa4  ti_sysbios_knl_Task_Module__diagsIncluded__C                      
00006fa8  ti_sysbios_knl_Task_Module__diagsMask__C                          
00006fac  ti_sysbios_knl_Task_Object__count__C                              
00006fb0  ti_sysbios_knl_Task_allBlockedFunc__C                             
00006fb4  ti_sysbios_knl_Task_numConstructedTasks__C                        
00006fb8  xdc_runtime_Assert_E_assertFailed__C                              
00006fbc  xdc_runtime_Core_A_initializedParams__C                           
00006fc0  xdc_runtime_Core_Module__diagsEnabled__C                          
00006fc4  xdc_runtime_Core_Module__diagsIncluded__C                         
00006fc8  xdc_runtime_Core_Module__diagsMask__C                             
00006fcc  xdc_runtime_Error_E_memory__C                                     
00006fd0  xdc_runtime_Error_Module__diagsEnabled__C                         
00006fd4  xdc_runtime_Error_Module__diagsIncluded__C                        
00006fd8  xdc_runtime_Error_Module__diagsMask__C                            
00006fdc  xdc_runtime_Error_Module__loggerFxn8__C                           
00006fe0  xdc_runtime_Error_Module__loggerObj__C                            
00006fe4  xdc_runtime_Error_policyFxn__C                                    
00006fe8  xdc_runtime_Error_raiseHook__C                                    
00006fec  xdc_runtime_IGateProvider_Interface__BASE__C                      
00006ff0  xdc_runtime_IHeap_Interface__BASE__C                              
00006ff4  xdc_runtime_IModule_Interface__BASE__C                            
00006ff8  xdc_runtime_Log_L_error__C                                        
00006ffc  xdc_runtime_Memory_defaultHeapInstance__C                         
00007000  xdc_runtime_Startup_execImpl__C                                   
00007004  xdc_runtime_Startup_maxPasses__C                                  
00007008  xdc_runtime_Startup_sfxnRts__C                                    
0000700c  xdc_runtime_Startup_sfxnTab__C                                    
00007010  xdc_runtime_SysMin_bufSize__C                                     
00007014  xdc_runtime_SysMin_outputFunc__C                                  
00007018  xdc_runtime_System_Module__gateObj__C                             
0000701c  xdc_runtime_System_abortFxn__C                                    
00007020  xdc_runtime_System_exitFxn__C                                     
00007024  xdc_runtime_System_extendFxn__C                                   
00007028  xdc_runtime_System_maxAtexitHandlers__C                           
0000702c  xdc_runtime_Text_charTab__C                                       
00007030  xdc_runtime_Text_nameEmpty__C                                     
00007034  xdc_runtime_Text_nameStatic__C                                    
00007038  xdc_runtime_Text_nameUnknown__C                                   
0000703c  xdc_runtime_Text_nodeTab__C                                       
00007040  xdc_runtime_Text_visitRopeFxn__C                                  
00007044  ti_catalog_arm_cortexm4_tiva_ce_Boot_Module__id__C                
00007046  ti_sysbios_family_arm_m3_Hwi_Module__id__C                        
00007048  ti_sysbios_gates_GateMutex_Module__id__C                          
0000704a  ti_sysbios_hal_Hwi_Module__id__C                                  
0000704c  ti_sysbios_heaps_HeapMem_Module__id__C                            
0000704e  ti_sysbios_knl_Semaphore_Module__id__C                            
00007050  ti_sysbios_knl_Task_Module__id__C                                 
00007052  xdc_runtime_Core_Module__id__C                                    
00007054  xdc_runtime_Error_Module__loggerDefined__C                        
00007056  xdc_runtime_Error_maxDepth__C                                     
00007058  xdc_runtime_Memory_Module__id__C                                  
0000705a  xdc_runtime_SysMin_flushAtExit__C                                 
0000705c  xdc_runtime_Text_charCnt__C                                       
0000705e  xdc_runtime_Text_isLoaded__C                                      
00007060  xdc_runtime_Text_registryModsLastId__C                            
00007062  xdc_runtime_Text_unnamedModsLastId__C                             
00007064  xdc_runtime_Error_policy__C                                       
00007068  __TI_static_base__                                                
0000724c  __TI_Handler_Table_Base                                           
00007258  __TI_Handler_Table_Limit                                          
00007268  __TI_CINIT_Base                                                   
00007280  __TI_CINIT_Limit                                                  
20000000  ti_sysbios_family_arm_m3_Hwi_ramVectors                           
20000360  ti_sysbios_knl_Task_Instance_State_0_stack__A                     
20000560  ti_sysbios_knl_Task_Instance_State_1_stack__A                     
20000760  ti_sysbios_heaps_HeapMem_Instance_State_0_buf__A                  
20000b60  ti_sysbios_family_arm_m3_Hwi_dispatchTable                        
20000ec0  __CIOBUF_                                                         
20001070  xdc_runtime_SysMin_Module_State_0_outbuf__A                       
200010f0  parmbuf                                                           
200010fc  ti_sysbios_knl_Task_Object__table__V                              
20001194  ti_sysbios_knl_Swi_Module_State_0_readyQ__A                       
20001214  ti_sysbios_knl_Task_Module_State_0_readyQ__A                      
20001294  ti_sysbios_knl_Task_Module__state__V                              
200012d8  ti_sysbios_family_arm_lm4_Timer_Object__table__V                  
20001318  ti_sysbios_gates_GateMutex_Object__table__V                       
20001350  ti_sysbios_family_arm_m3_Hwi_Module__state__V                     
20001384  ti_sysbios_family_arm_lm4_Timer_Module_State_0_device__A          
200013b4  ti_sysbios_knl_Swi_Object__table__V                               
200013e4  ti_sysbios_knl_Clock_Module__state__V                             
20001410  ti_sysbios_BIOS_Module__state__V                                  
20001434  ti_sysbios_knl_Swi_Module__state__V                               
20001450  ti_sysbios_family_arm_lm4_Timer_Module_State_0_handles__A         
20001468  ti_sysbios_family_arm_m3_Hwi_Object__table__V                     
20001480  ti_sysbios_heaps_HeapMem_Object__table__V                         
20001498  gpioPinConfigs                                                    
200014ac  ti_sysbios_family_arm_lm4_Timer_Module__state__V                  
200014b8  xdc_runtime_SysMin_Module__state__V                               
200014c4  _lock                                                             
200014c8  _unlock                                                           
200014cc  gpioCallbackFunctions                                             
200014d4  ti_sysbios_family_arm_m3_Hwi_Module__root__V                      
200014dc  ti_sysbios_gates_GateHwi_Module__root__V                          
200014e4  ti_sysbios_gates_GateMutex_Module__root__V                        
200014ec  ti_sysbios_heaps_HeapMem_Module__root__V                          
200014f4  ti_sysbios_knl_Queue_Module__root__V                              
200014fc  ti_sysbios_knl_Semaphore_Module__root__V                          
20001504  xdc_runtime_Registry_Module__state__V                             
2000150c  xdc_runtime_Startup_Module__state__V                              
20001514  xdc_runtime_System_Module_State_0_atexitHandlers__A               
2000151c  xdc_runtime_System_Module__state__V                               
2000152a  ti_sysbios_family_arm_m3_Hwi_Module_State_0_excActive__A          
2000152c  main_func_sp                                                      
20001530  ti_sysbios_family_arm_m3_Hwi_Module_State_0_excContext__A         
20001534  ti_sysbios_family_arm_m3_Hwi_Module_State_0_excStack__A           
20001538  ti_sysbios_gates_GateHwi_Object__table__V                         
2000153c  ti_sysbios_knl_Task_Module_State_0_idleTask__A                    
20001540  xdc_runtime_Memory_Module__state__V                               
20001544  xdc_runtime_Error_Module__state__V                                
20001548  __stack                                                           
20001848  __STACK_END                                                       
e000e000  ti_sysbios_family_arm_m3_Hwi_nvic                                 
ffffffff  __TI_pprof_out_hndl                                               
ffffffff  __TI_prof_data_size                                               
ffffffff  __TI_prof_data_start                                              
ffffffff  __binit__                                                         
ffffffff  __c_args__                                                        
ffffffff  binit                                                             
UNDEFED   SHT$$INIT_ARRAY$$Base                                             
UNDEFED   SHT$$INIT_ARRAY$$Limit                                            

[536 symbols]
